[0.068s] DEBUG:colcon:Command line arguments: ['/usr/bin/colcon', 'build', '--packages-select', 'cspc_lidar', '--cmake-args', '-DCMAKE_EXPORT_COMPILE_COMMANDS=ON']
[0.068s] DEBUG:colcon:Parsed command line arguments: Namespace(log_base=None, log_level=None, verb_name='build', build_base='build', install_base='install', merge_install=False, symlink_install=False, test_result_base=None, continue_on_error=False, executor='parallel', parallel_workers=20, event_handlers=None, ignore_user_meta=False, metas=['./colcon.meta'], base_paths=['.'], packages_ignore=None, packages_ignore_regex=None, paths=None, packages_up_to=None, packages_up_to_regex=None, packages_above=None, packages_above_and_dependencies=None, packages_above_depth=None, packages_select_by_dep=None, packages_skip_by_dep=None, packages_skip_up_to=None, packages_select_build_failed=False, packages_skip_build_finished=False, packages_select_test_failures=False, packages_skip_test_passed=False, packages_select=['cspc_lidar'], packages_skip=None, packages_select_regex=None, packages_skip_regex=None, packages_start=None, packages_end=None, allow_overriding=[], cmake_args=['-DCMAKE_EXPORT_COMPILE_COMMANDS=ON'], cmake_target=None, cmake_target_skip_unavailable=False, cmake_clean_cache=False, cmake_clean_first=False, cmake_force_configure=False, ament_cmake_args=None, catkin_cmake_args=None, catkin_skip_building_tests=False, mixin_files=None, mixin=None, verb_parser=<colcon_mixin.mixin.mixin_argument.MixinArgumentDecorator object at 0x71b9e5294190>, verb_extension=<colcon_core.verb.build.BuildVerb object at 0x71b9e525bb80>, main=<bound method BuildVerb.main of <colcon_core.verb.build.BuildVerb object at 0x71b9e525bb80>>, mixin_verb=('build',))
[0.173s] Level 1:colcon.colcon_core.package_discovery:discover_packages(colcon_meta) check parameters
[0.173s] Level 1:colcon.colcon_core.package_discovery:discover_packages(recursive) check parameters
[0.173s] Level 1:colcon.colcon_core.package_discovery:discover_packages(ignore) check parameters
[0.173s] Level 1:colcon.colcon_core.package_discovery:discover_packages(path) check parameters
[0.173s] Level 1:colcon.colcon_core.package_discovery:discover_packages(colcon_meta) discover
[0.173s] Level 1:colcon.colcon_core.package_discovery:discover_packages(recursive) discover
[0.174s] INFO:colcon.colcon_core.package_discovery:Crawling recursively for packages in '/home/meng/mDetectRobot/turtlebot3_ws'
[0.174s] Level 1:colcon.colcon_core.package_identification:_identify(.) by extensions ['ignore', 'ignore_ament_install']
[0.174s] Level 1:colcon.colcon_core.package_identification:_identify(.) by extension 'ignore'
[0.174s] Level 1:colcon.colcon_core.package_identification:_identify(.) by extension 'ignore_ament_install'
[0.174s] Level 1:colcon.colcon_core.package_identification:_identify(.) by extensions ['colcon_pkg']
[0.174s] Level 1:colcon.colcon_core.package_identification:_identify(.) by extension 'colcon_pkg'
[0.174s] Level 1:colcon.colcon_core.package_identification:_identify(.) by extensions ['colcon_meta']
[0.174s] Level 1:colcon.colcon_core.package_identification:_identify(.) by extension 'colcon_meta'
[0.174s] Level 1:colcon.colcon_core.package_identification:_identify(.) by extensions ['ros']
[0.174s] Level 1:colcon.colcon_core.package_identification:_identify(.) by extension 'ros'
[0.186s] Level 1:colcon.colcon_core.package_identification:_identify(.) by extensions ['cmake', 'python']
[0.187s] Level 1:colcon.colcon_core.package_identification:_identify(.) by extension 'cmake'
[0.187s] Level 1:colcon.colcon_core.package_identification:_identify(.) by extension 'python'
[0.187s] Level 1:colcon.colcon_core.package_identification:_identify(.) by extensions ['python_setup_py']
[0.187s] Level 1:colcon.colcon_core.package_identification:_identify(.) by extension 'python_setup_py'
[0.187s] Level 1:colcon.colcon_core.package_identification:_identify(build) by extensions ['ignore', 'ignore_ament_install']
[0.187s] Level 1:colcon.colcon_core.package_identification:_identify(build) by extension 'ignore'
[0.187s] Level 1:colcon.colcon_core.package_identification:_identify(build) ignored
[0.187s] Level 1:colcon.colcon_core.package_identification:_identify(install) by extensions ['ignore', 'ignore_ament_install']
[0.187s] Level 1:colcon.colcon_core.package_identification:_identify(install) by extension 'ignore'
[0.187s] Level 1:colcon.colcon_core.package_identification:_identify(install) ignored
[0.187s] Level 1:colcon.colcon_core.package_identification:_identify(log) by extensions ['ignore', 'ignore_ament_install']
[0.187s] Level 1:colcon.colcon_core.package_identification:_identify(log) by extension 'ignore'
[0.187s] Level 1:colcon.colcon_core.package_identification:_identify(log) ignored
[0.187s] Level 1:colcon.colcon_core.package_identification:_identify(src) by extensions ['ignore', 'ignore_ament_install']
[0.187s] Level 1:colcon.colcon_core.package_identification:_identify(src) by extension 'ignore'
[0.187s] Level 1:colcon.colcon_core.package_identification:_identify(src) by extension 'ignore_ament_install'
[0.187s] Level 1:colcon.colcon_core.package_identification:_identify(src) by extensions ['colcon_pkg']
[0.187s] Level 1:colcon.colcon_core.package_identification:_identify(src) by extension 'colcon_pkg'
[0.187s] Level 1:colcon.colcon_core.package_identification:_identify(src) by extensions ['colcon_meta']
[0.187s] Level 1:colcon.colcon_core.package_identification:_identify(src) by extension 'colcon_meta'
[0.187s] Level 1:colcon.colcon_core.package_identification:_identify(src) by extensions ['ros']
[0.187s] Level 1:colcon.colcon_core.package_identification:_identify(src) by extension 'ros'
[0.187s] Level 1:colcon.colcon_core.package_identification:_identify(src) by extensions ['cmake', 'python']
[0.187s] Level 1:colcon.colcon_core.package_identification:_identify(src) by extension 'cmake'
[0.187s] Level 1:colcon.colcon_core.package_identification:_identify(src) by extension 'python'
[0.187s] Level 1:colcon.colcon_core.package_identification:_identify(src) by extensions ['python_setup_py']
[0.187s] Level 1:colcon.colcon_core.package_identification:_identify(src) by extension 'python_setup_py'
[0.187s] Level 1:colcon.colcon_core.package_identification:_identify(src/arduino_bridge) by extensions ['ignore', 'ignore_ament_install']
[0.187s] Level 1:colcon.colcon_core.package_identification:_identify(src/arduino_bridge) by extension 'ignore'
[0.187s] Level 1:colcon.colcon_core.package_identification:_identify(src/arduino_bridge) by extension 'ignore_ament_install'
[0.188s] Level 1:colcon.colcon_core.package_identification:_identify(src/arduino_bridge) by extensions ['colcon_pkg']
[0.188s] Level 1:colcon.colcon_core.package_identification:_identify(src/arduino_bridge) by extension 'colcon_pkg'
[0.188s] Level 1:colcon.colcon_core.package_identification:_identify(src/arduino_bridge) by extensions ['colcon_meta']
[0.188s] Level 1:colcon.colcon_core.package_identification:_identify(src/arduino_bridge) by extension 'colcon_meta'
[0.188s] Level 1:colcon.colcon_core.package_identification:_identify(src/arduino_bridge) by extensions ['ros']
[0.188s] Level 1:colcon.colcon_core.package_identification:_identify(src/arduino_bridge) by extension 'ros'
[0.189s] DEBUG:colcon.colcon_core.package_identification:Package 'src/arduino_bridge' with type 'ros.ament_python' and name 'arduino_bridge'
[0.189s] Level 1:colcon.colcon_core.package_identification:_identify(src/cspc_lidar) by extensions ['ignore', 'ignore_ament_install']
[0.189s] Level 1:colcon.colcon_core.package_identification:_identify(src/cspc_lidar) by extension 'ignore'
[0.189s] Level 1:colcon.colcon_core.package_identification:_identify(src/cspc_lidar) by extension 'ignore_ament_install'
[0.190s] Level 1:colcon.colcon_core.package_identification:_identify(src/cspc_lidar) by extensions ['colcon_pkg']
[0.190s] Level 1:colcon.colcon_core.package_identification:_identify(src/cspc_lidar) by extension 'colcon_pkg'
[0.190s] Level 1:colcon.colcon_core.package_identification:_identify(src/cspc_lidar) by extensions ['colcon_meta']
[0.190s] Level 1:colcon.colcon_core.package_identification:_identify(src/cspc_lidar) by extension 'colcon_meta'
[0.190s] Level 1:colcon.colcon_core.package_identification:_identify(src/cspc_lidar) by extensions ['ros']
[0.190s] Level 1:colcon.colcon_core.package_identification:_identify(src/cspc_lidar) by extension 'ros'
[0.190s] DEBUG:colcon.colcon_core.package_identification:Package 'src/cspc_lidar' with type 'ros.ament_cmake' and name 'cspc_lidar'
[0.190s] Level 1:colcon.colcon_core.package_identification:_identify(src/turtlebot3) by extensions ['ignore', 'ignore_ament_install']
[0.190s] Level 1:colcon.colcon_core.package_identification:_identify(src/turtlebot3) by extension 'ignore'
[0.190s] Level 1:colcon.colcon_core.package_identification:_identify(src/turtlebot3) by extension 'ignore_ament_install'
[0.190s] Level 1:colcon.colcon_core.package_identification:_identify(src/turtlebot3) by extensions ['colcon_pkg']
[0.190s] Level 1:colcon.colcon_core.package_identification:_identify(src/turtlebot3) by extension 'colcon_pkg'
[0.190s] Level 1:colcon.colcon_core.package_identification:_identify(src/turtlebot3) by extensions ['colcon_meta']
[0.190s] Level 1:colcon.colcon_core.package_identification:_identify(src/turtlebot3) by extension 'colcon_meta'
[0.190s] Level 1:colcon.colcon_core.package_identification:_identify(src/turtlebot3) by extensions ['ros']
[0.190s] Level 1:colcon.colcon_core.package_identification:_identify(src/turtlebot3) by extension 'ros'
[0.190s] Level 1:colcon.colcon_core.package_identification:_identify(src/turtlebot3) by extensions ['cmake', 'python']
[0.190s] Level 1:colcon.colcon_core.package_identification:_identify(src/turtlebot3) by extension 'cmake'
[0.190s] Level 1:colcon.colcon_core.package_identification:_identify(src/turtlebot3) by extension 'python'
[0.190s] Level 1:colcon.colcon_core.package_identification:_identify(src/turtlebot3) by extensions ['python_setup_py']
[0.190s] Level 1:colcon.colcon_core.package_identification:_identify(src/turtlebot3) by extension 'python_setup_py'
[0.191s] Level 1:colcon.colcon_core.package_identification:_identify(src/turtlebot3_simulations) by extensions ['ignore', 'ignore_ament_install']
[0.191s] Level 1:colcon.colcon_core.package_identification:_identify(src/turtlebot3_simulations) by extension 'ignore'
[0.191s] Level 1:colcon.colcon_core.package_identification:_identify(src/turtlebot3_simulations) by extension 'ignore_ament_install'
[0.191s] Level 1:colcon.colcon_core.package_identification:_identify(src/turtlebot3_simulations) by extensions ['colcon_pkg']
[0.191s] Level 1:colcon.colcon_core.package_identification:_identify(src/turtlebot3_simulations) by extension 'colcon_pkg'
[0.191s] Level 1:colcon.colcon_core.package_identification:_identify(src/turtlebot3_simulations) by extensions ['colcon_meta']
[0.191s] Level 1:colcon.colcon_core.package_identification:_identify(src/turtlebot3_simulations) by extension 'colcon_meta'
[0.191s] Level 1:colcon.colcon_core.package_identification:_identify(src/turtlebot3_simulations) by extensions ['ros']
[0.191s] Level 1:colcon.colcon_core.package_identification:_identify(src/turtlebot3_simulations) by extension 'ros'
[0.191s] Level 1:colcon.colcon_core.package_identification:_identify(src/turtlebot3_simulations) by extensions ['cmake', 'python']
[0.191s] Level 1:colcon.colcon_core.package_identification:_identify(src/turtlebot3_simulations) by extension 'cmake'
[0.191s] Level 1:colcon.colcon_core.package_identification:_identify(src/turtlebot3_simulations) by extension 'python'
[0.191s] Level 1:colcon.colcon_core.package_identification:_identify(src/turtlebot3_simulations) by extensions ['python_setup_py']
[0.191s] Level 1:colcon.colcon_core.package_identification:_identify(src/turtlebot3_simulations) by extension 'python_setup_py'
[0.191s] Level 1:colcon.colcon_core.package_discovery:discover_packages(recursive) using defaults
[0.191s] Level 1:colcon.colcon_core.package_discovery:discover_packages(ignore) discover
[0.191s] Level 1:colcon.colcon_core.package_discovery:discover_packages(ignore) using defaults
[0.191s] Level 1:colcon.colcon_core.package_discovery:discover_packages(path) discover
[0.191s] Level 1:colcon.colcon_core.package_discovery:discover_packages(path) using defaults
[0.204s] INFO:colcon.colcon_core.package_selection:Skipping not selected package 'arduino_bridge' in 'src/arduino_bridge'
[0.204s] Level 1:colcon.colcon_core.package_discovery:discover_packages(prefix_path) check parameters
[0.204s] Level 1:colcon.colcon_core.package_discovery:discover_packages(prefix_path) discover
[0.205s] DEBUG:colcon.colcon_installed_package_information.package_discovery:Found 2 installed packages in /home/meng/mdetect_ws/install
[0.205s] DEBUG:colcon.colcon_installed_package_information.package_discovery:Found 1 installed packages in /home/meng/ldlidar_ros2_ws/install
[0.206s] DEBUG:colcon.colcon_installed_package_information.package_discovery:Found 453 installed packages in /opt/ros/humble
[0.208s] Level 1:colcon.colcon_core.package_discovery:discover_packages(prefix_path) using defaults
[0.241s] Level 5:colcon.colcon_core.verb:set package 'cspc_lidar' build argument 'cmake_args' from command line to '['-DCMAKE_EXPORT_COMPILE_COMMANDS=ON']'
[0.241s] Level 5:colcon.colcon_core.verb:set package 'cspc_lidar' build argument 'cmake_target' from command line to 'None'
[0.241s] Level 5:colcon.colcon_core.verb:set package 'cspc_lidar' build argument 'cmake_target_skip_unavailable' from command line to 'False'
[0.241s] Level 5:colcon.colcon_core.verb:set package 'cspc_lidar' build argument 'cmake_clean_cache' from command line to 'False'
[0.241s] Level 5:colcon.colcon_core.verb:set package 'cspc_lidar' build argument 'cmake_clean_first' from command line to 'False'
[0.241s] Level 5:colcon.colcon_core.verb:set package 'cspc_lidar' build argument 'cmake_force_configure' from command line to 'False'
[0.241s] Level 5:colcon.colcon_core.verb:set package 'cspc_lidar' build argument 'ament_cmake_args' from command line to 'None'
[0.241s] Level 5:colcon.colcon_core.verb:set package 'cspc_lidar' build argument 'catkin_cmake_args' from command line to 'None'
[0.241s] Level 5:colcon.colcon_core.verb:set package 'cspc_lidar' build argument 'catkin_skip_building_tests' from command line to 'False'
[0.241s] DEBUG:colcon.colcon_core.verb:Building package 'cspc_lidar' with the following arguments: {'ament_cmake_args': None, 'build_base': '/home/meng/mDetectRobot/turtlebot3_ws/build/cspc_lidar', 'catkin_cmake_args': None, 'catkin_skip_building_tests': False, 'cmake_args': ['-DCMAKE_EXPORT_COMPILE_COMMANDS=ON'], 'cmake_clean_cache': False, 'cmake_clean_first': False, 'cmake_force_configure': False, 'cmake_target': None, 'cmake_target_skip_unavailable': False, 'install_base': '/home/meng/mDetectRobot/turtlebot3_ws/install/cspc_lidar', 'merge_install': False, 'path': '/home/meng/mDetectRobot/turtlebot3_ws/src/cspc_lidar', 'symlink_install': False, 'test_result_base': None}
[0.241s] INFO:colcon.colcon_core.executor:Executing jobs using 'parallel' executor
[0.242s] DEBUG:colcon.colcon_parallel_executor.executor.parallel:run_until_complete
[0.242s] INFO:colcon.colcon_ros.task.ament_cmake.build:Building ROS package in '/home/meng/mDetectRobot/turtlebot3_ws/src/cspc_lidar' with build type 'ament_cmake'
[0.242s] INFO:colcon.colcon_cmake.task.cmake.build:Building CMake package in '/home/meng/mDetectRobot/turtlebot3_ws/src/cspc_lidar'
[0.244s] INFO:colcon.colcon_core.plugin_system:Skipping extension 'colcon_core.shell.bat': Not used on non-Windows systems
[0.244s] INFO:colcon.colcon_core.shell:Skip shell extension 'powershell' for command environment: Not usable outside of PowerShell
[0.244s] DEBUG:colcon.colcon_core.shell:Skip shell extension 'dsv' for command environment
[0.251s] DEBUG:colcon.colcon_core.event_handler.log_command:Invoking command in '/home/meng/mDetectRobot/turtlebot3_ws/build/cspc_lidar': CMAKE_PREFIX_PATH=${CMAKE_PREFIX_PATH}:/home/meng/mdetect_ws/install/mdetect_navigation:/opt/ros/humble /usr/bin/cmake /home/meng/mDetectRobot/turtlebot3_ws/src/cspc_lidar -DCMAKE_EXPORT_COMPILE_COMMANDS=ON -DCMAKE_INSTALL_PREFIX=/home/meng/mDetectRobot/turtlebot3_ws/install/cspc_lidar
[1.464s] DEBUG:colcon.colcon_core.event_handler.log_command:Invoked command in '/home/meng/mDetectRobot/turtlebot3_ws/build/cspc_lidar' returned '0': CMAKE_PREFIX_PATH=${CMAKE_PREFIX_PATH}:/home/meng/mdetect_ws/install/mdetect_navigation:/opt/ros/humble /usr/bin/cmake /home/meng/mDetectRobot/turtlebot3_ws/src/cspc_lidar -DCMAKE_EXPORT_COMPILE_COMMANDS=ON -DCMAKE_INSTALL_PREFIX=/home/meng/mDetectRobot/turtlebot3_ws/install/cspc_lidar
[1.466s] DEBUG:colcon.colcon_core.event_handler.log_command:Invoking command in '/home/meng/mDetectRobot/turtlebot3_ws/build/cspc_lidar': CMAKE_PREFIX_PATH=${CMAKE_PREFIX_PATH}:/home/meng/mdetect_ws/install/mdetect_navigation:/opt/ros/humble /usr/bin/cmake --build /home/meng/mDetectRobot/turtlebot3_ws/build/cspc_lidar -- -j20 -l20
[10.067s] DEBUG:colcon.colcon_core.event_handler.log_command:Invoked command in '/home/meng/mDetectRobot/turtlebot3_ws/build/cspc_lidar' returned '0': CMAKE_PREFIX_PATH=${CMAKE_PREFIX_PATH}:/home/meng/mdetect_ws/install/mdetect_navigation:/opt/ros/humble /usr/bin/cmake --build /home/meng/mDetectRobot/turtlebot3_ws/build/cspc_lidar -- -j20 -l20
[10.075s] DEBUG:colcon.colcon_core.event_handler.log_command:Invoking command in '/home/meng/mDetectRobot/turtlebot3_ws/build/cspc_lidar': CMAKE_PREFIX_PATH=${CMAKE_PREFIX_PATH}:/home/meng/mdetect_ws/install/mdetect_navigation:/opt/ros/humble /usr/bin/cmake --install /home/meng/mDetectRobot/turtlebot3_ws/build/cspc_lidar
[10.095s] Level 1:colcon.colcon_core.environment:create_environment_scripts_only(cspc_lidar)
[10.096s] DEBUG:colcon.colcon_core.event_handler.log_command:Invoked command in '/home/meng/mDetectRobot/turtlebot3_ws/build/cspc_lidar' returned '0': CMAKE_PREFIX_PATH=${CMAKE_PREFIX_PATH}:/home/meng/mdetect_ws/install/mdetect_navigation:/opt/ros/humble /usr/bin/cmake --install /home/meng/mDetectRobot/turtlebot3_ws/build/cspc_lidar
[10.098s] Level 1:colcon.colcon_core.environment:checking '/home/meng/mDetectRobot/turtlebot3_ws/install/cspc_lidar' for CMake module files
[10.098s] Level 1:colcon.colcon_core.environment:checking '/home/meng/mDetectRobot/turtlebot3_ws/install/cspc_lidar' for CMake config files
[10.099s] Level 1:colcon.colcon_core.shell:create_environment_hook('cspc_lidar', 'cmake_prefix_path')
[10.099s] INFO:colcon.colcon_core.shell:Creating environment hook '/home/meng/mDetectRobot/turtlebot3_ws/install/cspc_lidar/share/cspc_lidar/hook/cmake_prefix_path.ps1'
[10.100s] INFO:colcon.colcon_core.shell:Creating environment descriptor '/home/meng/mDetectRobot/turtlebot3_ws/install/cspc_lidar/share/cspc_lidar/hook/cmake_prefix_path.dsv'
[10.100s] INFO:colcon.colcon_core.shell:Creating environment hook '/home/meng/mDetectRobot/turtlebot3_ws/install/cspc_lidar/share/cspc_lidar/hook/cmake_prefix_path.sh'
[10.101s] Level 1:colcon.colcon_core.environment:checking '/home/meng/mDetectRobot/turtlebot3_ws/install/cspc_lidar/lib'
[10.101s] Level 1:colcon.colcon_core.environment:checking '/home/meng/mDetectRobot/turtlebot3_ws/install/cspc_lidar/bin'
[10.101s] Level 1:colcon.colcon_core.environment:checking '/home/meng/mDetectRobot/turtlebot3_ws/install/cspc_lidar/lib/pkgconfig/cspc_lidar.pc'
[10.102s] Level 1:colcon.colcon_core.environment:checking '/home/meng/mDetectRobot/turtlebot3_ws/install/cspc_lidar/lib/python3.10/site-packages'
[10.102s] Level 1:colcon.colcon_core.environment:checking '/home/meng/mDetectRobot/turtlebot3_ws/install/cspc_lidar/bin'
[10.102s] INFO:colcon.colcon_core.shell:Creating package script '/home/meng/mDetectRobot/turtlebot3_ws/install/cspc_lidar/share/cspc_lidar/package.ps1'
[10.104s] INFO:colcon.colcon_core.shell:Creating package descriptor '/home/meng/mDetectRobot/turtlebot3_ws/install/cspc_lidar/share/cspc_lidar/package.dsv'
[10.104s] INFO:colcon.colcon_core.shell:Creating package script '/home/meng/mDetectRobot/turtlebot3_ws/install/cspc_lidar/share/cspc_lidar/package.sh'
[10.105s] INFO:colcon.colcon_core.shell:Creating package script '/home/meng/mDetectRobot/turtlebot3_ws/install/cspc_lidar/share/cspc_lidar/package.bash'
[10.106s] INFO:colcon.colcon_core.shell:Creating package script '/home/meng/mDetectRobot/turtlebot3_ws/install/cspc_lidar/share/cspc_lidar/package.zsh'
[10.106s] Level 1:colcon.colcon_core.environment:create_file_with_runtime_dependencies(/home/meng/mDetectRobot/turtlebot3_ws/install/cspc_lidar/share/colcon-core/packages/cspc_lidar)
[10.107s] Level 1:colcon.colcon_core.environment:create_environment_scripts_only(cspc_lidar)
[10.107s] Level 1:colcon.colcon_core.environment:checking '/home/meng/mDetectRobot/turtlebot3_ws/install/cspc_lidar' for CMake module files
[10.108s] Level 1:colcon.colcon_core.environment:checking '/home/meng/mDetectRobot/turtlebot3_ws/install/cspc_lidar' for CMake config files
[10.108s] Level 1:colcon.colcon_core.shell:create_environment_hook('cspc_lidar', 'cmake_prefix_path')
[10.108s] INFO:colcon.colcon_core.shell:Creating environment hook '/home/meng/mDetectRobot/turtlebot3_ws/install/cspc_lidar/share/cspc_lidar/hook/cmake_prefix_path.ps1'
[10.109s] INFO:colcon.colcon_core.shell:Creating environment descriptor '/home/meng/mDetectRobot/turtlebot3_ws/install/cspc_lidar/share/cspc_lidar/hook/cmake_prefix_path.dsv'
[10.109s] INFO:colcon.colcon_core.shell:Creating environment hook '/home/meng/mDetectRobot/turtlebot3_ws/install/cspc_lidar/share/cspc_lidar/hook/cmake_prefix_path.sh'
[10.109s] Level 1:colcon.colcon_core.environment:checking '/home/meng/mDetectRobot/turtlebot3_ws/install/cspc_lidar/lib'
[10.109s] Level 1:colcon.colcon_core.environment:checking '/home/meng/mDetectRobot/turtlebot3_ws/install/cspc_lidar/bin'
[10.110s] Level 1:colcon.colcon_core.environment:checking '/home/meng/mDetectRobot/turtlebot3_ws/install/cspc_lidar/lib/pkgconfig/cspc_lidar.pc'
[10.110s] Level 1:colcon.colcon_core.environment:checking '/home/meng/mDetectRobot/turtlebot3_ws/install/cspc_lidar/lib/python3.10/site-packages'
[10.110s] Level 1:colcon.colcon_core.environment:checking '/home/meng/mDetectRobot/turtlebot3_ws/install/cspc_lidar/bin'
[10.110s] INFO:colcon.colcon_core.shell:Creating package script '/home/meng/mDetectRobot/turtlebot3_ws/install/cspc_lidar/share/cspc_lidar/package.ps1'
[10.110s] INFO:colcon.colcon_core.shell:Creating package descriptor '/home/meng/mDetectRobot/turtlebot3_ws/install/cspc_lidar/share/cspc_lidar/package.dsv'
[10.111s] INFO:colcon.colcon_core.shell:Creating package script '/home/meng/mDetectRobot/turtlebot3_ws/install/cspc_lidar/share/cspc_lidar/package.sh'
[10.111s] INFO:colcon.colcon_core.shell:Creating package script '/home/meng/mDetectRobot/turtlebot3_ws/install/cspc_lidar/share/cspc_lidar/package.bash'
[10.111s] INFO:colcon.colcon_core.shell:Creating package script '/home/meng/mDetectRobot/turtlebot3_ws/install/cspc_lidar/share/cspc_lidar/package.zsh'
[10.111s] Level 1:colcon.colcon_core.environment:create_file_with_runtime_dependencies(/home/meng/mDetectRobot/turtlebot3_ws/install/cspc_lidar/share/colcon-core/packages/cspc_lidar)
[10.112s] DEBUG:colcon.colcon_parallel_executor.executor.parallel:closing loop
[10.112s] DEBUG:colcon.colcon_parallel_executor.executor.parallel:loop closed
[10.112s] DEBUG:colcon.colcon_parallel_executor.executor.parallel:run_until_complete finished with '0'
[10.112s] DEBUG:colcon.colcon_core.event_reactor:joining thread
[10.116s] INFO:colcon.colcon_core.plugin_system:Skipping extension 'colcon_notification.desktop_notification.terminal_notifier': Not used on non-Darwin systems
[10.116s] INFO:colcon.colcon_core.plugin_system:Skipping extension 'colcon_notification.desktop_notification.win32': Not used on non-Windows systems
[10.116s] INFO:colcon.colcon_notification.desktop_notification:Sending desktop notification using 'notify2'
[10.123s] DEBUG:colcon.colcon_core.event_reactor:joined thread
[10.123s] INFO:colcon.colcon_core.shell:Creating prefix script '/home/meng/mDetectRobot/turtlebot3_ws/install/local_setup.ps1'
[10.124s] INFO:colcon.colcon_core.shell:Creating prefix util module '/home/meng/mDetectRobot/turtlebot3_ws/install/_local_setup_util_ps1.py'
[10.124s] INFO:colcon.colcon_core.shell:Creating prefix chain script '/home/meng/mDetectRobot/turtlebot3_ws/install/setup.ps1'
[10.125s] INFO:colcon.colcon_core.shell:Creating prefix script '/home/meng/mDetectRobot/turtlebot3_ws/install/local_setup.sh'
[10.126s] INFO:colcon.colcon_core.shell:Creating prefix util module '/home/meng/mDetectRobot/turtlebot3_ws/install/_local_setup_util_sh.py'
[10.126s] INFO:colcon.colcon_core.shell:Creating prefix chain script '/home/meng/mDetectRobot/turtlebot3_ws/install/setup.sh'
[10.127s] INFO:colcon.colcon_core.shell:Creating prefix script '/home/meng/mDetectRobot/turtlebot3_ws/install/local_setup.bash'
[10.127s] INFO:colcon.colcon_core.shell:Creating prefix chain script '/home/meng/mDetectRobot/turtlebot3_ws/install/setup.bash'
[10.127s] INFO:colcon.colcon_core.shell:Creating prefix script '/home/meng/mDetectRobot/turtlebot3_ws/install/local_setup.zsh'
[10.128s] INFO:colcon.colcon_core.shell:Creating prefix chain script '/home/meng/mDetectRobot/turtlebot3_ws/install/setup.zsh'
