[0.426s] Invoking command in '/home/meng/mDetectRobot/turtlebot3_ws/src/arduino_bridge': PYTHONPATH=/home/meng/mDetectRobot/turtlebot3_ws/build/arduino_bridge/prefix_override:/usr/lib/python3/dist-packages/colcon_core/task/python/colcon_distutils_commands:/home/meng/mDetectRobot/turtlebot3_ws/install/arduino_bridge/lib/python3.10/site-packages:${PYTHONPATH} /usr/bin/python3 -W ignore:setup.py install is deprecated -W ignore:easy_install command is deprecated setup.py egg_info --egg-base ../../build/arduino_bridge build --build-base /home/meng/mDetectRobot/turtlebot3_ws/build/arduino_bridge/build install --record /home/meng/mDetectRobot/turtlebot3_ws/build/arduino_bridge/install.log --single-version-externally-managed install_data
[0.583s] running egg_info
[0.583s] writing ../../build/arduino_bridge/arduino_bridge.egg-info/PKG-INFO
[0.583s] writing dependency_links to ../../build/arduino_bridge/arduino_bridge.egg-info/dependency_links.txt
[0.584s] writing entry points to ../../build/arduino_bridge/arduino_bridge.egg-info/entry_points.txt
[0.584s] writing requirements to ../../build/arduino_bridge/arduino_bridge.egg-info/requires.txt
[0.584s] writing top-level names to ../../build/arduino_bridge/arduino_bridge.egg-info/top_level.txt
[0.584s] reading manifest file '../../build/arduino_bridge/arduino_bridge.egg-info/SOURCES.txt'
[0.585s] writing manifest file '../../build/arduino_bridge/arduino_bridge.egg-info/SOURCES.txt'
[0.585s] running build
[0.585s] running build_py
[0.585s] copying arduino_bridge/arduino_bridge_node.py -> /home/meng/mDetectRobot/turtlebot3_ws/build/arduino_bridge/build/lib/arduino_bridge
[0.585s] running install
[0.586s] running install_lib
[0.586s] copying /home/meng/mDetectRobot/turtlebot3_ws/build/arduino_bridge/build/lib/arduino_bridge/arduino_bridge_node.py -> /home/meng/mDetectRobot/turtlebot3_ws/install/arduino_bridge/lib/python3.10/site-packages/arduino_bridge
[0.586s] byte-compiling /home/meng/mDetectRobot/turtlebot3_ws/install/arduino_bridge/lib/python3.10/site-packages/arduino_bridge/arduino_bridge_node.py to arduino_bridge_node.cpython-310.pyc
[0.589s] running install_data
[0.589s] copying package.xml -> /home/meng/mDetectRobot/turtlebot3_ws/install/arduino_bridge/share/arduino_bridge
[0.589s] copying param/arduino_bridge.yaml -> /home/meng/mDetectRobot/turtlebot3_ws/install/arduino_bridge/share/arduino_bridge/param
[0.589s] copying param/nav2_params.yaml -> /home/meng/mDetectRobot/turtlebot3_ws/install/arduino_bridge/share/arduino_bridge/param
[0.589s] running install_egg_info
[0.590s] removing '/home/meng/mDetectRobot/turtlebot3_ws/install/arduino_bridge/lib/python3.10/site-packages/arduino_bridge-0.1.0-py3.10.egg-info' (and everything under it)
[0.590s] Copying ../../build/arduino_bridge/arduino_bridge.egg-info to /home/meng/mDetectRobot/turtlebot3_ws/install/arduino_bridge/lib/python3.10/site-packages/arduino_bridge-0.1.0-py3.10.egg-info
[0.591s] running install_scripts
[0.604s] Installing arduino_bridge_node script to /home/meng/mDetectRobot/turtlebot3_ws/install/arduino_bridge/bin
[0.604s] writing list of installed files to '/home/meng/mDetectRobot/turtlebot3_ws/build/arduino_bridge/install.log'
[0.619s] Invoked command in '/home/meng/mDetectRobot/turtlebot3_ws/src/arduino_bridge' returned '0': PYTHONPATH=/home/meng/mDetectRobot/turtlebot3_ws/build/arduino_bridge/prefix_override:/usr/lib/python3/dist-packages/colcon_core/task/python/colcon_distutils_commands:/home/meng/mDetectRobot/turtlebot3_ws/install/arduino_bridge/lib/python3.10/site-packages:${PYTHONPATH} /usr/bin/python3 -W ignore:setup.py install is deprecated -W ignore:easy_install command is deprecated setup.py egg_info --egg-base ../../build/arduino_bridge build --build-base /home/meng/mDetectRobot/turtlebot3_ws/build/arduino_bridge/build install --record /home/meng/mDetectRobot/turtlebot3_ws/build/arduino_bridge/install.log --single-version-externally-managed install_data
