[0.067s] DEBUG:colcon:Command line arguments: ['/usr/bin/colcon', 'build', '--packages-select', 'arduino_bridge']
[0.067s] DEBUG:colcon:Parsed command line arguments: Namespace(log_base=None, log_level=None, verb_name='build', build_base='build', install_base='install', merge_install=False, symlink_install=False, test_result_base=None, continue_on_error=False, executor='parallel', parallel_workers=20, event_handlers=None, ignore_user_meta=False, metas=['./colcon.meta'], base_paths=['.'], packages_ignore=None, packages_ignore_regex=None, paths=None, packages_up_to=None, packages_up_to_regex=None, packages_above=None, packages_above_and_dependencies=None, packages_above_depth=None, packages_select_by_dep=None, packages_skip_by_dep=None, packages_skip_up_to=None, packages_select_build_failed=False, packages_skip_build_finished=False, packages_select_test_failures=False, packages_skip_test_passed=False, packages_select=['arduino_bridge'], packages_skip=None, packages_select_regex=None, packages_skip_regex=None, packages_start=None, packages_end=None, allow_overriding=[], cmake_args=None, cmake_target=None, cmake_target_skip_unavailable=False, cmake_clean_cache=False, cmake_clean_first=False, cmake_force_configure=False, ament_cmake_args=None, catkin_cmake_args=None, catkin_skip_building_tests=False, mixin_files=None, mixin=None, verb_parser=<colcon_mixin.mixin.mixin_argument.MixinArgumentDecorator object at 0x727fbb888190>, verb_extension=<colcon_core.verb.build.BuildVerb object at 0x727fbb84fb80>, main=<bound method BuildVerb.main of <colcon_core.verb.build.BuildVerb object at 0x727fbb84fb80>>, mixin_verb=('build',))
[0.173s] Level 1:colcon.colcon_core.package_discovery:discover_packages(colcon_meta) check parameters
[0.173s] Level 1:colcon.colcon_core.package_discovery:discover_packages(recursive) check parameters
[0.173s] Level 1:colcon.colcon_core.package_discovery:discover_packages(ignore) check parameters
[0.173s] Level 1:colcon.colcon_core.package_discovery:discover_packages(path) check parameters
[0.173s] Level 1:colcon.colcon_core.package_discovery:discover_packages(colcon_meta) discover
[0.174s] Level 1:colcon.colcon_core.package_discovery:discover_packages(recursive) discover
[0.174s] INFO:colcon.colcon_core.package_discovery:Crawling recursively for packages in '/home/meng/mDetectRobot/turtlebot3_ws'
[0.174s] Level 1:colcon.colcon_core.package_identification:_identify(.) by extensions ['ignore', 'ignore_ament_install']
[0.174s] Level 1:colcon.colcon_core.package_identification:_identify(.) by extension 'ignore'
[0.174s] Level 1:colcon.colcon_core.package_identification:_identify(.) by extension 'ignore_ament_install'
[0.174s] Level 1:colcon.colcon_core.package_identification:_identify(.) by extensions ['colcon_pkg']
[0.174s] Level 1:colcon.colcon_core.package_identification:_identify(.) by extension 'colcon_pkg'
[0.174s] Level 1:colcon.colcon_core.package_identification:_identify(.) by extensions ['colcon_meta']
[0.174s] Level 1:colcon.colcon_core.package_identification:_identify(.) by extension 'colcon_meta'
[0.174s] Level 1:colcon.colcon_core.package_identification:_identify(.) by extensions ['ros']
[0.174s] Level 1:colcon.colcon_core.package_identification:_identify(.) by extension 'ros'
[0.186s] Level 1:colcon.colcon_core.package_identification:_identify(.) by extensions ['cmake', 'python']
[0.186s] Level 1:colcon.colcon_core.package_identification:_identify(.) by extension 'cmake'
[0.186s] Level 1:colcon.colcon_core.package_identification:_identify(.) by extension 'python'
[0.187s] Level 1:colcon.colcon_core.package_identification:_identify(.) by extensions ['python_setup_py']
[0.187s] Level 1:colcon.colcon_core.package_identification:_identify(.) by extension 'python_setup_py'
[0.187s] Level 1:colcon.colcon_core.package_identification:_identify(build) by extensions ['ignore', 'ignore_ament_install']
[0.187s] Level 1:colcon.colcon_core.package_identification:_identify(build) by extension 'ignore'
[0.187s] Level 1:colcon.colcon_core.package_identification:_identify(build) ignored
[0.187s] Level 1:colcon.colcon_core.package_identification:_identify(install) by extensions ['ignore', 'ignore_ament_install']
[0.187s] Level 1:colcon.colcon_core.package_identification:_identify(install) by extension 'ignore'
[0.187s] Level 1:colcon.colcon_core.package_identification:_identify(install) ignored
[0.187s] Level 1:colcon.colcon_core.package_identification:_identify(log) by extensions ['ignore', 'ignore_ament_install']
[0.187s] Level 1:colcon.colcon_core.package_identification:_identify(log) by extension 'ignore'
[0.187s] Level 1:colcon.colcon_core.package_identification:_identify(log) ignored
[0.187s] Level 1:colcon.colcon_core.package_identification:_identify(src) by extensions ['ignore', 'ignore_ament_install']
[0.187s] Level 1:colcon.colcon_core.package_identification:_identify(src) by extension 'ignore'
[0.187s] Level 1:colcon.colcon_core.package_identification:_identify(src) by extension 'ignore_ament_install'
[0.187s] Level 1:colcon.colcon_core.package_identification:_identify(src) by extensions ['colcon_pkg']
[0.187s] Level 1:colcon.colcon_core.package_identification:_identify(src) by extension 'colcon_pkg'
[0.187s] Level 1:colcon.colcon_core.package_identification:_identify(src) by extensions ['colcon_meta']
[0.187s] Level 1:colcon.colcon_core.package_identification:_identify(src) by extension 'colcon_meta'
[0.187s] Level 1:colcon.colcon_core.package_identification:_identify(src) by extensions ['ros']
[0.187s] Level 1:colcon.colcon_core.package_identification:_identify(src) by extension 'ros'
[0.187s] Level 1:colcon.colcon_core.package_identification:_identify(src) by extensions ['cmake', 'python']
[0.187s] Level 1:colcon.colcon_core.package_identification:_identify(src) by extension 'cmake'
[0.187s] Level 1:colcon.colcon_core.package_identification:_identify(src) by extension 'python'
[0.187s] Level 1:colcon.colcon_core.package_identification:_identify(src) by extensions ['python_setup_py']
[0.187s] Level 1:colcon.colcon_core.package_identification:_identify(src) by extension 'python_setup_py'
[0.187s] Level 1:colcon.colcon_core.package_identification:_identify(src/arduino_bridge) by extensions ['ignore', 'ignore_ament_install']
[0.187s] Level 1:colcon.colcon_core.package_identification:_identify(src/arduino_bridge) by extension 'ignore'
[0.187s] Level 1:colcon.colcon_core.package_identification:_identify(src/arduino_bridge) by extension 'ignore_ament_install'
[0.187s] Level 1:colcon.colcon_core.package_identification:_identify(src/arduino_bridge) by extensions ['colcon_pkg']
[0.187s] Level 1:colcon.colcon_core.package_identification:_identify(src/arduino_bridge) by extension 'colcon_pkg'
[0.188s] Level 1:colcon.colcon_core.package_identification:_identify(src/arduino_bridge) by extensions ['colcon_meta']
[0.188s] Level 1:colcon.colcon_core.package_identification:_identify(src/arduino_bridge) by extension 'colcon_meta'
[0.188s] Level 1:colcon.colcon_core.package_identification:_identify(src/arduino_bridge) by extensions ['ros']
[0.188s] Level 1:colcon.colcon_core.package_identification:_identify(src/arduino_bridge) by extension 'ros'
[0.189s] DEBUG:colcon.colcon_core.package_identification:Package 'src/arduino_bridge' with type 'ros.ament_python' and name 'arduino_bridge'
[0.189s] Level 1:colcon.colcon_core.package_identification:_identify(src/cspc_lidar) by extensions ['ignore', 'ignore_ament_install']
[0.189s] Level 1:colcon.colcon_core.package_identification:_identify(src/cspc_lidar) by extension 'ignore'
[0.189s] Level 1:colcon.colcon_core.package_identification:_identify(src/cspc_lidar) by extension 'ignore_ament_install'
[0.190s] Level 1:colcon.colcon_core.package_identification:_identify(src/cspc_lidar) by extensions ['colcon_pkg']
[0.190s] Level 1:colcon.colcon_core.package_identification:_identify(src/cspc_lidar) by extension 'colcon_pkg'
[0.190s] Level 1:colcon.colcon_core.package_identification:_identify(src/cspc_lidar) by extensions ['colcon_meta']
[0.190s] Level 1:colcon.colcon_core.package_identification:_identify(src/cspc_lidar) by extension 'colcon_meta'
[0.190s] Level 1:colcon.colcon_core.package_identification:_identify(src/cspc_lidar) by extensions ['ros']
[0.190s] Level 1:colcon.colcon_core.package_identification:_identify(src/cspc_lidar) by extension 'ros'
[0.190s] DEBUG:colcon.colcon_core.package_identification:Package 'src/cspc_lidar' with type 'ros.ament_cmake' and name 'cspc_lidar'
[0.190s] Level 1:colcon.colcon_core.package_identification:_identify(src/turtlebot3) by extensions ['ignore', 'ignore_ament_install']
[0.190s] Level 1:colcon.colcon_core.package_identification:_identify(src/turtlebot3) by extension 'ignore'
[0.190s] Level 1:colcon.colcon_core.package_identification:_identify(src/turtlebot3) by extension 'ignore_ament_install'
[0.190s] Level 1:colcon.colcon_core.package_identification:_identify(src/turtlebot3) by extensions ['colcon_pkg']
[0.190s] Level 1:colcon.colcon_core.package_identification:_identify(src/turtlebot3) by extension 'colcon_pkg'
[0.190s] Level 1:colcon.colcon_core.package_identification:_identify(src/turtlebot3) by extensions ['colcon_meta']
[0.190s] Level 1:colcon.colcon_core.package_identification:_identify(src/turtlebot3) by extension 'colcon_meta'
[0.190s] Level 1:colcon.colcon_core.package_identification:_identify(src/turtlebot3) by extensions ['ros']
[0.190s] Level 1:colcon.colcon_core.package_identification:_identify(src/turtlebot3) by extension 'ros'
[0.190s] Level 1:colcon.colcon_core.package_identification:_identify(src/turtlebot3) by extensions ['cmake', 'python']
[0.190s] Level 1:colcon.colcon_core.package_identification:_identify(src/turtlebot3) by extension 'cmake'
[0.190s] Level 1:colcon.colcon_core.package_identification:_identify(src/turtlebot3) by extension 'python'
[0.190s] Level 1:colcon.colcon_core.package_identification:_identify(src/turtlebot3) by extensions ['python_setup_py']
[0.190s] Level 1:colcon.colcon_core.package_identification:_identify(src/turtlebot3) by extension 'python_setup_py'
[0.191s] Level 1:colcon.colcon_core.package_identification:_identify(src/turtlebot3_simulations) by extensions ['ignore', 'ignore_ament_install']
[0.191s] Level 1:colcon.colcon_core.package_identification:_identify(src/turtlebot3_simulations) by extension 'ignore'
[0.191s] Level 1:colcon.colcon_core.package_identification:_identify(src/turtlebot3_simulations) by extension 'ignore_ament_install'
[0.191s] Level 1:colcon.colcon_core.package_identification:_identify(src/turtlebot3_simulations) by extensions ['colcon_pkg']
[0.191s] Level 1:colcon.colcon_core.package_identification:_identify(src/turtlebot3_simulations) by extension 'colcon_pkg'
[0.191s] Level 1:colcon.colcon_core.package_identification:_identify(src/turtlebot3_simulations) by extensions ['colcon_meta']
[0.191s] Level 1:colcon.colcon_core.package_identification:_identify(src/turtlebot3_simulations) by extension 'colcon_meta'
[0.191s] Level 1:colcon.colcon_core.package_identification:_identify(src/turtlebot3_simulations) by extensions ['ros']
[0.191s] Level 1:colcon.colcon_core.package_identification:_identify(src/turtlebot3_simulations) by extension 'ros'
[0.191s] Level 1:colcon.colcon_core.package_identification:_identify(src/turtlebot3_simulations) by extensions ['cmake', 'python']
[0.191s] Level 1:colcon.colcon_core.package_identification:_identify(src/turtlebot3_simulations) by extension 'cmake'
[0.191s] Level 1:colcon.colcon_core.package_identification:_identify(src/turtlebot3_simulations) by extension 'python'
[0.191s] Level 1:colcon.colcon_core.package_identification:_identify(src/turtlebot3_simulations) by extensions ['python_setup_py']
[0.191s] Level 1:colcon.colcon_core.package_identification:_identify(src/turtlebot3_simulations) by extension 'python_setup_py'
[0.191s] Level 1:colcon.colcon_core.package_discovery:discover_packages(recursive) using defaults
[0.191s] Level 1:colcon.colcon_core.package_discovery:discover_packages(ignore) discover
[0.191s] Level 1:colcon.colcon_core.package_discovery:discover_packages(ignore) using defaults
[0.191s] Level 1:colcon.colcon_core.package_discovery:discover_packages(path) discover
[0.191s] Level 1:colcon.colcon_core.package_discovery:discover_packages(path) using defaults
[0.204s] INFO:colcon.colcon_core.package_selection:Skipping not selected package 'cspc_lidar' in 'src/cspc_lidar'
[0.204s] Level 1:colcon.colcon_core.package_discovery:discover_packages(prefix_path) check parameters
[0.204s] Level 1:colcon.colcon_core.package_discovery:discover_packages(prefix_path) discover
[0.205s] DEBUG:colcon.colcon_installed_package_information.package_discovery:Found 2 installed packages in /home/meng/mdetect_ws/install
[0.205s] DEBUG:colcon.colcon_installed_package_information.package_discovery:Found 1 installed packages in /home/meng/ldlidar_ros2_ws/install
[0.206s] DEBUG:colcon.colcon_installed_package_information.package_discovery:Found 453 installed packages in /opt/ros/humble
[0.208s] Level 1:colcon.colcon_core.package_discovery:discover_packages(prefix_path) using defaults
[0.241s] Level 5:colcon.colcon_core.verb:set package 'arduino_bridge' build argument 'cmake_args' from command line to 'None'
[0.242s] Level 5:colcon.colcon_core.verb:set package 'arduino_bridge' build argument 'cmake_target' from command line to 'None'
[0.242s] Level 5:colcon.colcon_core.verb:set package 'arduino_bridge' build argument 'cmake_target_skip_unavailable' from command line to 'False'
[0.242s] Level 5:colcon.colcon_core.verb:set package 'arduino_bridge' build argument 'cmake_clean_cache' from command line to 'False'
[0.242s] Level 5:colcon.colcon_core.verb:set package 'arduino_bridge' build argument 'cmake_clean_first' from command line to 'False'
[0.242s] Level 5:colcon.colcon_core.verb:set package 'arduino_bridge' build argument 'cmake_force_configure' from command line to 'False'
[0.242s] Level 5:colcon.colcon_core.verb:set package 'arduino_bridge' build argument 'ament_cmake_args' from command line to 'None'
[0.242s] Level 5:colcon.colcon_core.verb:set package 'arduino_bridge' build argument 'catkin_cmake_args' from command line to 'None'
[0.242s] Level 5:colcon.colcon_core.verb:set package 'arduino_bridge' build argument 'catkin_skip_building_tests' from command line to 'False'
[0.242s] DEBUG:colcon.colcon_core.verb:Building package 'arduino_bridge' with the following arguments: {'ament_cmake_args': None, 'build_base': '/home/meng/mDetectRobot/turtlebot3_ws/build/arduino_bridge', 'catkin_cmake_args': None, 'catkin_skip_building_tests': False, 'cmake_args': None, 'cmake_clean_cache': False, 'cmake_clean_first': False, 'cmake_force_configure': False, 'cmake_target': None, 'cmake_target_skip_unavailable': False, 'install_base': '/home/meng/mDetectRobot/turtlebot3_ws/install/arduino_bridge', 'merge_install': False, 'path': '/home/meng/mDetectRobot/turtlebot3_ws/src/arduino_bridge', 'symlink_install': False, 'test_result_base': None}
[0.242s] INFO:colcon.colcon_core.executor:Executing jobs using 'parallel' executor
[0.242s] DEBUG:colcon.colcon_parallel_executor.executor.parallel:run_until_complete
[0.243s] INFO:colcon.colcon_ros.task.ament_python.build:Building ROS package in '/home/meng/mDetectRobot/turtlebot3_ws/src/arduino_bridge' with build type 'ament_python'
[0.243s] Level 1:colcon.colcon_core.shell:create_environment_hook('arduino_bridge', 'ament_prefix_path')
[0.244s] INFO:colcon.colcon_core.plugin_system:Skipping extension 'colcon_core.shell.bat': Not used on non-Windows systems
[0.244s] INFO:colcon.colcon_core.shell:Creating environment hook '/home/meng/mDetectRobot/turtlebot3_ws/install/arduino_bridge/share/arduino_bridge/hook/ament_prefix_path.ps1'
[0.244s] INFO:colcon.colcon_core.shell:Creating environment descriptor '/home/meng/mDetectRobot/turtlebot3_ws/install/arduino_bridge/share/arduino_bridge/hook/ament_prefix_path.dsv'
[0.245s] INFO:colcon.colcon_core.shell:Creating environment hook '/home/meng/mDetectRobot/turtlebot3_ws/install/arduino_bridge/share/arduino_bridge/hook/ament_prefix_path.sh'
[0.245s] INFO:colcon.colcon_core.shell:Skip shell extension 'powershell' for command environment: Not usable outside of PowerShell
[0.245s] DEBUG:colcon.colcon_core.shell:Skip shell extension 'dsv' for command environment
[0.420s] INFO:colcon.colcon_core.task.python.build:Building Python package in '/home/meng/mDetectRobot/turtlebot3_ws/src/arduino_bridge'
[0.420s] INFO:colcon.colcon_core.shell:Skip shell extension 'powershell' for command environment: Not usable outside of PowerShell
[0.420s] DEBUG:colcon.colcon_core.shell:Skip shell extension 'dsv' for command environment
[0.669s] DEBUG:colcon.colcon_core.task.python.build:Available setuptools commands: build, install_egg_info, saveopts, update_catalog, build_py, bdist_egg, install_lib, clean, install_data, build_ext, bdist_dumb, symlink_data, build_clib, init_catalog, install_headers, upload_docs, easy_install, compile_catalog, egg_info, extract_messages, install_scripts, bdist, sdist, setopt, check, build_scripts, rotate, bdist_rpm, upload, develop, install, alias, dist_info, bdist_wheel, nosetests, register, test
[0.671s] DEBUG:colcon.colcon_core.event_handler.log_command:Invoking command in '/home/meng/mDetectRobot/turtlebot3_ws/src/arduino_bridge': PYTHONPATH=/home/meng/mDetectRobot/turtlebot3_ws/build/arduino_bridge/prefix_override:/usr/lib/python3/dist-packages/colcon_core/task/python/colcon_distutils_commands:/home/meng/mDetectRobot/turtlebot3_ws/install/arduino_bridge/lib/python3.10/site-packages:${PYTHONPATH} /usr/bin/python3 -W ignore:setup.py install is deprecated -W ignore:easy_install command is deprecated setup.py egg_info --egg-base ../../build/arduino_bridge build --build-base /home/meng/mDetectRobot/turtlebot3_ws/build/arduino_bridge/build install --record /home/meng/mDetectRobot/turtlebot3_ws/build/arduino_bridge/install.log --single-version-externally-managed install_data
[0.865s] DEBUG:colcon.colcon_core.event_handler.log_command:Invoked command in '/home/meng/mDetectRobot/turtlebot3_ws/src/arduino_bridge' returned '0': PYTHONPATH=/home/meng/mDetectRobot/turtlebot3_ws/build/arduino_bridge/prefix_override:/usr/lib/python3/dist-packages/colcon_core/task/python/colcon_distutils_commands:/home/meng/mDetectRobot/turtlebot3_ws/install/arduino_bridge/lib/python3.10/site-packages:${PYTHONPATH} /usr/bin/python3 -W ignore:setup.py install is deprecated -W ignore:easy_install command is deprecated setup.py egg_info --egg-base ../../build/arduino_bridge build --build-base /home/meng/mDetectRobot/turtlebot3_ws/build/arduino_bridge/build install --record /home/meng/mDetectRobot/turtlebot3_ws/build/arduino_bridge/install.log --single-version-externally-managed install_data
[0.867s] Level 1:colcon.colcon_core.environment:checking '/home/meng/mDetectRobot/turtlebot3_ws/install/arduino_bridge' for CMake module files
[0.867s] Level 1:colcon.colcon_core.environment:checking '/home/meng/mDetectRobot/turtlebot3_ws/install/arduino_bridge' for CMake config files
[0.867s] Level 1:colcon.colcon_core.environment:checking '/home/meng/mDetectRobot/turtlebot3_ws/install/arduino_bridge/lib'
[0.867s] Level 1:colcon.colcon_core.environment:checking '/home/meng/mDetectRobot/turtlebot3_ws/install/arduino_bridge/bin'
[0.867s] Level 1:colcon.colcon_core.shell:create_environment_hook('arduino_bridge', 'path')
[0.868s] INFO:colcon.colcon_core.shell:Creating environment hook '/home/meng/mDetectRobot/turtlebot3_ws/install/arduino_bridge/share/arduino_bridge/hook/path.ps1'
[0.868s] INFO:colcon.colcon_core.shell:Creating environment descriptor '/home/meng/mDetectRobot/turtlebot3_ws/install/arduino_bridge/share/arduino_bridge/hook/path.dsv'
[0.868s] INFO:colcon.colcon_core.shell:Creating environment hook '/home/meng/mDetectRobot/turtlebot3_ws/install/arduino_bridge/share/arduino_bridge/hook/path.sh'
[0.868s] Level 1:colcon.colcon_core.environment:checking '/home/meng/mDetectRobot/turtlebot3_ws/install/arduino_bridge/lib/pkgconfig/arduino_bridge.pc'
[0.869s] Level 1:colcon.colcon_core.environment:checking '/home/meng/mDetectRobot/turtlebot3_ws/install/arduino_bridge/lib/python3.10/site-packages'
[0.869s] Level 1:colcon.colcon_core.shell:create_environment_hook('arduino_bridge', 'pythonpath')
[0.869s] INFO:colcon.colcon_core.shell:Creating environment hook '/home/meng/mDetectRobot/turtlebot3_ws/install/arduino_bridge/share/arduino_bridge/hook/pythonpath.ps1'
[0.869s] INFO:colcon.colcon_core.shell:Creating environment descriptor '/home/meng/mDetectRobot/turtlebot3_ws/install/arduino_bridge/share/arduino_bridge/hook/pythonpath.dsv'
[0.869s] INFO:colcon.colcon_core.shell:Creating environment hook '/home/meng/mDetectRobot/turtlebot3_ws/install/arduino_bridge/share/arduino_bridge/hook/pythonpath.sh'
[0.870s] Level 1:colcon.colcon_core.environment:checking '/home/meng/mDetectRobot/turtlebot3_ws/install/arduino_bridge/bin'
[0.870s] Level 1:colcon.colcon_core.shell:create_environment_hook('arduino_bridge', 'pythonscriptspath')
[0.870s] INFO:colcon.colcon_core.shell:Creating environment hook '/home/meng/mDetectRobot/turtlebot3_ws/install/arduino_bridge/share/arduino_bridge/hook/pythonscriptspath.ps1'
[0.870s] INFO:colcon.colcon_core.shell:Creating environment descriptor '/home/meng/mDetectRobot/turtlebot3_ws/install/arduino_bridge/share/arduino_bridge/hook/pythonscriptspath.dsv'
[0.870s] INFO:colcon.colcon_core.shell:Creating environment hook '/home/meng/mDetectRobot/turtlebot3_ws/install/arduino_bridge/share/arduino_bridge/hook/pythonscriptspath.sh'
[0.870s] Level 1:colcon.colcon_core.environment:create_environment_scripts_only(arduino_bridge)
[0.871s] INFO:colcon.colcon_core.shell:Creating package script '/home/meng/mDetectRobot/turtlebot3_ws/install/arduino_bridge/share/arduino_bridge/package.ps1'
[0.871s] INFO:colcon.colcon_core.shell:Creating package descriptor '/home/meng/mDetectRobot/turtlebot3_ws/install/arduino_bridge/share/arduino_bridge/package.dsv'
[0.872s] INFO:colcon.colcon_core.shell:Creating package script '/home/meng/mDetectRobot/turtlebot3_ws/install/arduino_bridge/share/arduino_bridge/package.sh'
[0.872s] INFO:colcon.colcon_core.shell:Creating package script '/home/meng/mDetectRobot/turtlebot3_ws/install/arduino_bridge/share/arduino_bridge/package.bash'
[0.873s] INFO:colcon.colcon_core.shell:Creating package script '/home/meng/mDetectRobot/turtlebot3_ws/install/arduino_bridge/share/arduino_bridge/package.zsh'
[0.873s] Level 1:colcon.colcon_core.environment:create_file_with_runtime_dependencies(/home/meng/mDetectRobot/turtlebot3_ws/install/arduino_bridge/share/colcon-core/packages/arduino_bridge)
[0.873s] DEBUG:colcon.colcon_parallel_executor.executor.parallel:closing loop
[0.873s] DEBUG:colcon.colcon_parallel_executor.executor.parallel:loop closed
[0.873s] DEBUG:colcon.colcon_parallel_executor.executor.parallel:run_until_complete finished with '0'
[0.873s] DEBUG:colcon.colcon_core.event_reactor:joining thread
[0.879s] INFO:colcon.colcon_core.plugin_system:Skipping extension 'colcon_notification.desktop_notification.terminal_notifier': Not used on non-Darwin systems
[0.879s] INFO:colcon.colcon_core.plugin_system:Skipping extension 'colcon_notification.desktop_notification.win32': Not used on non-Windows systems
[0.879s] INFO:colcon.colcon_notification.desktop_notification:Sending desktop notification using 'notify2'
[0.886s] DEBUG:colcon.colcon_core.event_reactor:joined thread
[0.886s] INFO:colcon.colcon_core.shell:Creating prefix script '/home/meng/mDetectRobot/turtlebot3_ws/install/local_setup.ps1'
[0.887s] INFO:colcon.colcon_core.shell:Creating prefix util module '/home/meng/mDetectRobot/turtlebot3_ws/install/_local_setup_util_ps1.py'
[0.888s] INFO:colcon.colcon_core.shell:Creating prefix chain script '/home/meng/mDetectRobot/turtlebot3_ws/install/setup.ps1'
[0.888s] INFO:colcon.colcon_core.shell:Creating prefix script '/home/meng/mDetectRobot/turtlebot3_ws/install/local_setup.sh'
[0.889s] INFO:colcon.colcon_core.shell:Creating prefix util module '/home/meng/mDetectRobot/turtlebot3_ws/install/_local_setup_util_sh.py'
[0.889s] INFO:colcon.colcon_core.shell:Creating prefix chain script '/home/meng/mDetectRobot/turtlebot3_ws/install/setup.sh'
[0.890s] INFO:colcon.colcon_core.shell:Creating prefix script '/home/meng/mDetectRobot/turtlebot3_ws/install/local_setup.bash'
[0.890s] INFO:colcon.colcon_core.shell:Creating prefix chain script '/home/meng/mDetectRobot/turtlebot3_ws/install/setup.bash'
[0.891s] INFO:colcon.colcon_core.shell:Creating prefix script '/home/meng/mDetectRobot/turtlebot3_ws/install/local_setup.zsh'
[0.891s] INFO:colcon.colcon_core.shell:Creating prefix chain script '/home/meng/mDetectRobot/turtlebot3_ws/install/setup.zsh'
