[0.421s] Invoking command in '/home/meng/mDetectRobot/turtlebot3_ws/src/arduino_bridge': PYTHONPATH=/home/meng/mDetectRobot/turtlebot3_ws/build/arduino_bridge/prefix_override:/usr/lib/python3/dist-packages/colcon_core/task/python/colcon_distutils_commands:/home/meng/mDetectRobot/turtlebot3_ws/install/arduino_bridge/lib/python3.10/site-packages:${PYTHONPATH} /usr/bin/python3 -W ignore:setup.py install is deprecated -W ignore:easy_install command is deprecated setup.py egg_info --egg-base ../../build/arduino_bridge build --build-base /home/meng/mDetectRobot/turtlebot3_ws/build/arduino_bridge/build install --record /home/meng/mDetectRobot/turtlebot3_ws/build/arduino_bridge/install.log --single-version-externally-managed install_data
[0.576s] running egg_info
[0.576s] writing ../../build/arduino_bridge/arduino_bridge.egg-info/PKG-INFO
[0.577s] writing dependency_links to ../../build/arduino_bridge/arduino_bridge.egg-info/dependency_links.txt
[0.577s] writing entry points to ../../build/arduino_bridge/arduino_bridge.egg-info/entry_points.txt
[0.577s] writing requirements to ../../build/arduino_bridge/arduino_bridge.egg-info/requires.txt
[0.577s] writing top-level names to ../../build/arduino_bridge/arduino_bridge.egg-info/top_level.txt
[0.578s] reading manifest file '../../build/arduino_bridge/arduino_bridge.egg-info/SOURCES.txt'
[0.578s] writing manifest file '../../build/arduino_bridge/arduino_bridge.egg-info/SOURCES.txt'
[0.578s] running build
[0.578s] running build_py
[0.578s] running install
[0.579s] running install_lib
[0.579s] running install_data
[0.579s] copying launch/robot.launch.py -> /home/meng/mDetectRobot/turtlebot3_ws/install/arduino_bridge/share/arduino_bridge/launch
[0.580s] running install_egg_info
[0.581s] removing '/home/meng/mDetectRobot/turtlebot3_ws/install/arduino_bridge/lib/python3.10/site-packages/arduino_bridge-0.1.0-py3.10.egg-info' (and everything under it)
[0.581s] Copying ../../build/arduino_bridge/arduino_bridge.egg-info to /home/meng/mDetectRobot/turtlebot3_ws/install/arduino_bridge/lib/python3.10/site-packages/arduino_bridge-0.1.0-py3.10.egg-info
[0.581s] running install_scripts
[0.595s] Installing arduino_bridge_node script to /home/meng/mDetectRobot/turtlebot3_ws/install/arduino_bridge/bin
[0.595s] writing list of installed files to '/home/meng/mDetectRobot/turtlebot3_ws/build/arduino_bridge/install.log'
[0.609s] Invoked command in '/home/meng/mDetectRobot/turtlebot3_ws/src/arduino_bridge' returned '0': PYTHONPATH=/home/meng/mDetectRobot/turtlebot3_ws/build/arduino_bridge/prefix_override:/usr/lib/python3/dist-packages/colcon_core/task/python/colcon_distutils_commands:/home/meng/mDetectRobot/turtlebot3_ws/install/arduino_bridge/lib/python3.10/site-packages:${PYTHONPATH} /usr/bin/python3 -W ignore:setup.py install is deprecated -W ignore:easy_install command is deprecated setup.py egg_info --egg-base ../../build/arduino_bridge build --build-base /home/meng/mDetectRobot/turtlebot3_ws/build/arduino_bridge/build install --record /home/meng/mDetectRobot/turtlebot3_ws/build/arduino_bridge/install.log --single-version-externally-managed install_data
