running egg_info
creating ../../build/arduino_bridge/arduino_bridge.egg-info
writing ../../build/arduino_bridge/arduino_bridge.egg-info/PKG-INFO
writing dependency_links to ../../build/arduino_bridge/arduino_bridge.egg-info/dependency_links.txt
writing entry points to ../../build/arduino_bridge/arduino_bridge.egg-info/entry_points.txt
writing requirements to ../../build/arduino_bridge/arduino_bridge.egg-info/requires.txt
writing top-level names to ../../build/arduino_bridge/arduino_bridge.egg-info/top_level.txt
writing manifest file '../../build/arduino_bridge/arduino_bridge.egg-info/SOURCES.txt'
reading manifest file '../../build/arduino_bridge/arduino_bridge.egg-info/SOURCES.txt'
writing manifest file '../../build/arduino_bridge/arduino_bridge.egg-info/SOURCES.txt'
running build
running build_py
creating /home/meng/mDetectRobot/turtlebot3_ws/build/arduino_bridge/build
creating /home/meng/mDetectRobot/turtlebot3_ws/build/arduino_bridge/build/lib
creating /home/meng/mDetectRobot/turtlebot3_ws/build/arduino_bridge/build/lib/arduino_bridge
copying arduino_bridge/__init__.py -> /home/meng/mDetectRobot/turtlebot3_ws/build/arduino_bridge/build/lib/arduino_bridge
copying arduino_bridge/arduino_bridge_node.py -> /home/meng/mDetectRobot/turtlebot3_ws/build/arduino_bridge/build/lib/arduino_bridge
running install
running install_lib
creating /home/meng/mDetectRobot/turtlebot3_ws/install/arduino_bridge/lib/python3.10/site-packages/arduino_bridge
copying /home/meng/mDetectRobot/turtlebot3_ws/build/arduino_bridge/build/lib/arduino_bridge/__init__.py -> /home/meng/mDetectRobot/turtlebot3_ws/install/arduino_bridge/lib/python3.10/site-packages/arduino_bridge
copying /home/meng/mDetectRobot/turtlebot3_ws/build/arduino_bridge/build/lib/arduino_bridge/arduino_bridge_node.py -> /home/meng/mDetectRobot/turtlebot3_ws/install/arduino_bridge/lib/python3.10/site-packages/arduino_bridge
byte-compiling /home/meng/mDetectRobot/turtlebot3_ws/install/arduino_bridge/lib/python3.10/site-packages/arduino_bridge/__init__.py to __init__.cpython-310.pyc
byte-compiling /home/meng/mDetectRobot/turtlebot3_ws/install/arduino_bridge/lib/python3.10/site-packages/arduino_bridge/arduino_bridge_node.py to arduino_bridge_node.cpython-310.pyc
running install_data
creating /home/meng/mDetectRobot/turtlebot3_ws/install/arduino_bridge/share/ament_index
creating /home/meng/mDetectRobot/turtlebot3_ws/install/arduino_bridge/share/ament_index/resource_index
creating /home/meng/mDetectRobot/turtlebot3_ws/install/arduino_bridge/share/ament_index/resource_index/packages
copying resource/arduino_bridge -> /home/meng/mDetectRobot/turtlebot3_ws/install/arduino_bridge/share/ament_index/resource_index/packages
copying package.xml -> /home/meng/mDetectRobot/turtlebot3_ws/install/arduino_bridge/share/arduino_bridge
creating /home/meng/mDetectRobot/turtlebot3_ws/install/arduino_bridge/share/arduino_bridge/launch
copying launch/robot.launch.py -> /home/meng/mDetectRobot/turtlebot3_ws/install/arduino_bridge/share/arduino_bridge/launch
copying launch/arduino_bridge.launch.py -> /home/meng/mDetectRobot/turtlebot3_ws/install/arduino_bridge/share/arduino_bridge/launch
copying launch/workstation.launch.py -> /home/meng/mDetectRobot/turtlebot3_ws/install/arduino_bridge/share/arduino_bridge/launch
creating /home/meng/mDetectRobot/turtlebot3_ws/install/arduino_bridge/share/arduino_bridge/param
copying param/slam_params.yaml -> /home/meng/mDetectRobot/turtlebot3_ws/install/arduino_bridge/share/arduino_bridge/param
copying param/arduino_bridge.yaml -> /home/meng/mDetectRobot/turtlebot3_ws/install/arduino_bridge/share/arduino_bridge/param
copying param/nav2_params.yaml -> /home/meng/mDetectRobot/turtlebot3_ws/install/arduino_bridge/share/arduino_bridge/param
creating /home/meng/mDetectRobot/turtlebot3_ws/install/arduino_bridge/lib/arduino_bridge
copying scripts/arduino_bridge_node -> /home/meng/mDetectRobot/turtlebot3_ws/install/arduino_bridge/lib/arduino_bridge
running install_egg_info
Copying ../../build/arduino_bridge/arduino_bridge.egg-info to /home/meng/mDetectRobot/turtlebot3_ws/install/arduino_bridge/lib/python3.10/site-packages/arduino_bridge-0.1.0-py3.10.egg-info
running install_scripts
Installing arduino_bridge_node script to /home/meng/mDetectRobot/turtlebot3_ws/install/arduino_bridge/bin
writing list of installed files to '/home/meng/mDetectRobot/turtlebot3_ws/build/arduino_bridge/install.log'
