[0.419s] Invoking command in '/home/meng/mDetectRobot/turtlebot3_ws/src/arduino_bridge': PYTHONPATH=/home/meng/mDetectRobot/turtlebot3_ws/build/arduino_bridge/prefix_override:/usr/lib/python3/dist-packages/colcon_core/task/python/colcon_distutils_commands:/home/meng/mDetectRobot/turtlebot3_ws/install/arduino_bridge/lib/python3.10/site-packages:${PYTHONPATH} /usr/bin/python3 -W ignore:setup.py install is deprecated -W ignore:easy_install command is deprecated setup.py egg_info --egg-base ../../build/arduino_bridge build --build-base /home/meng/mDetectRobot/turtlebot3_ws/build/arduino_bridge/build install --record /home/meng/mDetectRobot/turtlebot3_ws/build/arduino_bridge/install.log --single-version-externally-managed install_data
[0.571s] running egg_info
[0.571s] creating ../../build/arduino_bridge/arduino_bridge.egg-info
[0.571s] writing ../../build/arduino_bridge/arduino_bridge.egg-info/PKG-INFO
[0.571s] writing dependency_links to ../../build/arduino_bridge/arduino_bridge.egg-info/dependency_links.txt
[0.571s] writing entry points to ../../build/arduino_bridge/arduino_bridge.egg-info/entry_points.txt
[0.572s] writing requirements to ../../build/arduino_bridge/arduino_bridge.egg-info/requires.txt
[0.572s] writing top-level names to ../../build/arduino_bridge/arduino_bridge.egg-info/top_level.txt
[0.572s] writing manifest file '../../build/arduino_bridge/arduino_bridge.egg-info/SOURCES.txt'
[0.573s] reading manifest file '../../build/arduino_bridge/arduino_bridge.egg-info/SOURCES.txt'
[0.573s] writing manifest file '../../build/arduino_bridge/arduino_bridge.egg-info/SOURCES.txt'
[0.573s] running build
[0.573s] running build_py
[0.573s] creating /home/meng/mDetectRobot/turtlebot3_ws/build/arduino_bridge/build
[0.573s] creating /home/meng/mDetectRobot/turtlebot3_ws/build/arduino_bridge/build/lib
[0.573s] creating /home/meng/mDetectRobot/turtlebot3_ws/build/arduino_bridge/build/lib/arduino_bridge
[0.573s] copying arduino_bridge/__init__.py -> /home/meng/mDetectRobot/turtlebot3_ws/build/arduino_bridge/build/lib/arduino_bridge
[0.573s] copying arduino_bridge/arduino_bridge_node.py -> /home/meng/mDetectRobot/turtlebot3_ws/build/arduino_bridge/build/lib/arduino_bridge
[0.573s] running install
[0.574s] running install_lib
[0.574s] creating /home/meng/mDetectRobot/turtlebot3_ws/install/arduino_bridge/lib/python3.10/site-packages/arduino_bridge
[0.574s] copying /home/meng/mDetectRobot/turtlebot3_ws/build/arduino_bridge/build/lib/arduino_bridge/__init__.py -> /home/meng/mDetectRobot/turtlebot3_ws/install/arduino_bridge/lib/python3.10/site-packages/arduino_bridge
[0.574s] copying /home/meng/mDetectRobot/turtlebot3_ws/build/arduino_bridge/build/lib/arduino_bridge/arduino_bridge_node.py -> /home/meng/mDetectRobot/turtlebot3_ws/install/arduino_bridge/lib/python3.10/site-packages/arduino_bridge
[0.574s] byte-compiling /home/meng/mDetectRobot/turtlebot3_ws/install/arduino_bridge/lib/python3.10/site-packages/arduino_bridge/__init__.py to __init__.cpython-310.pyc
[0.574s] byte-compiling /home/meng/mDetectRobot/turtlebot3_ws/install/arduino_bridge/lib/python3.10/site-packages/arduino_bridge/arduino_bridge_node.py to arduino_bridge_node.cpython-310.pyc
[0.576s] running install_data
[0.577s] creating /home/meng/mDetectRobot/turtlebot3_ws/install/arduino_bridge/share/ament_index
[0.577s] creating /home/meng/mDetectRobot/turtlebot3_ws/install/arduino_bridge/share/ament_index/resource_index
[0.577s] creating /home/meng/mDetectRobot/turtlebot3_ws/install/arduino_bridge/share/ament_index/resource_index/packages
[0.577s] copying resource/arduino_bridge -> /home/meng/mDetectRobot/turtlebot3_ws/install/arduino_bridge/share/ament_index/resource_index/packages
[0.577s] copying package.xml -> /home/meng/mDetectRobot/turtlebot3_ws/install/arduino_bridge/share/arduino_bridge
[0.577s] creating /home/meng/mDetectRobot/turtlebot3_ws/install/arduino_bridge/share/arduino_bridge/launch
[0.577s] copying launch/robot.launch.py -> /home/meng/mDetectRobot/turtlebot3_ws/install/arduino_bridge/share/arduino_bridge/launch
[0.577s] copying launch/arduino_bridge.launch.py -> /home/meng/mDetectRobot/turtlebot3_ws/install/arduino_bridge/share/arduino_bridge/launch
[0.577s] copying launch/workstation.launch.py -> /home/meng/mDetectRobot/turtlebot3_ws/install/arduino_bridge/share/arduino_bridge/launch
[0.577s] creating /home/meng/mDetectRobot/turtlebot3_ws/install/arduino_bridge/share/arduino_bridge/param
[0.577s] copying param/slam_params.yaml -> /home/meng/mDetectRobot/turtlebot3_ws/install/arduino_bridge/share/arduino_bridge/param
[0.577s] copying param/arduino_bridge.yaml -> /home/meng/mDetectRobot/turtlebot3_ws/install/arduino_bridge/share/arduino_bridge/param
[0.577s] copying param/nav2_params.yaml -> /home/meng/mDetectRobot/turtlebot3_ws/install/arduino_bridge/share/arduino_bridge/param
[0.577s] creating /home/meng/mDetectRobot/turtlebot3_ws/install/arduino_bridge/lib/arduino_bridge
[0.577s] copying scripts/arduino_bridge_node -> /home/meng/mDetectRobot/turtlebot3_ws/install/arduino_bridge/lib/arduino_bridge
[0.577s] running install_egg_info
[0.578s] Copying ../../build/arduino_bridge/arduino_bridge.egg-info to /home/meng/mDetectRobot/turtlebot3_ws/install/arduino_bridge/lib/python3.10/site-packages/arduino_bridge-0.1.0-py3.10.egg-info
[0.578s] running install_scripts
[0.592s] Installing arduino_bridge_node script to /home/meng/mDetectRobot/turtlebot3_ws/install/arduino_bridge/bin
[0.592s] writing list of installed files to '/home/meng/mDetectRobot/turtlebot3_ws/build/arduino_bridge/install.log'
[0.607s] Invoked command in '/home/meng/mDetectRobot/turtlebot3_ws/src/arduino_bridge' returned '0': PYTHONPATH=/home/meng/mDetectRobot/turtlebot3_ws/build/arduino_bridge/prefix_override:/usr/lib/python3/dist-packages/colcon_core/task/python/colcon_distutils_commands:/home/meng/mDetectRobot/turtlebot3_ws/install/arduino_bridge/lib/python3.10/site-packages:${PYTHONPATH} /usr/bin/python3 -W ignore:setup.py install is deprecated -W ignore:easy_install command is deprecated setup.py egg_info --egg-base ../../build/arduino_bridge build --build-base /home/meng/mDetectRobot/turtlebot3_ws/build/arduino_bridge/build install --record /home/meng/mDetectRobot/turtlebot3_ws/build/arduino_bridge/install.log --single-version-externally-managed install_data
