[0.071s] DEBUG:colcon:Command line arguments: ['/usr/bin/colcon', 'build', '--packages-select', 'cspc_lidar']
[0.071s] DEBUG:colcon:Parsed command line arguments: Namespace(log_base=None, log_level=None, verb_name='build', build_base='build', install_base='install', merge_install=False, symlink_install=False, test_result_base=None, continue_on_error=False, executor='parallel', parallel_workers=20, event_handlers=None, ignore_user_meta=False, metas=['./colcon.meta'], base_paths=['.'], packages_ignore=None, packages_ignore_regex=None, paths=None, packages_up_to=None, packages_up_to_regex=None, packages_above=None, packages_above_and_dependencies=None, packages_above_depth=None, packages_select_by_dep=None, packages_skip_by_dep=None, packages_skip_up_to=None, packages_select_build_failed=False, packages_skip_build_finished=False, packages_select_test_failures=False, packages_skip_test_passed=False, packages_select=['cspc_lidar'], packages_skip=None, packages_select_regex=None, packages_skip_regex=None, packages_start=None, packages_end=None, allow_overriding=[], cmake_args=None, cmake_target=None, cmake_target_skip_unavailable=False, cmake_clean_cache=False, cmake_clean_first=False, cmake_force_configure=False, ament_cmake_args=None, catkin_cmake_args=None, catkin_skip_building_tests=False, mixin_files=None, mixin=None, verb_parser=<colcon_mixin.mixin.mixin_argument.MixinArgumentDecorator object at 0x77e75d484250>, verb_extension=<colcon_core.verb.build.BuildVerb object at 0x77e75d44fc40>, main=<bound method BuildVerb.main of <colcon_core.verb.build.BuildVerb object at 0x77e75d44fc40>>, mixin_verb=('build',))
[0.176s] Level 1:colcon.colcon_core.package_discovery:discover_packages(colcon_meta) check parameters
[0.176s] Level 1:colcon.colcon_core.package_discovery:discover_packages(recursive) check parameters
[0.176s] Level 1:colcon.colcon_core.package_discovery:discover_packages(ignore) check parameters
[0.176s] Level 1:colcon.colcon_core.package_discovery:discover_packages(path) check parameters
[0.176s] Level 1:colcon.colcon_core.package_discovery:discover_packages(colcon_meta) discover
[0.176s] Level 1:colcon.colcon_core.package_discovery:discover_packages(recursive) discover
[0.176s] INFO:colcon.colcon_core.package_discovery:Crawling recursively for packages in '/home/meng/mDetectRobot/mDetectRobot/cspc_lidar_sdk_ros2_D4'
[0.177s] Level 1:colcon.colcon_core.package_identification:_identify(.) by extensions ['ignore', 'ignore_ament_install']
[0.177s] Level 1:colcon.colcon_core.package_identification:_identify(.) by extension 'ignore'
[0.177s] Level 1:colcon.colcon_core.package_identification:_identify(.) by extension 'ignore_ament_install'
[0.177s] Level 1:colcon.colcon_core.package_identification:_identify(.) by extensions ['colcon_pkg']
[0.177s] Level 1:colcon.colcon_core.package_identification:_identify(.) by extension 'colcon_pkg'
[0.177s] Level 1:colcon.colcon_core.package_identification:_identify(.) by extensions ['colcon_meta']
[0.177s] Level 1:colcon.colcon_core.package_identification:_identify(.) by extension 'colcon_meta'
[0.177s] Level 1:colcon.colcon_core.package_identification:_identify(.) by extensions ['ros']
[0.177s] Level 1:colcon.colcon_core.package_identification:_identify(.) by extension 'ros'
[0.190s] Level 1:colcon.colcon_core.package_identification:_identify(.) by extensions ['cmake', 'python']
[0.190s] Level 1:colcon.colcon_core.package_identification:_identify(.) by extension 'cmake'
[0.190s] Level 1:colcon.colcon_core.package_identification:_identify(.) by extension 'python'
[0.190s] Level 1:colcon.colcon_core.package_identification:_identify(.) by extensions ['python_setup_py']
[0.190s] Level 1:colcon.colcon_core.package_identification:_identify(.) by extension 'python_setup_py'
[0.190s] Level 1:colcon.colcon_core.package_identification:_identify(build) by extensions ['ignore', 'ignore_ament_install']
[0.190s] Level 1:colcon.colcon_core.package_identification:_identify(build) by extension 'ignore'
[0.190s] Level 1:colcon.colcon_core.package_identification:_identify(build) ignored
[0.190s] Level 1:colcon.colcon_core.package_identification:_identify(cspc_lidar_sdk_ros2) by extensions ['ignore', 'ignore_ament_install']
[0.190s] Level 1:colcon.colcon_core.package_identification:_identify(cspc_lidar_sdk_ros2) by extension 'ignore'
[0.190s] Level 1:colcon.colcon_core.package_identification:_identify(cspc_lidar_sdk_ros2) by extension 'ignore_ament_install'
[0.190s] Level 1:colcon.colcon_core.package_identification:_identify(cspc_lidar_sdk_ros2) by extensions ['colcon_pkg']
[0.190s] Level 1:colcon.colcon_core.package_identification:_identify(cspc_lidar_sdk_ros2) by extension 'colcon_pkg'
[0.190s] Level 1:colcon.colcon_core.package_identification:_identify(cspc_lidar_sdk_ros2) by extensions ['colcon_meta']
[0.190s] Level 1:colcon.colcon_core.package_identification:_identify(cspc_lidar_sdk_ros2) by extension 'colcon_meta'
[0.190s] Level 1:colcon.colcon_core.package_identification:_identify(cspc_lidar_sdk_ros2) by extensions ['ros']
[0.190s] Level 1:colcon.colcon_core.package_identification:_identify(cspc_lidar_sdk_ros2) by extension 'ros'
[0.192s] DEBUG:colcon.colcon_core.package_identification:Package 'cspc_lidar_sdk_ros2' with type 'ros.ament_cmake' and name 'cspc_lidar'
[0.192s] Level 1:colcon.colcon_core.package_identification:_identify(install) by extensions ['ignore', 'ignore_ament_install']
[0.192s] Level 1:colcon.colcon_core.package_identification:_identify(install) by extension 'ignore'
[0.192s] Level 1:colcon.colcon_core.package_identification:_identify(install) ignored
[0.192s] Level 1:colcon.colcon_core.package_identification:_identify(log) by extensions ['ignore', 'ignore_ament_install']
[0.192s] Level 1:colcon.colcon_core.package_identification:_identify(log) by extension 'ignore'
[0.192s] Level 1:colcon.colcon_core.package_identification:_identify(log) ignored
[0.192s] Level 1:colcon.colcon_core.package_discovery:discover_packages(recursive) using defaults
[0.192s] Level 1:colcon.colcon_core.package_discovery:discover_packages(ignore) discover
[0.192s] Level 1:colcon.colcon_core.package_discovery:discover_packages(ignore) using defaults
[0.192s] Level 1:colcon.colcon_core.package_discovery:discover_packages(path) discover
[0.192s] Level 1:colcon.colcon_core.package_discovery:discover_packages(path) using defaults
[0.205s] Level 1:colcon.colcon_core.package_discovery:discover_packages(prefix_path) check parameters
[0.205s] Level 1:colcon.colcon_core.package_discovery:discover_packages(prefix_path) discover
[0.206s] DEBUG:colcon.colcon_installed_package_information.package_discovery:Found 3 installed packages in /home/meng/mDetectRobot/mDetectRobot/turtlebot3_ws/install
[0.207s] DEBUG:colcon.colcon_installed_package_information.package_discovery:Found 2 installed packages in /home/meng/mdetect_ws/install
[0.207s] DEBUG:colcon.colcon_installed_package_information.package_discovery:Found 1 installed packages in /home/meng/ldlidar_ros2_ws/install
[0.208s] DEBUG:colcon.colcon_installed_package_information.package_discovery:Found 453 installed packages in /opt/ros/humble
[0.210s] Level 1:colcon.colcon_core.package_discovery:discover_packages(prefix_path) using defaults
[0.242s] Level 5:colcon.colcon_core.verb:set package 'cspc_lidar' build argument 'cmake_args' from command line to 'None'
[0.242s] Level 5:colcon.colcon_core.verb:set package 'cspc_lidar' build argument 'cmake_target' from command line to 'None'
[0.243s] Level 5:colcon.colcon_core.verb:set package 'cspc_lidar' build argument 'cmake_target_skip_unavailable' from command line to 'False'
[0.243s] Level 5:colcon.colcon_core.verb:set package 'cspc_lidar' build argument 'cmake_clean_cache' from command line to 'False'
[0.243s] Level 5:colcon.colcon_core.verb:set package 'cspc_lidar' build argument 'cmake_clean_first' from command line to 'False'
[0.243s] Level 5:colcon.colcon_core.verb:set package 'cspc_lidar' build argument 'cmake_force_configure' from command line to 'False'
[0.243s] Level 5:colcon.colcon_core.verb:set package 'cspc_lidar' build argument 'ament_cmake_args' from command line to 'None'
[0.243s] Level 5:colcon.colcon_core.verb:set package 'cspc_lidar' build argument 'catkin_cmake_args' from command line to 'None'
[0.243s] Level 5:colcon.colcon_core.verb:set package 'cspc_lidar' build argument 'catkin_skip_building_tests' from command line to 'False'
[0.243s] DEBUG:colcon.colcon_core.verb:Building package 'cspc_lidar' with the following arguments: {'ament_cmake_args': None, 'build_base': '/home/meng/mDetectRobot/mDetectRobot/cspc_lidar_sdk_ros2_D4/build/cspc_lidar', 'catkin_cmake_args': None, 'catkin_skip_building_tests': False, 'cmake_args': None, 'cmake_clean_cache': False, 'cmake_clean_first': False, 'cmake_force_configure': False, 'cmake_target': None, 'cmake_target_skip_unavailable': False, 'install_base': '/home/meng/mDetectRobot/mDetectRobot/cspc_lidar_sdk_ros2_D4/install/cspc_lidar', 'merge_install': False, 'path': '/home/meng/mDetectRobot/mDetectRobot/cspc_lidar_sdk_ros2_D4/cspc_lidar_sdk_ros2', 'symlink_install': False, 'test_result_base': None}
[0.243s] INFO:colcon.colcon_core.executor:Executing jobs using 'parallel' executor
[0.244s] DEBUG:colcon.colcon_parallel_executor.executor.parallel:run_until_complete
[0.244s] INFO:colcon.colcon_ros.task.ament_cmake.build:Building ROS package in '/home/meng/mDetectRobot/mDetectRobot/cspc_lidar_sdk_ros2_D4/cspc_lidar_sdk_ros2' with build type 'ament_cmake'
[0.244s] INFO:colcon.colcon_cmake.task.cmake.build:Building CMake package in '/home/meng/mDetectRobot/mDetectRobot/cspc_lidar_sdk_ros2_D4/cspc_lidar_sdk_ros2'
[0.245s] INFO:colcon.colcon_core.plugin_system:Skipping extension 'colcon_core.shell.bat': Not used on non-Windows systems
[0.245s] INFO:colcon.colcon_core.shell:Skip shell extension 'powershell' for command environment: Not usable outside of PowerShell
[0.245s] DEBUG:colcon.colcon_core.shell:Skip shell extension 'dsv' for command environment
[0.251s] DEBUG:colcon.colcon_core.event_handler.log_command:Invoking command in '/home/meng/mDetectRobot/mDetectRobot/cspc_lidar_sdk_ros2_D4/build/cspc_lidar': CMAKE_PREFIX_PATH=${CMAKE_PREFIX_PATH}:/home/meng/mdetect_ws/install/mdetect_navigation:/opt/ros/humble /usr/bin/cmake /home/meng/mDetectRobot/mDetectRobot/cspc_lidar_sdk_ros2_D4/cspc_lidar_sdk_ros2 -DCMAKE_INSTALL_PREFIX=/home/meng/mDetectRobot/mDetectRobot/cspc_lidar_sdk_ros2_D4/install/cspc_lidar
[2.999s] DEBUG:colcon.colcon_core.event_handler.log_command:Invoked command in '/home/meng/mDetectRobot/mDetectRobot/cspc_lidar_sdk_ros2_D4/build/cspc_lidar' returned '0': CMAKE_PREFIX_PATH=${CMAKE_PREFIX_PATH}:/home/meng/mdetect_ws/install/mdetect_navigation:/opt/ros/humble /usr/bin/cmake /home/meng/mDetectRobot/mDetectRobot/cspc_lidar_sdk_ros2_D4/cspc_lidar_sdk_ros2 -DCMAKE_INSTALL_PREFIX=/home/meng/mDetectRobot/mDetectRobot/cspc_lidar_sdk_ros2_D4/install/cspc_lidar
[3.000s] DEBUG:colcon.colcon_core.event_handler.log_command:Invoking command in '/home/meng/mDetectRobot/mDetectRobot/cspc_lidar_sdk_ros2_D4/build/cspc_lidar': CMAKE_PREFIX_PATH=${CMAKE_PREFIX_PATH}:/home/meng/mdetect_ws/install/mdetect_navigation:/opt/ros/humble /usr/bin/cmake --build /home/meng/mDetectRobot/mDetectRobot/cspc_lidar_sdk_ros2_D4/build/cspc_lidar -- -j20 -l20
[3.529s] DEBUG:colcon.colcon_core.event_handler.log_command:Invoked command in '/home/meng/mDetectRobot/mDetectRobot/cspc_lidar_sdk_ros2_D4/build/cspc_lidar' returned '2': CMAKE_PREFIX_PATH=${CMAKE_PREFIX_PATH}:/home/meng/mdetect_ws/install/mdetect_navigation:/opt/ros/humble /usr/bin/cmake --build /home/meng/mDetectRobot/mDetectRobot/cspc_lidar_sdk_ros2_D4/build/cspc_lidar -- -j20 -l20
[3.530s] Level 1:colcon.colcon_core.environment:create_environment_scripts_only(cspc_lidar)
[3.532s] Level 1:colcon.colcon_core.environment:checking '/home/meng/mDetectRobot/mDetectRobot/cspc_lidar_sdk_ros2_D4/install/cspc_lidar' for CMake module files
[3.533s] Level 1:colcon.colcon_core.environment:checking '/home/meng/mDetectRobot/mDetectRobot/cspc_lidar_sdk_ros2_D4/install/cspc_lidar' for CMake config files
[3.533s] Level 1:colcon.colcon_core.environment:checking '/home/meng/mDetectRobot/mDetectRobot/cspc_lidar_sdk_ros2_D4/install/cspc_lidar/bin'
[3.533s] Level 1:colcon.colcon_core.environment:checking '/home/meng/mDetectRobot/mDetectRobot/cspc_lidar_sdk_ros2_D4/install/cspc_lidar/lib/pkgconfig/cspc_lidar.pc'
[3.533s] Level 1:colcon.colcon_core.environment:checking '/home/meng/mDetectRobot/mDetectRobot/cspc_lidar_sdk_ros2_D4/install/cspc_lidar/lib/python3.10/site-packages'
[3.534s] Level 1:colcon.colcon_core.environment:checking '/home/meng/mDetectRobot/mDetectRobot/cspc_lidar_sdk_ros2_D4/install/cspc_lidar/bin'
[3.534s] INFO:colcon.colcon_core.shell:Creating package script '/home/meng/mDetectRobot/mDetectRobot/cspc_lidar_sdk_ros2_D4/install/cspc_lidar/share/cspc_lidar/package.ps1'
[3.535s] INFO:colcon.colcon_core.shell:Creating package descriptor '/home/meng/mDetectRobot/mDetectRobot/cspc_lidar_sdk_ros2_D4/install/cspc_lidar/share/cspc_lidar/package.dsv'
[3.536s] INFO:colcon.colcon_core.shell:Creating package script '/home/meng/mDetectRobot/mDetectRobot/cspc_lidar_sdk_ros2_D4/install/cspc_lidar/share/cspc_lidar/package.sh'
[3.537s] INFO:colcon.colcon_core.shell:Creating package script '/home/meng/mDetectRobot/mDetectRobot/cspc_lidar_sdk_ros2_D4/install/cspc_lidar/share/cspc_lidar/package.bash'
[3.538s] INFO:colcon.colcon_core.shell:Creating package script '/home/meng/mDetectRobot/mDetectRobot/cspc_lidar_sdk_ros2_D4/install/cspc_lidar/share/cspc_lidar/package.zsh'
[3.538s] Level 1:colcon.colcon_core.environment:create_file_with_runtime_dependencies(/home/meng/mDetectRobot/mDetectRobot/cspc_lidar_sdk_ros2_D4/install/cspc_lidar/share/colcon-core/packages/cspc_lidar)
[3.548s] DEBUG:colcon.colcon_parallel_executor.executor.parallel:closing loop
[3.548s] DEBUG:colcon.colcon_parallel_executor.executor.parallel:loop closed
[3.548s] DEBUG:colcon.colcon_parallel_executor.executor.parallel:run_until_complete finished with '2'
[3.548s] DEBUG:colcon.colcon_core.event_reactor:joining thread
[3.554s] INFO:colcon.colcon_core.plugin_system:Skipping extension 'colcon_notification.desktop_notification.terminal_notifier': Not used on non-Darwin systems
[3.554s] INFO:colcon.colcon_core.plugin_system:Skipping extension 'colcon_notification.desktop_notification.win32': Not used on non-Windows systems
[3.554s] INFO:colcon.colcon_notification.desktop_notification:Sending desktop notification using 'notify2'
[3.563s] DEBUG:colcon.colcon_core.event_reactor:joined thread
[3.563s] INFO:colcon.colcon_core.shell:Creating prefix script '/home/meng/mDetectRobot/mDetectRobot/cspc_lidar_sdk_ros2_D4/install/local_setup.ps1'
[3.564s] INFO:colcon.colcon_core.shell:Creating prefix util module '/home/meng/mDetectRobot/mDetectRobot/cspc_lidar_sdk_ros2_D4/install/_local_setup_util_ps1.py'
[3.565s] INFO:colcon.colcon_core.shell:Creating prefix chain script '/home/meng/mDetectRobot/mDetectRobot/cspc_lidar_sdk_ros2_D4/install/setup.ps1'
[3.565s] INFO:colcon.colcon_core.shell:Creating prefix script '/home/meng/mDetectRobot/mDetectRobot/cspc_lidar_sdk_ros2_D4/install/local_setup.sh'
[3.566s] INFO:colcon.colcon_core.shell:Creating prefix util module '/home/meng/mDetectRobot/mDetectRobot/cspc_lidar_sdk_ros2_D4/install/_local_setup_util_sh.py'
[3.566s] INFO:colcon.colcon_core.shell:Creating prefix chain script '/home/meng/mDetectRobot/mDetectRobot/cspc_lidar_sdk_ros2_D4/install/setup.sh'
[3.567s] INFO:colcon.colcon_core.shell:Creating prefix script '/home/meng/mDetectRobot/mDetectRobot/cspc_lidar_sdk_ros2_D4/install/local_setup.bash'
[3.567s] INFO:colcon.colcon_core.shell:Creating prefix chain script '/home/meng/mDetectRobot/mDetectRobot/cspc_lidar_sdk_ros2_D4/install/setup.bash'
[3.568s] INFO:colcon.colcon_core.shell:Creating prefix script '/home/meng/mDetectRobot/mDetectRobot/cspc_lidar_sdk_ros2_D4/install/local_setup.zsh'
[3.568s] INFO:colcon.colcon_core.shell:Creating prefix chain script '/home/meng/mDetectRobot/mDetectRobot/cspc_lidar_sdk_ros2_D4/install/setup.zsh'
