-- Found ament_cmake: 1.3.14 (/opt/ros/humble/share/ament_cmake/cmake)
-- Found rclcpp: 16.0.19 (/opt/ros/humble/share/rclcpp/cmake)
-- Found rosidl_generator_c: 3.1.8 (/opt/ros/humble/share/rosidl_generator_c/cmake)
-- Found rosidl_adapter: 3.1.8 (/opt/ros/humble/share/rosidl_adapter/cmake)
-- Found rosidl_generator_cpp: 3.1.8 (/opt/ros/humble/share/rosidl_generator_cpp/cmake)
-- Using all available rosidl_typesupport_c: rosidl_typesupport_fastrtps_c;rosidl_typesupport_introspection_c
-- Using all available rosidl_typesupport_cpp: rosidl_typesupport_fastrtps_cpp;rosidl_typesupport_introspection_cpp
-- Found rmw_implementation_cmake: 6.1.2 (/opt/ros/humble/share/rmw_implementation_cmake/cmake)
-- Found rmw_fastrtps_cpp: 6.2.10 (/opt/ros/humble/share/rmw_fastrtps_cpp/cmake)
-- Using RMW implementation 'rmw_fastrtps_cpp' as default
-- Found sensor_msgs: 4.9.1 (/opt/ros/humble/share/sensor_msgs/cmake)
-- Found visualization_msgs: 4.9.1 (/opt/ros/humble/share/visualization_msgs/cmake)
-- Found pcl_conversions: 2.4.5 (/opt/ros/humble/share/pcl_conversions/cmake)
-- Eigen found (include: /usr/include/eigen3, version: 3.4.0)
-- FLANN found (include: /usr/include, lib: /usr/lib/x86_64-linux-gnu/libflann_cpp.so)
-- OpenNI found (version: 1.5.4.0, include: /usr/include/ni, lib: /usr/lib/libOpenNI.so;libusb::libusb)
-- OpenNI2 found (version: 2.2.0.33, include: /usr/include/openni2, lib: /usr/lib/x86_64-linux-gnu/libOpenNI2.so;libusb::libusb)
-- Eigen found (include: /usr/include/eigen3, version: 3.4.0)
-- OpenNI found (version: 1.5.4.0, include: /usr/include/ni, lib: /usr/lib/libOpenNI.so;libusb::libusb)
-- OpenNI2 found (version: 2.2.0.33, include: /usr/include/openni2, lib: /usr/lib/x86_64-linux-gnu/libOpenNI2.so;libusb::libusb)
-- Found Qhull version 8.0.2
-- OpenNI found (version: 1.5.4.0, include: /usr/include/ni, lib: /usr/lib/libOpenNI.so;libusb::libusb)
CMake Warning (dev) at CMakeLists.txt:20 (find_package):
  Policy CMP0074 is not set: find_package uses <PackageName>_ROOT variables.
  Run "cmake --help-policy CMP0074" for policy details.  Use the cmake_policy
  command to set the policy and suppress this warning.

  CMake variable PCL_ROOT is set to:

    /usr

  For compatibility, CMake is ignoring the variable.
This warning is for project developers.  Use -Wno-dev to suppress it.

-- Found ament_lint_auto: 0.12.15 (/opt/ros/humble/share/ament_lint_auto/cmake)
-- Found eigen3_cmake_module: 0.1.1 (/opt/ros/humble/share/eigen3_cmake_module/cmake)
-- Ensuring Eigen3 include directory is part of orocos-kdl CMake target
-- Added test 'copyright' to check source files copyright and LICENSE
-- Added test 'cppcheck' to perform static code analysis on C / C++ code
-- Configured cppcheck include dirs: /home/meng/mDetectRobot/turtlebot3_ws/src/cspc_lidar/include/cspc_lidar;/home/meng/mDetectRobot/turtlebot3_ws/src/cspc_lidar/sdk
-- Configured cppcheck exclude dirs and/or files: 
-- Added test 'cpplint' to check C / C++ code against the Google style
-- Configured cpplint exclude dirs and/or files: 
-- Added test 'flake8' to check Python code syntax and style conventions
-- Added test 'lint_cmake' to check CMake code style
-- Added test 'pep257' to check Python code against some of the docstring style conventions in PEP 257
-- Added test 'uncrustify' to check C / C++ code style
-- Configured uncrustify additional arguments: 
-- Added test 'xmllint' to check XML markup files
-- Configuring done
-- Generating done
-- Build files have been written to: /home/meng/mDetectRobot/turtlebot3_ws/build/cspc_lidar
Consolidate compiler generated dependencies of target cspc_lidar
[ 11%] Building CXX object CMakeFiles/cspc_lidar.dir/sdk/node_lidar.cpp.o
[ 22%] Building CXX object CMakeFiles/cspc_lidar.dir/src/node_lidar_ros.cpp.o
/home/meng/mDetectRobot/turtlebot3_ws/src/cspc_lidar/sdk/node_lidar.cpp: In function ‘void flushSerial()’:
/home/meng/mDetectRobot/turtlebot3_ws/src/cspc_lidar/sdk/node_lidar.cpp:53:24: warning: unused variable ‘bytes_read’ [-Wunused-variable]
   53 |                 size_t bytes_read = node_lidar.serial_port->read_data(buffer, len);
      |                        ^~~~~~~~~~
/home/meng/mDetectRobot/turtlebot3_ws/src/cspc_lidar/sdk/node_lidar.cpp: In function ‘bool lidar_state_judgment()’:
/home/meng/mDetectRobot/turtlebot3_ws/src/cspc_lidar/sdk/node_lidar.cpp:86:52: warning: format ‘%lld’ expects argument of type ‘long long int’, but argument 2 has type ‘uint64_t’ {aka ‘long unsigned int’} [-Wformat=]
   86 |                 printf("Status abnormal restart %lld\n",lidar_status_time);
      |                                                 ~~~^    ~~~~~~~~~~~~~~~~~
      |                                                    |    |
      |                                                    |    uint64_t {aka long unsigned int}
      |                                                    long long int
      |                                                 %ld
/home/meng/mDetectRobot/turtlebot3_ws/src/cspc_lidar/sdk/node_lidar.cpp:62:21: warning: unused variable ‘status_judge’ [-Wunused-variable]
   62 |         static bool status_judge = false;     //Overall status judgment
      |                     ^~~~~~~~~~~~
/home/meng/mDetectRobot/turtlebot3_ws/src/cspc_lidar/sdk/node_lidar.cpp:65:21: warning: variable ‘lidar_start_flag’ set but not used [-Wunused-but-set-variable]
   65 |         static bool lidar_start_flag = false; //Lidar feedback flag after issuing the lidar startup command
      |                     ^~~~~~~~~~~~~~~~
/home/meng/mDetectRobot/turtlebot3_ws/src/cspc_lidar/sdk/node_lidar.cpp: In function ‘int read_forever()’:
/home/meng/mDetectRobot/turtlebot3_ws/src/cspc_lidar/sdk/node_lidar.cpp:205:82: warning: format ‘%d’ expects argument of type ‘int’, but argument 2 has type ‘size_t’ {aka ‘long unsigned int’} [-Wformat=]
  205 |                                                         printf("full----- count=%d,time=%lld,frequence=%d\n",scan_count,current_times(),local_scan[0].scan_frequence);
      |                                                                                 ~^                           ~~~~~~~~~~
      |                                                                                  |                           |
      |                                                                                  int                         size_t {aka long unsigned int}
      |                                                                                 %ld
/home/meng/mDetectRobot/turtlebot3_ws/src/cspc_lidar/sdk/node_lidar.cpp:205:92: warning: format ‘%lld’ expects argument of type ‘long long int’, but argument 3 has type ‘int64_t’ {aka ‘long int’} [-Wformat=]
  205 |                                                         printf("full----- count=%d,time=%lld,frequence=%d\n",scan_count,current_times(),local_scan[0].scan_frequence);
      |                                                                                         ~~~^                            ~~~~~~~~~~~~~~~
      |                                                                                            |                                         |
      |                                                                                            long long int                             int64_t {aka long int}
      |                                                                                         %ld
/home/meng/mDetectRobot/turtlebot3_ws/src/cspc_lidar/sdk/node_lidar.cpp: In function ‘void send_lidar_data(LaserScan&)’:
/home/meng/mDetectRobot/turtlebot3_ws/src/cspc_lidar/sdk/node_lidar.cpp:311:43: warning: comparison of integer expressions of different signedness: ‘int’ and ‘size_t’ {aka ‘long unsigned int’} [-Wsign-compare]
  311 |                         for (int i = 0; i < count; i++)
      |                                         ~~^~~~~~~
/home/meng/mDetectRobot/turtlebot3_ws/src/cspc_lidar/sdk/node_lidar.cpp: At global scope:
/home/meng/mDetectRobot/turtlebot3_ws/src/cspc_lidar/sdk/node_lidar.cpp:62:21: warning: ‘status_judge’ defined but not used [-Wunused-variable]
   62 |         static bool status_judge = false;     //Overall status judgment
      |                     ^~~~~~~~~~~~
/home/meng/mDetectRobot/turtlebot3_ws/src/cspc_lidar/src/node_lidar_ros.cpp: In function ‘int Scan_to_PointCloud(LaserScan&, sensor_msgs::msg::PointCloud2&)’:
/home/meng/mDetectRobot/turtlebot3_ws/src/cspc_lidar/src/node_lidar_ros.cpp:87:24: warning: comparison of integer expressions of different signedness: ‘int’ and ‘std::vector<LaserPoint>::size_type’ {aka ‘long unsigned int’} [-Wsign-compare]
   87 |         for(int i = 0;i<scan.points.size();i++)
      |                       ~^~~~~~~~~~~~~~~~~~~
/home/meng/mDetectRobot/turtlebot3_ws/src/cspc_lidar/src/node_lidar_ros.cpp: In function ‘int main(int, char**)’:
/home/meng/mDetectRobot/turtlebot3_ws/src/cspc_lidar/src/node_lidar_ros.cpp:186:40: warning: comparison of integer expressions of different signedness: ‘int’ and ‘std::vector<LaserPoint>::size_type’ {aka ‘long unsigned int’} [-Wsign-compare]
  186 |                         for(int i=0; i < scan.points.size(); i++) {
      |                                      ~~^~~~~~~~~~~~~~~~~~~~
[ 33%] Linking CXX executable cspc_lidar
[100%] Built target cspc_lidar
-- Install configuration: ""
-- Installing: /home/meng/mDetectRobot/turtlebot3_ws/install/cspc_lidar/lib/cspc_lidar/cspc_lidar
-- Set runtime path of "/home/meng/mDetectRobot/turtlebot3_ws/install/cspc_lidar/lib/cspc_lidar/cspc_lidar" to ""
-- Up-to-date: /home/meng/mDetectRobot/turtlebot3_ws/install/cspc_lidar/share/cspc_lidar/launch
-- Up-to-date: /home/meng/mDetectRobot/turtlebot3_ws/install/cspc_lidar/share/cspc_lidar/launch/cspc_lidar.launch.py
-- Up-to-date: /home/meng/mDetectRobot/turtlebot3_ws/install/cspc_lidar/share/cspc_lidar/params
-- Up-to-date: /home/meng/mDetectRobot/turtlebot3_ws/install/cspc_lidar/share/cspc_lidar/params/cspc_lidar.yaml
-- Up-to-date: /home/meng/mDetectRobot/turtlebot3_ws/install/cspc_lidar/share/ament_index/resource_index/package_run_dependencies/cspc_lidar
-- Up-to-date: /home/meng/mDetectRobot/turtlebot3_ws/install/cspc_lidar/share/ament_index/resource_index/parent_prefix_path/cspc_lidar
-- Up-to-date: /home/meng/mDetectRobot/turtlebot3_ws/install/cspc_lidar/share/cspc_lidar/environment/ament_prefix_path.sh
-- Installing: /home/meng/mDetectRobot/turtlebot3_ws/install/cspc_lidar/share/cspc_lidar/environment/ament_prefix_path.dsv
-- Up-to-date: /home/meng/mDetectRobot/turtlebot3_ws/install/cspc_lidar/share/cspc_lidar/environment/path.sh
-- Installing: /home/meng/mDetectRobot/turtlebot3_ws/install/cspc_lidar/share/cspc_lidar/environment/path.dsv
-- Up-to-date: /home/meng/mDetectRobot/turtlebot3_ws/install/cspc_lidar/share/cspc_lidar/local_setup.bash
-- Up-to-date: /home/meng/mDetectRobot/turtlebot3_ws/install/cspc_lidar/share/cspc_lidar/local_setup.sh
-- Up-to-date: /home/meng/mDetectRobot/turtlebot3_ws/install/cspc_lidar/share/cspc_lidar/local_setup.zsh
-- Installing: /home/meng/mDetectRobot/turtlebot3_ws/install/cspc_lidar/share/cspc_lidar/local_setup.dsv
-- Installing: /home/meng/mDetectRobot/turtlebot3_ws/install/cspc_lidar/share/cspc_lidar/package.dsv
-- Up-to-date: /home/meng/mDetectRobot/turtlebot3_ws/install/cspc_lidar/share/ament_index/resource_index/packages/cspc_lidar
-- Up-to-date: /home/meng/mDetectRobot/turtlebot3_ws/install/cspc_lidar/share/cspc_lidar/cmake/cspc_lidarConfig.cmake
-- Up-to-date: /home/meng/mDetectRobot/turtlebot3_ws/install/cspc_lidar/share/cspc_lidar/cmake/cspc_lidarConfig-version.cmake
-- Up-to-date: /home/meng/mDetectRobot/turtlebot3_ws/install/cspc_lidar/share/cspc_lidar/package.xml
