[0.008s] Invoking command in '/home/meng/mDetectRobot/turtlebot3_ws/build/cspc_lidar': CMAKE_PREFIX_PATH=${CMAKE_PREFIX_PATH}:/home/meng/mdetect_ws/install/mdetect_navigation:/opt/ros/humble /usr/bin/cmake /home/meng/mDetectRobot/turtlebot3_ws/src/cspc_lidar -DCMAKE_EXPORT_COMPILE_COMMANDS=ON -DCMAKE_INSTALL_PREFIX=/home/meng/mDetectRobot/turtlebot3_ws/install/cspc_lidar
[0.020s] -- Found ament_cmake: 1.3.14 (/opt/ros/humble/share/ament_cmake/cmake)
[0.113s] -- Found rclcpp: 16.0.19 (/opt/ros/humble/share/rclcpp/cmake)
[0.132s] -- Found rosidl_generator_c: 3.1.8 (/opt/ros/humble/share/rosidl_generator_c/cmake)
[0.134s] -- Found rosidl_adapter: 3.1.8 (/opt/ros/humble/share/rosidl_adapter/cmake)
[0.137s] -- Found rosidl_generator_cpp: 3.1.8 (/opt/ros/humble/share/rosidl_generator_cpp/cmake)
[0.144s] -- Using all available rosidl_typesupport_c: rosidl_typesupport_fastrtps_c;rosidl_typesupport_introspection_c
[0.152s] -- Using all available rosidl_typesupport_cpp: rosidl_typesupport_fastrtps_cpp;rosidl_typesupport_introspection_cpp
[0.172s] -- Found rmw_implementation_cmake: 6.1.2 (/opt/ros/humble/share/rmw_implementation_cmake/cmake)
[0.173s] -- Found rmw_fastrtps_cpp: 6.2.10 (/opt/ros/humble/share/rmw_fastrtps_cpp/cmake)
[0.245s] -- Using RMW implementation 'rmw_fastrtps_cpp' as default
[0.285s] -- Found sensor_msgs: 4.9.1 (/opt/ros/humble/share/sensor_msgs/cmake)
[0.303s] -- Found visualization_msgs: 4.9.1 (/opt/ros/humble/share/visualization_msgs/cmake)
[0.316s] -- Found pcl_conversions: 2.4.5 (/opt/ros/humble/share/pcl_conversions/cmake)
[0.342s] -- Eigen found (include: /usr/include/eigen3, version: 3.4.0)
[0.369s] -- FLANN found (include: /usr/include, lib: /usr/lib/x86_64-linux-gnu/libflann_cpp.so)
[0.584s] -- OpenNI found (version: 1.5.4.0, include: /usr/include/ni, lib: /usr/lib/libOpenNI.so;libusb::libusb)
[0.590s] -- OpenNI2 found (version: 2.2.0.33, include: /usr/include/openni2, lib: /usr/lib/x86_64-linux-gnu/libOpenNI2.so;libusb::libusb)
[0.713s] -- Eigen found (include: /usr/include/eigen3, version: 3.4.0)
[0.717s] -- OpenNI found (version: 1.5.4.0, include: /usr/include/ni, lib: /usr/lib/libOpenNI.so;libusb::libusb)
[0.723s] -- OpenNI2 found (version: 2.2.0.33, include: /usr/include/openni2, lib: /usr/lib/x86_64-linux-gnu/libOpenNI2.so;libusb::libusb)
[0.830s] -- Found Qhull version 8.0.2
[0.945s] -- OpenNI found (version: 1.5.4.0, include: /usr/include/ni, lib: /usr/lib/libOpenNI.so;libusb::libusb)
[1.057s] CMake Warning (dev) at CMakeLists.txt:20 (find_package):
[1.057s]   Policy CMP0074 is not set: find_package uses <PackageName>_ROOT variables.
[1.057s]   Run "cmake --help-policy CMP0074" for policy details.  Use the cmake_policy
[1.057s]   command to set the policy and suppress this warning.
[1.058s] 
[1.058s]   CMake variable PCL_ROOT is set to:
[1.058s] 
[1.058s]     /usr
[1.058s] 
[1.058s]   For compatibility, CMake is ignoring the variable.
[1.058s] This warning is for project developers.  Use -Wno-dev to suppress it.
[1.058s] 
[1.069s] -- Found ament_lint_auto: 0.12.15 (/opt/ros/humble/share/ament_lint_auto/cmake)
[1.130s] -- Found eigen3_cmake_module: 0.1.1 (/opt/ros/humble/share/eigen3_cmake_module/cmake)
[1.131s] -- Ensuring Eigen3 include directory is part of orocos-kdl CMake target
[1.184s] -- Added test 'copyright' to check source files copyright and LICENSE
[1.185s] -- Added test 'cppcheck' to perform static code analysis on C / C++ code
[1.185s] -- Configured cppcheck include dirs: /home/meng/mDetectRobot/turtlebot3_ws/src/cspc_lidar/include/cspc_lidar;/home/meng/mDetectRobot/turtlebot3_ws/src/cspc_lidar/sdk
[1.185s] -- Configured cppcheck exclude dirs and/or files: 
[1.186s] -- Added test 'cpplint' to check C / C++ code against the Google style
[1.186s] -- Configured cpplint exclude dirs and/or files: 
[1.186s] -- Added test 'flake8' to check Python code syntax and style conventions
[1.186s] -- Added test 'lint_cmake' to check CMake code style
[1.186s] -- Added test 'pep257' to check Python code against some of the docstring style conventions in PEP 257
[1.187s] -- Added test 'uncrustify' to check C / C++ code style
[1.187s] -- Configured uncrustify additional arguments: 
[1.187s] -- Added test 'xmllint' to check XML markup files
[1.188s] -- Configuring done
[1.206s] -- Generating done
[1.211s] -- Build files have been written to: /home/meng/mDetectRobot/turtlebot3_ws/build/cspc_lidar
[1.221s] Invoked command in '/home/meng/mDetectRobot/turtlebot3_ws/build/cspc_lidar' returned '0': CMAKE_PREFIX_PATH=${CMAKE_PREFIX_PATH}:/home/meng/mdetect_ws/install/mdetect_navigation:/opt/ros/humble /usr/bin/cmake /home/meng/mDetectRobot/turtlebot3_ws/src/cspc_lidar -DCMAKE_EXPORT_COMPILE_COMMANDS=ON -DCMAKE_INSTALL_PREFIX=/home/meng/mDetectRobot/turtlebot3_ws/install/cspc_lidar
[1.223s] Invoking command in '/home/meng/mDetectRobot/turtlebot3_ws/build/cspc_lidar': CMAKE_PREFIX_PATH=${CMAKE_PREFIX_PATH}:/home/meng/mdetect_ws/install/mdetect_navigation:/opt/ros/humble /usr/bin/cmake --build /home/meng/mDetectRobot/turtlebot3_ws/build/cspc_lidar -- -j20 -l20
[1.285s] Consolidate compiler generated dependencies of target cspc_lidar
[1.297s] [ 11%] Building CXX object CMakeFiles/cspc_lidar.dir/sdk/node_lidar.cpp.o
[1.299s] [ 22%] Building CXX object CMakeFiles/cspc_lidar.dir/src/node_lidar_ros.cpp.o
[1.577s] /home/meng/mDetectRobot/turtlebot3_ws/src/cspc_lidar/sdk/node_lidar.cpp: In function ‘void flushSerial()’:
[1.577s] /home/meng/mDetectRobot/turtlebot3_ws/src/cspc_lidar/sdk/node_lidar.cpp:53:24: warning: unused variable ‘bytes_read’ [-Wunused-variable]
[1.577s]    53 |                 size_t bytes_read = node_lidar.serial_port->read_data(buffer, len);
[1.577s]       |                        ^~~~~~~~~~
[1.577s] /home/meng/mDetectRobot/turtlebot3_ws/src/cspc_lidar/sdk/node_lidar.cpp: In function ‘bool lidar_state_judgment()’:
[1.577s] /home/meng/mDetectRobot/turtlebot3_ws/src/cspc_lidar/sdk/node_lidar.cpp:86:52: warning: format ‘%lld’ expects argument of type ‘long long int’, but argument 2 has type ‘uint64_t’ {aka ‘long unsigned int’} [-Wformat=]
[1.578s]    86 |                 printf("Status abnormal restart %lld\n",lidar_status_time);
[1.578s]       |                                                 ~~~^    ~~~~~~~~~~~~~~~~~
[1.578s]       |                                                    |    |
[1.578s]       |                                                    |    uint64_t {aka long unsigned int}
[1.578s]       |                                                    long long int
[1.578s]       |                                                 %ld
[1.578s] /home/meng/mDetectRobot/turtlebot3_ws/src/cspc_lidar/sdk/node_lidar.cpp:62:21: warning: unused variable ‘status_judge’ [-Wunused-variable]
[1.578s]    62 |         static bool status_judge = false;     //Overall status judgment
[1.578s]       |                     ^~~~~~~~~~~~
[1.578s] /home/meng/mDetectRobot/turtlebot3_ws/src/cspc_lidar/sdk/node_lidar.cpp:65:21: warning: variable ‘lidar_start_flag’ set but not used [-Wunused-but-set-variable]
[1.578s]    65 |         static bool lidar_start_flag = false; //Lidar feedback flag after issuing the lidar startup command
[1.578s]       |                     ^~~~~~~~~~~~~~~~
[1.578s] /home/meng/mDetectRobot/turtlebot3_ws/src/cspc_lidar/sdk/node_lidar.cpp: In function ‘int read_forever()’:
[1.578s] /home/meng/mDetectRobot/turtlebot3_ws/src/cspc_lidar/sdk/node_lidar.cpp:205:82: warning: format ‘%d’ expects argument of type ‘int’, but argument 2 has type ‘size_t’ {aka ‘long unsigned int’} [-Wformat=]
[1.578s]   205 |                                                         printf("full----- count=%d,time=%lld,frequence=%d\n",scan_count,current_times(),local_scan[0].scan_frequence);
[1.578s]       |                                                                                 ~^                           ~~~~~~~~~~
[1.578s]       |                                                                                  |                           |
[1.578s]       |                                                                                  int                         size_t {aka long unsigned int}
[1.578s]       |                                                                                 %ld
[1.578s] /home/meng/mDetectRobot/turtlebot3_ws/src/cspc_lidar/sdk/node_lidar.cpp:205:92: warning: format ‘%lld’ expects argument of type ‘long long int’, but argument 3 has type ‘int64_t’ {aka ‘long int’} [-Wformat=]
[1.578s]   205 |                                                         printf("full----- count=%d,time=%lld,frequence=%d\n",scan_count,current_times(),local_scan[0].scan_frequence);
[1.578s]       |                                                                                         ~~~^                            ~~~~~~~~~~~~~~~
[1.579s]       |                                                                                            |                                         |
[1.579s]       |                                                                                            long long int                             int64_t {aka long int}
[1.579s]       |                                                                                         %ld
[1.579s] /home/meng/mDetectRobot/turtlebot3_ws/src/cspc_lidar/sdk/node_lidar.cpp: In function ‘void send_lidar_data(LaserScan&)’:
[1.579s] /home/meng/mDetectRobot/turtlebot3_ws/src/cspc_lidar/sdk/node_lidar.cpp:311:43: warning: comparison of integer expressions of different signedness: ‘int’ and ‘size_t’ {aka ‘long unsigned int’} [-Wsign-compare]
[1.579s]   311 |                         for (int i = 0; i < count; i++)
[1.579s]       |                                         ~~^~~~~~~
[1.645s] /home/meng/mDetectRobot/turtlebot3_ws/src/cspc_lidar/sdk/node_lidar.cpp: At global scope:
[1.645s] /home/meng/mDetectRobot/turtlebot3_ws/src/cspc_lidar/sdk/node_lidar.cpp:62:21: warning: ‘status_judge’ defined but not used [-Wunused-variable]
[1.645s]    62 |         static bool status_judge = false;     //Overall status judgment
[1.645s]       |                     ^~~~~~~~~~~~
[4.352s] /home/meng/mDetectRobot/turtlebot3_ws/src/cspc_lidar/src/node_lidar_ros.cpp: In function ‘int Scan_to_PointCloud(LaserScan&, sensor_msgs::msg::PointCloud2&)’:
[4.352s] /home/meng/mDetectRobot/turtlebot3_ws/src/cspc_lidar/src/node_lidar_ros.cpp:87:24: warning: comparison of integer expressions of different signedness: ‘int’ and ‘std::vector<LaserPoint>::size_type’ {aka ‘long unsigned int’} [-Wsign-compare]
[4.352s]    87 |         for(int i = 0;i<scan.points.size();i++)
[4.352s]       |                       ~^~~~~~~~~~~~~~~~~~~
[4.363s] /home/meng/mDetectRobot/turtlebot3_ws/src/cspc_lidar/src/node_lidar_ros.cpp: In function ‘int main(int, char**)’:
[4.363s] /home/meng/mDetectRobot/turtlebot3_ws/src/cspc_lidar/src/node_lidar_ros.cpp:186:40: warning: comparison of integer expressions of different signedness: ‘int’ and ‘std::vector<LaserPoint>::size_type’ {aka ‘long unsigned int’} [-Wsign-compare]
[4.363s]   186 |                         for(int i=0; i < scan.points.size(); i++) {
[4.363s]       |                                      ~~^~~~~~~~~~~~~~~~~~~~
[9.255s] [ 33%] Linking CXX executable cspc_lidar
[9.813s] [100%] Built target cspc_lidar
[9.824s] Invoked command in '/home/meng/mDetectRobot/turtlebot3_ws/build/cspc_lidar' returned '0': CMAKE_PREFIX_PATH=${CMAKE_PREFIX_PATH}:/home/meng/mdetect_ws/install/mdetect_navigation:/opt/ros/humble /usr/bin/cmake --build /home/meng/mDetectRobot/turtlebot3_ws/build/cspc_lidar -- -j20 -l20
[9.832s] Invoking command in '/home/meng/mDetectRobot/turtlebot3_ws/build/cspc_lidar': CMAKE_PREFIX_PATH=${CMAKE_PREFIX_PATH}:/home/meng/mdetect_ws/install/mdetect_navigation:/opt/ros/humble /usr/bin/cmake --install /home/meng/mDetectRobot/turtlebot3_ws/build/cspc_lidar
[9.842s] -- Install configuration: ""
[9.842s] -- Installing: /home/meng/mDetectRobot/turtlebot3_ws/install/cspc_lidar/lib/cspc_lidar/cspc_lidar
[9.850s] -- Set runtime path of "/home/meng/mDetectRobot/turtlebot3_ws/install/cspc_lidar/lib/cspc_lidar/cspc_lidar" to ""
[9.850s] -- Up-to-date: /home/meng/mDetectRobot/turtlebot3_ws/install/cspc_lidar/share/cspc_lidar/launch
[9.850s] -- Up-to-date: /home/meng/mDetectRobot/turtlebot3_ws/install/cspc_lidar/share/cspc_lidar/launch/cspc_lidar.launch.py
[9.851s] -- Up-to-date: /home/meng/mDetectRobot/turtlebot3_ws/install/cspc_lidar/share/cspc_lidar/params
[9.851s] -- Up-to-date: /home/meng/mDetectRobot/turtlebot3_ws/install/cspc_lidar/share/cspc_lidar/params/cspc_lidar.yaml
[9.851s] -- Up-to-date: /home/meng/mDetectRobot/turtlebot3_ws/install/cspc_lidar/share/ament_index/resource_index/package_run_dependencies/cspc_lidar
[9.851s] -- Up-to-date: /home/meng/mDetectRobot/turtlebot3_ws/install/cspc_lidar/share/ament_index/resource_index/parent_prefix_path/cspc_lidar
[9.851s] -- Up-to-date: /home/meng/mDetectRobot/turtlebot3_ws/install/cspc_lidar/share/cspc_lidar/environment/ament_prefix_path.sh
[9.851s] -- Installing: /home/meng/mDetectRobot/turtlebot3_ws/install/cspc_lidar/share/cspc_lidar/environment/ament_prefix_path.dsv
[9.851s] -- Up-to-date: /home/meng/mDetectRobot/turtlebot3_ws/install/cspc_lidar/share/cspc_lidar/environment/path.sh
[9.851s] -- Installing: /home/meng/mDetectRobot/turtlebot3_ws/install/cspc_lidar/share/cspc_lidar/environment/path.dsv
[9.851s] -- Up-to-date: /home/meng/mDetectRobot/turtlebot3_ws/install/cspc_lidar/share/cspc_lidar/local_setup.bash
[9.851s] -- Up-to-date: /home/meng/mDetectRobot/turtlebot3_ws/install/cspc_lidar/share/cspc_lidar/local_setup.sh
[9.852s] -- Up-to-date: /home/meng/mDetectRobot/turtlebot3_ws/install/cspc_lidar/share/cspc_lidar/local_setup.zsh
[9.852s] -- Installing: /home/meng/mDetectRobot/turtlebot3_ws/install/cspc_lidar/share/cspc_lidar/local_setup.dsv
[9.852s] -- Installing: /home/meng/mDetectRobot/turtlebot3_ws/install/cspc_lidar/share/cspc_lidar/package.dsv
[9.852s] -- Up-to-date: /home/meng/mDetectRobot/turtlebot3_ws/install/cspc_lidar/share/ament_index/resource_index/packages/cspc_lidar
[9.852s] -- Up-to-date: /home/meng/mDetectRobot/turtlebot3_ws/install/cspc_lidar/share/cspc_lidar/cmake/cspc_lidarConfig.cmake
[9.852s] -- Up-to-date: /home/meng/mDetectRobot/turtlebot3_ws/install/cspc_lidar/share/cspc_lidar/cmake/cspc_lidarConfig-version.cmake
[9.852s] -- Up-to-date: /home/meng/mDetectRobot/turtlebot3_ws/install/cspc_lidar/share/cspc_lidar/package.xml
[9.853s] Invoked command in '/home/meng/mDetectRobot/turtlebot3_ws/build/cspc_lidar' returned '0': CMAKE_PREFIX_PATH=${CMAKE_PREFIX_PATH}:/home/meng/mdetect_ws/install/mdetect_navigation:/opt/ros/humble /usr/bin/cmake --install /home/meng/mDetectRobot/turtlebot3_ws/build/cspc_lidar
