[0.007s] Invoking command in '/home/meng/mDetectRobot/mDetectRobot/turtlebot3_ws/build/turtlebot3_simulations': AMENT_PREFIX_PATH=/home/meng/mDetectRobot/mDetectRobot/turtlebot3_ws/install/turtlebot3_gazebo:${AMENT_PREFIX_PATH} CMAKE_PREFIX_PATH=/home/meng/mDetectRobot/mDetectRobot/turtlebot3_ws/install/turtlebot3_gazebo:/home/meng/mdetect_ws/install/mdetect_description:/home/meng/ldlidar_ros2_ws/install/ldlidar_ros2:/home/meng/mdetect_ws/install/mdetect_navigation:/opt/ros/humble /usr/bin/cmake /home/meng/mDetectRobot/mDetectRobot/turtlebot3_ws/src/turtlebot3_simulations/turtlebot3_simulations -DAMENT_CMAKE_SYMLINK_INSTALL=1 -DCMAKE_INSTALL_PREFIX=/home/meng/mDetectRobot/mDetectRobot/turtlebot3_ws/install/turtlebot3_simulations
[0.053s] -- The C compiler identification is GNU 11.4.0
[0.093s] -- The CXX compiler identification is GNU 11.4.0
[0.098s] -- Detecting C compiler ABI info
[0.155s] -- Detecting C compiler ABI info - done
[0.164s] -- Check for working C compiler: /usr/bin/cc - skipped
[0.164s] -- Detecting C compile features
[0.164s] -- Detecting C compile features - done
[0.167s] -- Detecting CXX compiler ABI info
[0.232s] -- Detecting CXX compiler ABI info - done
[0.239s] -- Check for working CXX compiler: /usr/bin/c++ - skipped
[0.239s] -- Detecting CXX compile features
[0.239s] -- Detecting CXX compile features - done
[0.241s] -- Found ament_cmake: 1.3.14 (/opt/ros/humble/share/ament_cmake/cmake)
[0.368s] -- Found Python3: /usr/bin/python3 (found version "3.10.12") found components: Interpreter 
[0.436s] -- Override CMake install command with custom implementation using symlinks instead of copying resources
[0.509s] -- Configuring done
[0.510s] -- Generating done
[0.511s] -- Build files have been written to: /home/meng/mDetectRobot/mDetectRobot/turtlebot3_ws/build/turtlebot3_simulations
[0.514s] Invoked command in '/home/meng/mDetectRobot/mDetectRobot/turtlebot3_ws/build/turtlebot3_simulations' returned '0': AMENT_PREFIX_PATH=/home/meng/mDetectRobot/mDetectRobot/turtlebot3_ws/install/turtlebot3_gazebo:${AMENT_PREFIX_PATH} CMAKE_PREFIX_PATH=/home/meng/mDetectRobot/mDetectRobot/turtlebot3_ws/install/turtlebot3_gazebo:/home/meng/mdetect_ws/install/mdetect_description:/home/meng/ldlidar_ros2_ws/install/ldlidar_ros2:/home/meng/mdetect_ws/install/mdetect_navigation:/opt/ros/humble /usr/bin/cmake /home/meng/mDetectRobot/mDetectRobot/turtlebot3_ws/src/turtlebot3_simulations/turtlebot3_simulations -DAMENT_CMAKE_SYMLINK_INSTALL=1 -DCMAKE_INSTALL_PREFIX=/home/meng/mDetectRobot/mDetectRobot/turtlebot3_ws/install/turtlebot3_simulations
[0.516s] Invoking command in '/home/meng/mDetectRobot/mDetectRobot/turtlebot3_ws/build/turtlebot3_simulations': AMENT_PREFIX_PATH=/home/meng/mDetectRobot/mDetectRobot/turtlebot3_ws/install/turtlebot3_gazebo:${AMENT_PREFIX_PATH} CMAKE_PREFIX_PATH=/home/meng/mDetectRobot/mDetectRobot/turtlebot3_ws/install/turtlebot3_gazebo:/home/meng/mdetect_ws/install/mdetect_description:/home/meng/ldlidar_ros2_ws/install/ldlidar_ros2:/home/meng/mdetect_ws/install/mdetect_navigation:/opt/ros/humble /usr/bin/cmake --build /home/meng/mDetectRobot/mDetectRobot/turtlebot3_ws/build/turtlebot3_simulations -- -j20 -l20
[0.545s] Invoked command in '/home/meng/mDetectRobot/mDetectRobot/turtlebot3_ws/build/turtlebot3_simulations' returned '0': AMENT_PREFIX_PATH=/home/meng/mDetectRobot/mDetectRobot/turtlebot3_ws/install/turtlebot3_gazebo:${AMENT_PREFIX_PATH} CMAKE_PREFIX_PATH=/home/meng/mDetectRobot/mDetectRobot/turtlebot3_ws/install/turtlebot3_gazebo:/home/meng/mdetect_ws/install/mdetect_description:/home/meng/ldlidar_ros2_ws/install/ldlidar_ros2:/home/meng/mdetect_ws/install/mdetect_navigation:/opt/ros/humble /usr/bin/cmake --build /home/meng/mDetectRobot/mDetectRobot/turtlebot3_ws/build/turtlebot3_simulations -- -j20 -l20
[0.546s] Invoking command in '/home/meng/mDetectRobot/mDetectRobot/turtlebot3_ws/build/turtlebot3_simulations': AMENT_PREFIX_PATH=/home/meng/mDetectRobot/mDetectRobot/turtlebot3_ws/install/turtlebot3_gazebo:${AMENT_PREFIX_PATH} CMAKE_PREFIX_PATH=/home/meng/mDetectRobot/mDetectRobot/turtlebot3_ws/install/turtlebot3_gazebo:/home/meng/mdetect_ws/install/mdetect_description:/home/meng/ldlidar_ros2_ws/install/ldlidar_ros2:/home/meng/mdetect_ws/install/mdetect_navigation:/opt/ros/humble /usr/bin/cmake --install /home/meng/mDetectRobot/mDetectRobot/turtlebot3_ws/build/turtlebot3_simulations
[0.553s] -- Install configuration: ""
[0.553s] -- Execute custom install script
[0.553s] -- Symlinking: /home/meng/mDetectRobot/mDetectRobot/turtlebot3_ws/install/turtlebot3_simulations/share/ament_index/resource_index/package_run_dependencies/turtlebot3_simulations
[0.562s] -- Symlinking: /home/meng/mDetectRobot/mDetectRobot/turtlebot3_ws/install/turtlebot3_simulations/share/ament_index/resource_index/parent_prefix_path/turtlebot3_simulations
[0.568s] -- Symlinking: /home/meng/mDetectRobot/mDetectRobot/turtlebot3_ws/install/turtlebot3_simulations/share/turtlebot3_simulations/environment/ament_prefix_path.sh
[0.575s] -- Symlinking: /home/meng/mDetectRobot/mDetectRobot/turtlebot3_ws/install/turtlebot3_simulations/share/turtlebot3_simulations/environment/ament_prefix_path.dsv
[0.583s] -- Symlinking: /home/meng/mDetectRobot/mDetectRobot/turtlebot3_ws/install/turtlebot3_simulations/share/turtlebot3_simulations/environment/path.sh
[0.589s] -- Symlinking: /home/meng/mDetectRobot/mDetectRobot/turtlebot3_ws/install/turtlebot3_simulations/share/turtlebot3_simulations/environment/path.dsv
[0.595s] -- Symlinking: /home/meng/mDetectRobot/mDetectRobot/turtlebot3_ws/install/turtlebot3_simulations/share/turtlebot3_simulations/local_setup.bash
[0.603s] -- Symlinking: /home/meng/mDetectRobot/mDetectRobot/turtlebot3_ws/install/turtlebot3_simulations/share/turtlebot3_simulations/local_setup.sh
[0.610s] -- Symlinking: /home/meng/mDetectRobot/mDetectRobot/turtlebot3_ws/install/turtlebot3_simulations/share/turtlebot3_simulations/local_setup.zsh
[0.618s] -- Symlinking: /home/meng/mDetectRobot/mDetectRobot/turtlebot3_ws/install/turtlebot3_simulations/share/turtlebot3_simulations/local_setup.dsv
[0.625s] -- Symlinking: /home/meng/mDetectRobot/mDetectRobot/turtlebot3_ws/install/turtlebot3_simulations/share/turtlebot3_simulations/package.dsv
[0.631s] -- Symlinking: /home/meng/mDetectRobot/mDetectRobot/turtlebot3_ws/install/turtlebot3_simulations/share/ament_index/resource_index/packages/turtlebot3_simulations
[0.639s] -- Symlinking: /home/meng/mDetectRobot/mDetectRobot/turtlebot3_ws/install/turtlebot3_simulations/share/turtlebot3_simulations/cmake/turtlebot3_simulationsConfig.cmake
[0.645s] -- Symlinking: /home/meng/mDetectRobot/mDetectRobot/turtlebot3_ws/install/turtlebot3_simulations/share/turtlebot3_simulations/cmake/turtlebot3_simulationsConfig-version.cmake
[0.651s] -- Symlinking: /home/meng/mDetectRobot/mDetectRobot/turtlebot3_ws/install/turtlebot3_simulations/share/turtlebot3_simulations/package.xml
[0.658s] Invoked command in '/home/meng/mDetectRobot/mDetectRobot/turtlebot3_ws/build/turtlebot3_simulations' returned '0': AMENT_PREFIX_PATH=/home/meng/mDetectRobot/mDetectRobot/turtlebot3_ws/install/turtlebot3_gazebo:${AMENT_PREFIX_PATH} CMAKE_PREFIX_PATH=/home/meng/mDetectRobot/mDetectRobot/turtlebot3_ws/install/turtlebot3_gazebo:/home/meng/mdetect_ws/install/mdetect_description:/home/meng/ldlidar_ros2_ws/install/ldlidar_ros2:/home/meng/mdetect_ws/install/mdetect_navigation:/opt/ros/humble /usr/bin/cmake --install /home/meng/mDetectRobot/mDetectRobot/turtlebot3_ws/build/turtlebot3_simulations
