[0.008s] Invoking command in '/home/meng/mDetectRobot/turtlebot3_ws/build/cspc_lidar': CMAKE_PREFIX_PATH=${CMAKE_PREFIX_PATH}:/home/meng/mdetect_ws/install/mdetect_navigation:/opt/ros/humble /usr/bin/cmake /home/meng/mDetectRobot/turtlebot3_ws/src/cspc_lidar -DCMAKE_INSTALL_PREFIX=/home/meng/mDetectRobot/turtlebot3_ws/install/cspc_lidar
[0.126s] -- The C compiler identification is GNU 11.4.0
[0.239s] -- The CXX compiler identification is GNU 11.4.0
[0.254s] -- Detecting C compiler ABI info
[0.344s] -- Detecting C compiler ABI info - done
[0.354s] -- Check for working C compiler: /usr/bin/cc - skipped
[0.355s] -- Detecting C compile features
[0.355s] -- Detecting C compile features - done
[0.359s] -- Detecting CXX compiler ABI info
[0.437s] -- Detecting CXX compiler ABI info - done
[0.442s] -- Check for working CXX compiler: /usr/bin/c++ - skipped
[0.442s] -- Detecting CXX compile features
[0.442s] -- Detecting CXX compile features - done
[0.449s] -- Found ament_cmake: 1.3.14 (/opt/ros/humble/share/ament_cmake/cmake)
[0.566s] -- Found Python3: /usr/bin/python3 (found version "3.10.12") found components: Interpreter 
[0.650s] -- Found rclcpp: 16.0.19 (/opt/ros/humble/share/rclcpp/cmake)
[0.693s] -- Found rosidl_generator_c: 3.1.8 (/opt/ros/humble/share/rosidl_generator_c/cmake)
[0.700s] -- Found rosidl_adapter: 3.1.8 (/opt/ros/humble/share/rosidl_adapter/cmake)
[0.707s] -- Found rosidl_generator_cpp: 3.1.8 (/opt/ros/humble/share/rosidl_generator_cpp/cmake)
[0.719s] -- Using all available rosidl_typesupport_c: rosidl_typesupport_fastrtps_c;rosidl_typesupport_introspection_c
[0.733s] -- Using all available rosidl_typesupport_cpp: rosidl_typesupport_fastrtps_cpp;rosidl_typesupport_introspection_cpp
[0.771s] -- Found rmw_implementation_cmake: 6.1.2 (/opt/ros/humble/share/rmw_implementation_cmake/cmake)
[0.774s] -- Found rmw_fastrtps_cpp: 6.2.10 (/opt/ros/humble/share/rmw_fastrtps_cpp/cmake)
[0.876s] -- Found OpenSSL: /usr/lib/x86_64-linux-gnu/libcrypto.so (found version "3.0.2")  
[0.913s] -- Found FastRTPS: /opt/ros/humble/include  
[0.961s] -- Using RMW implementation 'rmw_fastrtps_cpp' as default
[0.971s] -- Looking for pthread.h
[1.029s] -- Looking for pthread.h - found
[1.030s] -- Performing Test CMAKE_HAVE_LIBC_PTHREAD
[1.090s] -- Performing Test CMAKE_HAVE_LIBC_PTHREAD - Success
[1.091s] -- Found Threads: TRUE  
[1.135s] -- Found sensor_msgs: 4.9.1 (/opt/ros/humble/share/sensor_msgs/cmake)
[1.160s] -- Found visualization_msgs: 4.9.1 (/opt/ros/humble/share/visualization_msgs/cmake)
[1.175s] -- Found pcl_conversions: 2.4.5 (/opt/ros/humble/share/pcl_conversions/cmake)
[1.209s] -- Checking for module 'eigen3'
[1.224s] --   Found eigen3, version 3.4.0
[1.257s] -- Found Eigen: /usr/include/eigen3 (Required is at least version "3.1") 
[1.257s] -- Eigen found (include: /usr/include/eigen3, version: 3.4.0)
[1.293s] -- Checking for module 'flann'
[1.305s] --   Found flann, version 1.9.1
[1.350s] -- Found FLANN: /usr/lib/x86_64-linux-gnu/libflann_cpp.so  
[1.350s] -- FLANN found (include: /usr/include, lib: /usr/lib/x86_64-linux-gnu/libflann_cpp.so)
[2.146s] -- Checking for module 'libusb-1.0'
[2.158s] --   Found libusb-1.0, version 1.0.25
[2.193s] -- Found libusb: /usr/lib/x86_64-linux-gnu/libusb-1.0.so  
[2.195s] -- OpenNI found (version: 1.5.4.0, include: /usr/include/ni, lib: /usr/lib/libOpenNI.so;libusb::libusb)
[2.245s] -- OpenNI2 found (version: 2.2.0.33, include: /usr/include/openni2, lib: /usr/lib/x86_64-linux-gnu/libOpenNI2.so;libusb::libusb)
[2.375s] -- Eigen found (include: /usr/include/eigen3, version: 3.4.0)
[2.381s] -- OpenNI found (version: 1.5.4.0, include: /usr/include/ni, lib: /usr/lib/libOpenNI.so;libusb::libusb)
[2.388s] -- OpenNI2 found (version: 2.2.0.33, include: /usr/include/openni2, lib: /usr/lib/x86_64-linux-gnu/libOpenNI2.so;libusb::libusb)
[2.508s] -- Found Qhull version 8.0.2
[2.622s] -- OpenNI found (version: 1.5.4.0, include: /usr/include/ni, lib: /usr/lib/libOpenNI.so;libusb::libusb)
[2.732s] -- Found PCL_COMMON: /usr/lib/x86_64-linux-gnu/libpcl_common.so  
[2.732s] -- Found PCL_KDTREE: /usr/lib/x86_64-linux-gnu/libpcl_kdtree.so  
[2.733s] -- Found PCL_OCTREE: /usr/lib/x86_64-linux-gnu/libpcl_octree.so  
[2.733s] -- Found PCL_SEARCH: /usr/lib/x86_64-linux-gnu/libpcl_search.so  
[2.734s] -- Found PCL_SAMPLE_CONSENSUS: /usr/lib/x86_64-linux-gnu/libpcl_sample_consensus.so  
[2.734s] -- Found PCL_FILTERS: /usr/lib/x86_64-linux-gnu/libpcl_filters.so  
[2.734s] -- Found PCL_2D: /usr/include/pcl-1.12  
[2.735s] -- Found PCL_GEOMETRY: /usr/include/pcl-1.12  
[2.735s] -- Found PCL_IO: /usr/lib/x86_64-linux-gnu/libpcl_io.so  
[2.736s] -- Found PCL_FEATURES: /usr/lib/x86_64-linux-gnu/libpcl_features.so  
[2.737s] -- Found PCL_ML: /usr/lib/x86_64-linux-gnu/libpcl_ml.so  
[2.737s] -- Found PCL_SEGMENTATION: /usr/lib/x86_64-linux-gnu/libpcl_segmentation.so  
[2.738s] -- Found PCL_VISUALIZATION: /usr/lib/x86_64-linux-gnu/libpcl_visualization.so  
[2.738s] -- Found PCL_SURFACE: /usr/lib/x86_64-linux-gnu/libpcl_surface.so  
[2.739s] -- Found PCL_REGISTRATION: /usr/lib/x86_64-linux-gnu/libpcl_registration.so  
[2.740s] -- Found PCL_KEYPOINTS: /usr/lib/x86_64-linux-gnu/libpcl_keypoints.so  
[2.740s] -- Found PCL_TRACKING: /usr/lib/x86_64-linux-gnu/libpcl_tracking.so  
[2.741s] -- Found PCL_RECOGNITION: /usr/lib/x86_64-linux-gnu/libpcl_recognition.so  
[2.742s] -- Found PCL_STEREO: /usr/lib/x86_64-linux-gnu/libpcl_stereo.so  
[2.742s] -- Found PCL_APPS: /usr/lib/x86_64-linux-gnu/libpcl_apps.so  
[2.743s] -- Found PCL_IN_HAND_SCANNER: /usr/include/pcl-1.12  
[2.743s] -- Found PCL_MODELER: /usr/include/pcl-1.12  
[2.743s] -- Found PCL_POINT_CLOUD_EDITOR: /usr/include/pcl-1.12  
[2.744s] -- Found PCL_OUTOFCORE: /usr/lib/x86_64-linux-gnu/libpcl_outofcore.so  
[2.744s] -- Found PCL_PEOPLE: /usr/lib/x86_64-linux-gnu/libpcl_people.so  
[2.746s] CMake Warning (dev) at CMakeLists.txt:20 (find_package):
[2.746s]   Policy CMP0074 is not set: find_package uses <PackageName>_ROOT variables.
[2.746s]   Run "cmake --help-policy CMP0074" for policy details.  Use the cmake_policy
[2.746s]   command to set the policy and suppress this warning.
[2.746s] 
[2.746s]   CMake variable PCL_ROOT is set to:
[2.746s] 
[2.746s]     /usr
[2.746s] 
[2.746s]   For compatibility, CMake is ignoring the variable.
[2.746s] This warning is for project developers.  Use -Wno-dev to suppress it.
[2.746s] 
[2.762s] -- Found ament_lint_auto: 0.12.15 (/opt/ros/humble/share/ament_lint_auto/cmake)
[2.858s] -- Found eigen3_cmake_module: 0.1.1 (/opt/ros/humble/share/eigen3_cmake_module/cmake)
[2.859s] -- Found Eigen3: TRUE (found version "3.4.0") 
[2.859s] -- Ensuring Eigen3 include directory is part of orocos-kdl CMake target
[2.934s] -- Added test 'copyright' to check source files copyright and LICENSE
[2.935s] -- Added test 'cppcheck' to perform static code analysis on C / C++ code
[2.935s] -- Configured cppcheck include dirs: /home/meng/mDetectRobot/turtlebot3_ws/src/cspc_lidar/include/cspc_lidar;/home/meng/mDetectRobot/turtlebot3_ws/src/cspc_lidar/sdk
[2.935s] -- Configured cppcheck exclude dirs and/or files: 
[2.936s] -- Added test 'cpplint' to check C / C++ code against the Google style
[2.936s] -- Configured cpplint exclude dirs and/or files: 
[2.936s] -- Added test 'flake8' to check Python code syntax and style conventions
[2.937s] -- Added test 'lint_cmake' to check CMake code style
[2.937s] -- Added test 'pep257' to check Python code against some of the docstring style conventions in PEP 257
[2.938s] -- Added test 'uncrustify' to check C / C++ code style
[2.938s] -- Configured uncrustify additional arguments: 
[2.939s] -- Added test 'xmllint' to check XML markup files
[2.940s] -- Configuring done
[2.989s] -- Generating done
[2.996s] -- Build files have been written to: /home/meng/mDetectRobot/turtlebot3_ws/build/cspc_lidar
[3.006s] Invoked command in '/home/meng/mDetectRobot/turtlebot3_ws/build/cspc_lidar' returned '0': CMAKE_PREFIX_PATH=${CMAKE_PREFIX_PATH}:/home/meng/mdetect_ws/install/mdetect_navigation:/opt/ros/humble /usr/bin/cmake /home/meng/mDetectRobot/turtlebot3_ws/src/cspc_lidar -DCMAKE_INSTALL_PREFIX=/home/meng/mDetectRobot/turtlebot3_ws/install/cspc_lidar
[3.008s] Invoking command in '/home/meng/mDetectRobot/turtlebot3_ws/build/cspc_lidar': CMAKE_PREFIX_PATH=${CMAKE_PREFIX_PATH}:/home/meng/mdetect_ws/install/mdetect_navigation:/opt/ros/humble /usr/bin/cmake --build /home/meng/mDetectRobot/turtlebot3_ws/build/cspc_lidar -- -j20 -l20
[3.066s] [ 11%] Building CXX object CMakeFiles/cspc_lidar.dir/sdk/node_lidar.cpp.o
[3.066s] [ 22%] Building CXX object CMakeFiles/cspc_lidar.dir/sdk/point_cloud_optimize.cpp.o
[3.067s] [ 33%] Building CXX object CMakeFiles/cspc_lidar.dir/sdk/calibration.cpp.o
[3.067s] [ 44%] Building CXX object CMakeFiles/cspc_lidar.dir/src/node_lidar_ros.cpp.o
[3.067s] [ 55%] Building CXX object CMakeFiles/cspc_lidar.dir/sdk/mtime.cpp.o
[3.067s] [ 66%] Building CXX object CMakeFiles/cspc_lidar.dir/sdk/serial_port.cpp.o
[3.068s] [ 88%] Building CXX object CMakeFiles/cspc_lidar.dir/sdk/lidar_data_processing.cpp.o
[3.068s] [ 88%] Building CXX object CMakeFiles/cspc_lidar.dir/sdk/timer.cpp.o
[3.345s] In file included from /home/meng/mDetectRobot/turtlebot3_ws/src/cspc_lidar/sdk/serial_port.cpp:12:
[3.345s] /home/meng/mDetectRobot/turtlebot3_ws/src/cspc_lidar/sdk/serial_port.h: In constructor ‘Serial_Port::Serial_Port(const string&, uint32_t, Timeout, bytesize_t, parity_t, stopbits_t, flowcontrol_t)’:
[3.345s] /home/meng/mDetectRobot/turtlebot3_ws/src/cspc_lidar/sdk/serial_port.h:102:14: warning: ‘Serial_Port::bytesize_’ will be initialized after [-Wreorder]
[3.345s]   102 |   bytesize_t bytesize_;       // Size of the bytes
[3.345s]       |              ^~~~~~~~~
[3.345s] /home/meng/mDetectRobot/turtlebot3_ws/src/cspc_lidar/sdk/serial_port.h:101:12: warning:   ‘parity_t Serial_Port::parity_’ [-Wreorder]
[3.345s]   101 |   parity_t parity_;           // Parity
[3.345s]       |            ^~~~~~~
[3.345s] /home/meng/mDetectRobot/turtlebot3_ws/src/cspc_lidar/sdk/serial_port.cpp:31:1: warning:   when initialized here [-Wreorder]
[3.345s]    31 | Serial_Port::Serial_Port(const string &port, uint32_t baudrate, Timeout timeout,
[3.345s]       | ^~~~~~~~~~~
[3.350s] /home/meng/mDetectRobot/turtlebot3_ws/src/cspc_lidar/sdk/serial_port.cpp: In member function ‘bool Serial_Port::setBaudrate(long unsigned int)’:
[3.350s] /home/meng/mDetectRobot/turtlebot3_ws/src/cspc_lidar/sdk/serial_port.cpp:578:11: warning: unused variable ‘new_baud’ [-Wunused-variable]
[3.350s]   578 |   speed_t new_baud = static_cast<speed_t>(baudrate);
[3.350s]       |           ^~~~~~~~
[3.384s] /home/meng/mDetectRobot/turtlebot3_ws/src/cspc_lidar/sdk/point_cloud_optimize.cpp: In member function ‘void Point_cloud_optimize::PointCloudFilter(LaserScan*)’:
[3.384s] /home/meng/mDetectRobot/turtlebot3_ws/src/cspc_lidar/sdk/point_cloud_optimize.cpp:25:25: warning: comparison of integer expressions of different signedness: ‘int’ and ‘std::vector<LaserPoint>::size_type’ {aka ‘long unsigned int’} [-Wsign-compare]
[3.384s]    25 |         for (i0 = 0; i0 < Scan->points.size(); i0++)
[3.384s]       |                      ~~~^~~~~~~~~~~~~~~~~~~~~
[3.384s] /home/meng/mDetectRobot/turtlebot3_ws/src/cspc_lidar/sdk/point_cloud_optimize.cpp:28:25: warning: comparison of integer expressions of different signedness: ‘int’ and ‘std::vector<LaserPoint>::size_type’ {aka ‘long unsigned int’} [-Wsign-compare]
[3.384s]    28 |                 i1 = i1 < Scan->points.size() ? i1 : i1 - Scan->points.size();
[3.384s]       |                      ~~~^~~~~~~~~~~~~~~~~~~~~
[3.384s] /home/meng/mDetectRobot/turtlebot3_ws/src/cspc_lidar/sdk/point_cloud_optimize.cpp:30:25: warning: comparison of integer expressions of different signedness: ‘int’ and ‘std::vector<LaserPoint>::size_type’ {aka ‘long unsigned int’} [-Wsign-compare]
[3.384s]    30 |                 i2 = i2 < Scan->points.size() ? i2 : i2 - Scan->points.size();
[3.384s]       |                      ~~~^~~~~~~~~~~~~~~~~~~~~
[3.385s] /home/meng/mDetectRobot/turtlebot3_ws/src/cspc_lidar/sdk/point_cloud_optimize.cpp:32:25: warning: comparison of integer expressions of different signedness: ‘int’ and ‘std::vector<LaserPoint>::size_type’ {aka ‘long unsigned int’} [-Wsign-compare]
[3.385s]    32 |                 i3 = i3 < Scan->points.size() ? i3 : i3 - Scan->points.size();
[3.385s]       |                      ~~~^~~~~~~~~~~~~~~~~~~~~
[3.385s] /home/meng/mDetectRobot/turtlebot3_ws/src/cspc_lidar/sdk/point_cloud_optimize.cpp:155:25: warning: comparison of integer expressions of different signedness: ‘int’ and ‘std::vector<LaserPoint>::size_type’ {aka ‘long unsigned int’} [-Wsign-compare]
[3.385s]   155 |         for (i0 = 0; i0 < Scan->points.size(); i0++)
[3.385s]       |                      ~~~^~~~~~~~~~~~~~~~~~~~~
[3.385s] /home/meng/mDetectRobot/turtlebot3_ws/src/cspc_lidar/sdk/point_cloud_optimize.cpp:158:25: warning: comparison of integer expressions of different signedness: ‘int’ and ‘std::vector<LaserPoint>::size_type’ {aka ‘long unsigned int’} [-Wsign-compare]
[3.385s]   158 |                 i1 = i1 < Scan->points.size() ? i1 : i1 - Scan->points.size();
[3.385s]       |                      ~~~^~~~~~~~~~~~~~~~~~~~~
[3.386s] /home/meng/mDetectRobot/turtlebot3_ws/src/cspc_lidar/sdk/point_cloud_optimize.cpp:160:25: warning: comparison of integer expressions of different signedness: ‘int’ and ‘std::vector<LaserPoint>::size_type’ {aka ‘long unsigned int’} [-Wsign-compare]
[3.386s]   160 |                 i2 = i2 < Scan->points.size() ? i2 : i2 - Scan->points.size();
[3.386s]       |                      ~~~^~~~~~~~~~~~~~~~~~~~~
[3.386s] /home/meng/mDetectRobot/turtlebot3_ws/src/cspc_lidar/sdk/point_cloud_optimize.cpp:162:25: warning: comparison of integer expressions of different signedness: ‘int’ and ‘std::vector<LaserPoint>::size_type’ {aka ‘long unsigned int’} [-Wsign-compare]
[3.386s]   162 |                 i3 = i3 < Scan->points.size() ? i3 : i3 - Scan->points.size();
[3.386s]       |                      ~~~^~~~~~~~~~~~~~~~~~~~~
[3.386s] /home/meng/mDetectRobot/turtlebot3_ws/src/cspc_lidar/sdk/point_cloud_optimize.cpp:164:25: warning: comparison of integer expressions of different signedness: ‘int’ and ‘std::vector<LaserPoint>::size_type’ {aka ‘long unsigned int’} [-Wsign-compare]
[3.386s]   164 |                 i4 = i4 < Scan->points.size() ? i4 : i4 - Scan->points.size();
[3.386s]       |                      ~~~^~~~~~~~~~~~~~~~~~~~~
[3.387s] /home/meng/mDetectRobot/turtlebot3_ws/src/cspc_lidar/sdk/point_cloud_optimize.cpp: In member function ‘int Point_cloud_optimize::UltrasonicSimRanging(LaserPoint&)’:
[3.387s] /home/meng/mDetectRobot/turtlebot3_ws/src/cspc_lidar/sdk/point_cloud_optimize.cpp:228:13: warning: unused variable ‘i’ [-Wunused-variable]
[3.387s]   228 |         int i, index;
[3.387s]       |             ^
[3.387s] /home/meng/mDetectRobot/turtlebot3_ws/src/cspc_lidar/sdk/point_cloud_optimize.cpp:229:15: warning: unused variable ‘tempdep’ [-Wunused-variable]
[3.387s]   229 |         short tempdep;
[3.388s]       |               ^~~~~~~
[3.388s] /home/meng/mDetectRobot/turtlebot3_ws/src/cspc_lidar/sdk/point_cloud_optimize.cpp:253:1: warning: no return statement in function returning non-void [-Wreturn-type]
[3.388s]   253 | }
[3.388s]       | ^
[3.388s] /home/meng/mDetectRobot/turtlebot3_ws/src/cspc_lidar/sdk/point_cloud_optimize.cpp: In member function ‘void Point_cloud_optimize::lidar_blocked_judge(int)’:
[3.388s] /home/meng/mDetectRobot/turtlebot3_ws/src/cspc_lidar/sdk/point_cloud_optimize.cpp:341:44: warning: ' ' flag used with ‘%s’ gnu_printf format [-Wformat=]
[3.388s]   341 |                 printf("lidar Lidar is 70% seriously blocked %d,%d\n",node_lidar.lidar_block.lidar_zero_count,node_lidar.scan_node_count);
[3.388s]       |                                            ^
[3.388s] /home/meng/mDetectRobot/turtlebot3_ws/src/cspc_lidar/sdk/serial_port.cpp: In member function ‘bool Serial_Port::setCustomBaudRate(long unsigned int)’:
[3.389s] /home/meng/mDetectRobot/turtlebot3_ws/src/cspc_lidar/sdk/serial_port.cpp:571:1: warning: control reaches end of non-void function [-Wreturn-type]
[3.389s]   571 | }
[3.389s]       | ^
[3.389s] /home/meng/mDetectRobot/turtlebot3_ws/src/cspc_lidar/sdk/point_cloud_optimize.cpp:341:44: warning: format ‘%s’ expects argument of type ‘char*’, but argument 2 has type ‘int’ [-Wformat=]
[3.389s]   341 |                 printf("lidar Lidar is 70% seriously blocked %d,%d\n",node_lidar.lidar_block.lidar_zero_count,node_lidar.scan_node_count);
[3.389s]       |                                          ~~^                          ~~~~~~~~~~~~~~~~~~~~~~~~~~~~~~~~~~~~~~~
[3.389s]       |                                            |                                                 |
[3.389s]       |                                            char*                                             int
[3.389s]       |                                          % d
[3.389s] /home/meng/mDetectRobot/turtlebot3_ws/src/cspc_lidar/sdk/point_cloud_optimize.cpp:341:63: warning: format ‘%d’ expects argument of type ‘int’, but argument 3 has type ‘size_t’ {aka ‘long unsigned int’} [-Wformat=]
[3.390s]   341 |                 printf("lidar Lidar is 70% seriously blocked %d,%d\n",node_lidar.lidar_block.lidar_zero_count,node_lidar.scan_node_count);
[3.390s]       |                                                              ~^                                               ~~~~~~~~~~~~~~~~~~~~~~~~~~
[3.390s]       |                                                               |                                                          |
[3.390s]       |                                                               int                                                        size_t {aka long unsigned int}
[3.390s]       |                                                              %ld
[3.390s] /home/meng/mDetectRobot/turtlebot3_ws/src/cspc_lidar/sdk/point_cloud_optimize.cpp:341:66: warning: format ‘%d’ expects a matching ‘int’ argument [-Wformat=]
[3.390s]   341 |                 printf("lidar Lidar is 70% seriously blocked %d,%d\n",node_lidar.lidar_block.lidar_zero_count,node_lidar.scan_node_count);
[3.390s]       |                                                                 ~^
[3.390s]       |                                                                  |
[3.390s]       |                                                                  int
[3.390s] /home/meng/mDetectRobot/turtlebot3_ws/src/cspc_lidar/sdk/point_cloud_optimize.cpp: In member function ‘void Point_cloud_optimize::lidar_blocked_init()’:
[3.391s] /home/meng/mDetectRobot/turtlebot3_ws/src/cspc_lidar/sdk/point_cloud_optimize.cpp:404:69: warning: suggest parentheses around ‘&&’ within ‘||’ [-Wparentheses]
[3.391s]   404 |                         if((angle >= 0 && angle < 90)|| angle > 270 && angle <=360){
[3.391s]       |                                                         ~~~~~~~~~~~~^~~~~~~~~~~~~~
[3.391s] /home/meng/mDetectRobot/turtlebot3_ws/src/cspc_lidar/sdk/point_cloud_optimize.cpp:375:21: warning: unused variable ‘temp’ [-Wunused-variable]
[3.391s]   375 |         float r, d, temp;
[3.391s]       |                     ^~~~
[3.412s] /home/meng/mDetectRobot/turtlebot3_ws/src/cspc_lidar/sdk/calibration.cpp: In function ‘void pcloud_build_by_scan(LaserScan&, pcloud_t&)’:
[3.412s] /home/meng/mDetectRobot/turtlebot3_ws/src/cspc_lidar/sdk/calibration.cpp:44:21: warning: comparison of integer expressions of different signedness: ‘int’ and ‘std::vector<LaserPoint>::size_type’ {aka ‘long unsigned int’} [-Wsign-compare]
[3.412s]    44 |   for (int i = 0; i < outscan.points.size(); i++)
[3.412s]       |                   ~~^~~~~~~~~~~~~~~~~~~~~~~
[3.412s] /home/meng/mDetectRobot/turtlebot3_ws/src/cspc_lidar/sdk/calibration.cpp:46:11: warning: ‘void* memset(void*, int, size_t)’ clearing an object of non-trivial type ‘point_t’ {aka ‘struct _point_’}; use assignment or value-initialization instead [-Wclass-memaccess]
[3.413s]    46 |     memset(&point, 0, sizeof(point_t));
[3.413s]       |     ~~~~~~^~~~~~~~~~~~~~~~~~~~~~~~~~~~
[3.413s] In file included from /home/meng/mDetectRobot/turtlebot3_ws/src/cspc_lidar/sdk/calibration.cpp:8:
[3.413s] /home/meng/mDetectRobot/turtlebot3_ws/src/cspc_lidar/sdk/calibration.h:52:16: note: ‘point_t’ {aka ‘struct _point_’} declared here
[3.413s]    52 | typedef struct _point_
[3.413s]       |                ^~~~~~~
[3.413s] /home/meng/mDetectRobot/turtlebot3_ws/src/cspc_lidar/sdk/calibration.cpp: In function ‘int find_index(point_t, pcloud_t&)’:
[3.413s] /home/meng/mDetectRobot/turtlebot3_ws/src/cspc_lidar/sdk/calibration.cpp:105:9: warning: ‘void* memset(void*, int, size_t)’ clearing an object of non-trivial type ‘point_t’ {aka ‘struct _point_’}; use assignment or value-initialization instead [-Wclass-memaccess]
[3.413s]   105 |   memset(&point_min, 0, sizeof(point_t));
[3.413s]       |   ~~~~~~^~~~~~~~~~~~~~~~~~~~~~~~~~~~~~~~
[3.414s] In file included from /home/meng/mDetectRobot/turtlebot3_ws/src/cspc_lidar/sdk/calibration.cpp:8:
[3.414s] /home/meng/mDetectRobot/turtlebot3_ws/src/cspc_lidar/sdk/calibration.h:52:16: note: ‘point_t’ {aka ‘struct _point_’} declared here
[3.414s]    52 | typedef struct _point_
[3.414s]       |                ^~~~~~~
[3.414s] /home/meng/mDetectRobot/turtlebot3_ws/src/cspc_lidar/sdk/calibration.cpp:124:23: warning: comparison of integer expressions of different signedness: ‘int’ and ‘std::vector<_point_>::size_type’ {aka ‘long unsigned int’} [-Wsign-compare]
[3.414s]   124 |   if (point_min.index > pcloud.data.size())
[3.414s]       |       ~~~~~~~~~~~~~~~~^~~~~~~~~~~~~~~~~~~~
[3.414s] /home/meng/mDetectRobot/turtlebot3_ws/src/cspc_lidar/sdk/calibration.cpp: In function ‘bool intersect(LineSegment, LineSegment, Vector2D&)’:
[3.414s] /home/meng/mDetectRobot/turtlebot3_ws/src/cspc_lidar/sdk/calibration.cpp:167:10: warning: unused variable ‘cross1’ [-Wunused-variable]
[3.414s]   167 |   double cross1 = position1.x * direction1.y - position1.y * direction1.x;
[3.415s]       |          ^~~~~~
[3.415s] /home/meng/mDetectRobot/turtlebot3_ws/src/cspc_lidar/sdk/lidar_data_processing.cpp: In member function ‘bool Lidar_Data_Processing::wait_start_reply(uint64_t)’:
[3.415s] /home/meng/mDetectRobot/turtlebot3_ws/src/cspc_lidar/sdk/lidar_data_processing.cpp:107:49: warning: comparison of integer expressions of different signedness: ‘int64_t’ {aka ‘long int’} and ‘uint64_t’ {aka ‘long unsigned int’} [-Wsign-compare]
[3.415s]   107 |   while ((waitTime = current_times() - startTs) <= timeout){
[3.415s]       |          ~~~~~~~~~~~~~~~~~~~~~~~~~~~~~~~~~~~~~~~^~~~~~~~~~
[3.415s] /home/meng/mDetectRobot/turtlebot3_ws/src/cspc_lidar/sdk/lidar_data_processing.cpp: In member function ‘result_t Lidar_Data_Processing::waitSpeedRight(uint8_t, uint64_t)’:
[3.415s] /home/meng/mDetectRobot/turtlebot3_ws/src/cspc_lidar/sdk/lidar_data_processing.cpp:209:56: warning: unused parameter ‘cmd’ [-Wunused-parameter]
[3.415s]   209 | result_t Lidar_Data_Processing::waitSpeedRight(uint8_t cmd,uint64_t timeout)
[3.416s]       |                                                ~~~~~~~~^~~
[3.416s] /home/meng/mDetectRobot/turtlebot3_ws/src/cspc_lidar/sdk/lidar_data_processing.cpp: In member function ‘result_t Lidar_Data_Processing::waitResponseHeader(uint8_t, uint64_t)’:
[3.416s] /home/meng/mDetectRobot/turtlebot3_ws/src/cspc_lidar/sdk/lidar_data_processing.cpp:481:28: warning: format ‘%d’ expects argument of type ‘int’, but argument 4 has type ‘size_t’ {aka ‘long unsigned int’} [-Wformat=]
[3.416s]   481 |       printf("data**%d,%d,%d\n",check_sum_cal,recvBuffer[remainSize-1],remainSize);
[3.416s]       |                           ~^                                           ~~~~~~~~~~
[3.417s]       |                            |                                           |
[3.417s]       |                            int                                         size_t {aka long unsigned int}
[3.417s]       |                           %ld
[3.417s] /home/meng/mDetectRobot/turtlebot3_ws/src/cspc_lidar/sdk/calibration.cpp: In function ‘double pointToLineDist(point_t, double, double)’:
[3.417s] /home/meng/mDetectRobot/turtlebot3_ws/src/cspc_lidar/sdk/calibration.cpp:439:10: warning: unused variable ‘y0’ [-Wunused-variable]
[3.417s]   439 |   double y0 = k * x0 + b;
[3.417s]       |          ^~
[3.417s] /home/meng/mDetectRobot/turtlebot3_ws/src/cspc_lidar/sdk/calibration.cpp: In function ‘bool line_judgment(std::vector<_point_>, point_t)’:
[3.417s] /home/meng/mDetectRobot/turtlebot3_ws/src/cspc_lidar/sdk/calibration.cpp:462:19: warning: comparison of integer expressions of different signedness: ‘std::vector<_point_>::size_type’ {aka ‘long unsigned int’} and ‘int’ [-Wsign-compare]
[3.417s]   462 |   if (line.size() <= reference)
[3.417s]       |       ~~~~~~~~~~~~^~~~~~~~~~~~
[3.418s] /home/meng/mDetectRobot/turtlebot3_ws/src/cspc_lidar/sdk/calibration.cpp:467:19: warning: comparison of integer expressions of different signedness: ‘std::vector<_point_>::size_type’ {aka ‘long unsigned int’} and ‘int’ [-Wsign-compare]
[3.418s]   467 |   if (line.size() <= reference)
[3.418s]       |       ~~~~~~~~~~~~^~~~~~~~~~~~
[3.418s] /home/meng/mDetectRobot/turtlebot3_ws/src/cspc_lidar/sdk/calibration.cpp:471:23: warning: comparison of integer expressions of different signedness: ‘int’ and ‘std::vector<_point_>::size_type’ {aka ‘long unsigned int’} [-Wsign-compare]
[3.418s]   471 |     for (int i = 1; i < line.size() - 1; i++)
[3.418s]       |                     ~~^~~~~~~~~~~~~~~~~
[3.419s] /home/meng/mDetectRobot/turtlebot3_ws/src/cspc_lidar/sdk/lidar_data_processing.cpp: In member function ‘result_t Lidar_Data_Processing::waitPackage_coin(node_info*, uint32_t)’:
[3.419s] /home/meng/mDetectRobot/turtlebot3_ws/src/cspc_lidar/sdk/lidar_data_processing.cpp:973:9: warning: unused variable ‘k’ [-Wunused-variable]
[3.420s]   973 |     int k;
[3.420s]       |         ^
[3.420s] /home/meng/mDetectRobot/turtlebot3_ws/src/cspc_lidar/sdk/lidar_data_processing.cpp:873:11: warning: variable ‘AngleCorrectForDistance’ set but not used [-Wunused-but-set-variable]
[3.420s]   873 |   int32_t AngleCorrectForDistance = 0;
[3.420s]       |           ^~~~~~~~~~~~~~~~~~~~~~~
[3.420s] /home/meng/mDetectRobot/turtlebot3_ws/src/cspc_lidar/sdk/lidar_data_processing.cpp:875:11: warning: unused variable ‘package_type’ [-Wunused-variable]
[3.420s]   875 |   uint8_t package_type = 0;
[3.420s]       |           ^~~~~~~~~~~~
[3.421s] /home/meng/mDetectRobot/turtlebot3_ws/src/cspc_lidar/sdk/lidar_data_processing.cpp:877:12: warning: unused variable ‘start’ [-Wunused-variable]
[3.421s]   877 |   uint16_t start;
[3.421s]       |            ^~~~~
[3.421s] /home/meng/mDetectRobot/turtlebot3_ws/src/cspc_lidar/sdk/lidar_data_processing.cpp:878:12: warning: unused variable ‘stop’ [-Wunused-variable]
[3.421s]   878 |   uint16_t stop;
[3.421s]       |            ^~~~
[3.421s] /home/meng/mDetectRobot/turtlebot3_ws/src/cspc_lidar/sdk/calibration.cpp: In function ‘void fitting_line(pcloud_t&)’:
[3.421s] /home/meng/mDetectRobot/turtlebot3_ws/src/cspc_lidar/sdk/calibration.cpp:542:25: warning: comparison of integer expressions of different signedness: ‘std::vector<_point_>::size_type’ {aka ‘long unsigned int’} and ‘int’ [-Wsign-compare]
[3.421s]   542 |         if (line.size() >= calibration_params.line_judgment_point_num)
[3.421s]       |             ~~~~~~~~~~~~^~~~~~~~~~~~~~~~~~~~~~~~~~~~~~~~~~~~~~~~~~~~~
[3.422s] /home/meng/mDetectRobot/turtlebot3_ws/src/cspc_lidar/sdk/calibration.cpp:560:63: warning: comparison of integer expressions of different signedness: ‘std::vector<_point_>::size_type’ {aka ‘long unsigned int’} and ‘int’ [-Wsign-compare]
[3.422s]   560 |         if(point.index == point_last_one.index && line.size() >= calibration_params.line_judgment_point_num)
[3.422s]       |                                                   ~~~~~~~~~~~~^~~~~~~~~~~~~~~~~~~~~~~~~~~~~~~~~~~~~~~~~~~~~
[3.422s] /home/meng/mDetectRobot/turtlebot3_ws/src/cspc_lidar/sdk/calibration.cpp:571:26: warning: comparison of integer expressions of different signedness: ‘int’ and ‘std::vector<_point_>::size_type’ {aka ‘long unsigned int’} [-Wsign-compare]
[3.422s]   571 |   if(point_record2.index < pcloud.data.size()
[3.422s]       |      ~~~~~~~~~~~~~~~~~~~~^~~~~~~~~~~~~~~~~~~~
[3.422s] /home/meng/mDetectRobot/turtlebot3_ws/src/cspc_lidar/sdk/calibration.cpp:572:28: warning: comparison of integer expressions of different signedness: ‘int’ and ‘std::vector<_point_>::size_type’ {aka ‘long unsigned int’} [-Wsign-compare]
[3.422s]   572 |   &&  point_last_one.index < pcloud.data.size()
[3.422s]       |       ~~~~~~~~~~~~~~~~~~~~~^~~~~~~~~~~~~~~~~~~~
[3.422s] /home/meng/mDetectRobot/turtlebot3_ws/src/cspc_lidar/sdk/calibration.cpp:573:27: warning: comparison of integer expressions of different signedness: ‘int’ and ‘std::vector<_point_>::size_type’ {aka ‘long unsigned int’} [-Wsign-compare]
[3.422s]   573 |   &&  point_record1.index < pcloud.data.size())
[3.422s]       |       ~~~~~~~~~~~~~~~~~~~~^~~~~~~~~~~~~~~~~~~~
[3.423s] /home/meng/mDetectRobot/turtlebot3_ws/src/cspc_lidar/sdk/calibration.cpp:597:28: warning: comparison of integer expressions of different signedness: ‘std::vector<_point_>::size_type’ {aka ‘long unsigned int’} and ‘int’ [-Wsign-compare]
[3.423s]   597 |     if (line_append.size() >= calibration_params.line_judgment_point_num)
[3.423s]       |         ~~~~~~~~~~~~~~~~~~~^~~~~~~~~~~~~~~~~~~~~~~~~~~~~~~~~~~~~~~~~~~~~
[3.423s] /home/meng/mDetectRobot/turtlebot3_ws/src/cspc_lidar/sdk/calibration.cpp:606:29: warning: comparison of integer expressions of different signedness: ‘std::vector<_point_>::size_type’ {aka ‘long unsigned int’} and ‘int’ [-Wsign-compare]
[3.423s]   606 |             if (line.size() >= calibration_params.line_judgment_point_num)
[3.423s]       |                 ~~~~~~~~~~~~^~~~~~~~~~~~~~~~~~~~~~~~~~~~~~~~~~~~~~~~~~~~~
[3.423s] /home/meng/mDetectRobot/turtlebot3_ws/src/cspc_lidar/sdk/calibration.cpp:617:68: warning: comparison of integer expressions of different signedness: ‘std::vector<_point_>::size_type’ {aka ‘long unsigned int’} and ‘int’ [-Wsign-compare]
[3.423s]   617 |           if(point.index == point_append_last.index && line.size() >= calibration_params.line_judgment_point_num)
[3.423s]       |                                                        ~~~~~~~~~~~~^~~~~~~~~~~~~~~~~~~~~~~~~~~~~~~~~~~~~~~~~~~~~
[3.423s] /home/meng/mDetectRobot/turtlebot3_ws/src/cspc_lidar/sdk/calibration.cpp:632:23: warning: comparison of integer expressions of different signedness: ‘int’ and ‘std::vector<std::vector<_point_> >::size_type’ {aka ‘long unsigned int’} [-Wsign-compare]
[3.423s]   632 |     for (int i = 0; i < lines.size() - 1; i++)
[3.423s]       |                     ~~^~~~~~~~~~~~~~~~~~
[3.424s] /home/meng/mDetectRobot/turtlebot3_ws/src/cspc_lidar/sdk/calibration.cpp: In function ‘void lidar_calibration(LaserScan&)’:
[3.424s] /home/meng/mDetectRobot/turtlebot3_ws/src/cspc_lidar/sdk/calibration.cpp:662:11: warning: ‘void* memset(void*, int, size_t)’ clearing an object of type ‘struct LaserPoint’ with no trivial copy-assignment; use assignment or value-initialization instead [-Wclass-memaccess]
[3.424s]   662 |     memset(&outscan_point, 0, sizeof(LaserPoint));
[3.424s]       |     ~~~~~~^~~~~~~~~~~~~~~~~~~~~~~~~~~~~~~~~~~~~~~
[3.424s] In file included from /home/meng/mDetectRobot/turtlebot3_ws/src/cspc_lidar/sdk/calibration.h:4,
[3.424s]                  from /home/meng/mDetectRobot/turtlebot3_ws/src/cspc_lidar/sdk/calibration.cpp:8:
[3.424s] /home/meng/mDetectRobot/turtlebot3_ws/src/cspc_lidar/sdk/lidar_information.h:210:8: note: ‘struct LaserPoint’ declared here
[3.424s]   210 | struct LaserPoint
[3.424s]       |        ^~~~~~~~~~
[3.427s] /home/meng/mDetectRobot/turtlebot3_ws/src/cspc_lidar/sdk/node_lidar.cpp: In function ‘void flushSerial()’:
[3.427s] /home/meng/mDetectRobot/turtlebot3_ws/src/cspc_lidar/sdk/node_lidar.cpp:53:24: warning: unused variable ‘bytes_read’ [-Wunused-variable]
[3.427s]    53 |                 size_t bytes_read = node_lidar.serial_port->read_data(buffer, len);
[3.427s]       |                        ^~~~~~~~~~
[3.428s] /home/meng/mDetectRobot/turtlebot3_ws/src/cspc_lidar/sdk/node_lidar.cpp: In function ‘bool lidar_state_judgment()’:
[3.428s] /home/meng/mDetectRobot/turtlebot3_ws/src/cspc_lidar/sdk/node_lidar.cpp:86:52: warning: format ‘%lld’ expects argument of type ‘long long int’, but argument 2 has type ‘uint64_t’ {aka ‘long unsigned int’} [-Wformat=]
[3.428s]    86 |                 printf("Status abnormal restart %lld\n",lidar_status_time);
[3.428s]       |                                                 ~~~^    ~~~~~~~~~~~~~~~~~
[3.428s]       |                                                    |    |
[3.428s]       |                                                    |    uint64_t {aka long unsigned int}
[3.428s]       |                                                    long long int
[3.428s]       |                                                 %ld
[3.428s] /home/meng/mDetectRobot/turtlebot3_ws/src/cspc_lidar/sdk/node_lidar.cpp:62:21: warning: unused variable ‘status_judge’ [-Wunused-variable]
[3.428s]    62 |         static bool status_judge = false;     //Overall status judgment
[3.429s]       |                     ^~~~~~~~~~~~
[3.429s] /home/meng/mDetectRobot/turtlebot3_ws/src/cspc_lidar/sdk/node_lidar.cpp:65:21: warning: variable ‘lidar_start_flag’ set but not used [-Wunused-but-set-variable]
[3.429s]    65 |         static bool lidar_start_flag = false; //Lidar feedback flag after issuing the lidar startup command
[3.429s]       |                     ^~~~~~~~~~~~~~~~
[3.429s] /home/meng/mDetectRobot/turtlebot3_ws/src/cspc_lidar/sdk/node_lidar.cpp: In function ‘int read_forever()’:
[3.429s] /home/meng/mDetectRobot/turtlebot3_ws/src/cspc_lidar/sdk/node_lidar.cpp:205:82: warning: format ‘%d’ expects argument of type ‘int’, but argument 2 has type ‘size_t’ {aka ‘long unsigned int’} [-Wformat=]
[3.429s]   205 |                                                         printf("full----- count=%d,time=%lld,frequence=%d\n",scan_count,current_times(),local_scan[0].scan_frequence);
[3.429s]       |                                                                                 ~^                           ~~~~~~~~~~
[3.429s]       |                                                                                  |                           |
[3.429s]       |                                                                                  int                         size_t {aka long unsigned int}
[3.429s]       |                                                                                 %ld
[3.430s] /home/meng/mDetectRobot/turtlebot3_ws/src/cspc_lidar/sdk/node_lidar.cpp:205:92: warning: format ‘%lld’ expects argument of type ‘long long int’, but argument 3 has type ‘int64_t’ {aka ‘long int’} [-Wformat=]
[3.430s]   205 |                                                         printf("full----- count=%d,time=%lld,frequence=%d\n",scan_count,current_times(),local_scan[0].scan_frequence);
[3.430s]       |                                                                                         ~~~^                            ~~~~~~~~~~~~~~~
[3.430s]       |                                                                                            |                                         |
[3.430s]       |                                                                                            long long int                             int64_t {aka long int}
[3.430s]       |                                                                                         %ld
[3.430s] /home/meng/mDetectRobot/turtlebot3_ws/src/cspc_lidar/sdk/node_lidar.cpp: In function ‘void send_lidar_data(LaserScan&)’:
[3.430s] /home/meng/mDetectRobot/turtlebot3_ws/src/cspc_lidar/sdk/node_lidar.cpp:311:43: warning: comparison of integer expressions of different signedness: ‘int’ and ‘size_t’ {aka ‘long unsigned int’} [-Wsign-compare]
[3.430s]   311 |                         for (int i = 0; i < count; i++)
[3.430s]       |                                         ~~^~~~~~~
[3.510s] /home/meng/mDetectRobot/turtlebot3_ws/src/cspc_lidar/sdk/node_lidar.cpp: At global scope:
[3.510s] /home/meng/mDetectRobot/turtlebot3_ws/src/cspc_lidar/sdk/node_lidar.cpp:62:21: warning: ‘status_judge’ defined but not used [-Wunused-variable]
[3.510s]    62 |         static bool status_judge = false;     //Overall status judgment
[3.510s]       |                     ^~~~~~~~~~~~
[6.402s] /home/meng/mDetectRobot/turtlebot3_ws/src/cspc_lidar/src/node_lidar_ros.cpp: In function ‘int Scan_to_PointCloud(LaserScan&, sensor_msgs::msg::PointCloud2&)’:
[6.402s] /home/meng/mDetectRobot/turtlebot3_ws/src/cspc_lidar/src/node_lidar_ros.cpp:87:24: warning: comparison of integer expressions of different signedness: ‘int’ and ‘std::vector<LaserPoint>::size_type’ {aka ‘long unsigned int’} [-Wsign-compare]
[6.402s]    87 |         for(int i = 0;i<scan.points.size();i++)
[6.402s]       |                       ~^~~~~~~~~~~~~~~~~~~
[6.402s] /home/meng/mDetectRobot/turtlebot3_ws/src/cspc_lidar/src/node_lidar_ros.cpp:97:1: warning: no return statement in function returning non-void [-Wreturn-type]
[6.403s]    97 | }
[6.403s]       | ^
[6.404s] /home/meng/mDetectRobot/turtlebot3_ws/src/cspc_lidar/src/node_lidar_ros.cpp: In function ‘int topic_thread()’:
[6.404s] /home/meng/mDetectRobot/turtlebot3_ws/src/cspc_lidar/src/node_lidar_ros.cpp:102:1: warning: no return statement in function returning non-void [-Wreturn-type]
[6.404s]   102 | }
[6.404s]       | ^
[6.413s] /home/meng/mDetectRobot/turtlebot3_ws/src/cspc_lidar/src/node_lidar_ros.cpp: In function ‘int main(int, char**)’:
[6.413s] /home/meng/mDetectRobot/turtlebot3_ws/src/cspc_lidar/src/node_lidar_ros.cpp:185:40: warning: comparison of integer expressions of different signedness: ‘int’ and ‘std::vector<LaserPoint>::size_type’ {aka ‘long unsigned int’} [-Wsign-compare]
[6.413s]   185 |                         for(int i=0; i < scan.points.size(); i++) {
[6.414s]       |                                      ~~^~~~~~~~~~~~~~~~~~~~
[10.969s] [100%] Linking CXX executable cspc_lidar
[11.613s] [100%] Built target cspc_lidar
[11.624s] Invoked command in '/home/meng/mDetectRobot/turtlebot3_ws/build/cspc_lidar' returned '0': CMAKE_PREFIX_PATH=${CMAKE_PREFIX_PATH}:/home/meng/mdetect_ws/install/mdetect_navigation:/opt/ros/humble /usr/bin/cmake --build /home/meng/mDetectRobot/turtlebot3_ws/build/cspc_lidar -- -j20 -l20
[11.631s] Invoking command in '/home/meng/mDetectRobot/turtlebot3_ws/build/cspc_lidar': CMAKE_PREFIX_PATH=${CMAKE_PREFIX_PATH}:/home/meng/mdetect_ws/install/mdetect_navigation:/opt/ros/humble /usr/bin/cmake --install /home/meng/mDetectRobot/turtlebot3_ws/build/cspc_lidar
[11.638s] -- Install configuration: ""
[11.639s] -- Installing: /home/meng/mDetectRobot/turtlebot3_ws/install/cspc_lidar/lib/cspc_lidar/cspc_lidar
[11.643s] -- Set runtime path of "/home/meng/mDetectRobot/turtlebot3_ws/install/cspc_lidar/lib/cspc_lidar/cspc_lidar" to ""
[11.643s] -- Installing: /home/meng/mDetectRobot/turtlebot3_ws/install/cspc_lidar/share/cspc_lidar/launch
[11.644s] -- Installing: /home/meng/mDetectRobot/turtlebot3_ws/install/cspc_lidar/share/cspc_lidar/launch/cspc_lidar.launch.py
[11.644s] -- Installing: /home/meng/mDetectRobot/turtlebot3_ws/install/cspc_lidar/share/cspc_lidar/params
[11.644s] -- Installing: /home/meng/mDetectRobot/turtlebot3_ws/install/cspc_lidar/share/cspc_lidar/params/cspc_lidar.yaml
[11.644s] -- Installing: /home/meng/mDetectRobot/turtlebot3_ws/install/cspc_lidar/share/ament_index/resource_index/package_run_dependencies/cspc_lidar
[11.644s] -- Installing: /home/meng/mDetectRobot/turtlebot3_ws/install/cspc_lidar/share/ament_index/resource_index/parent_prefix_path/cspc_lidar
[11.644s] -- Installing: /home/meng/mDetectRobot/turtlebot3_ws/install/cspc_lidar/share/cspc_lidar/environment/ament_prefix_path.sh
[11.644s] -- Installing: /home/meng/mDetectRobot/turtlebot3_ws/install/cspc_lidar/share/cspc_lidar/environment/ament_prefix_path.dsv
[11.644s] -- Installing: /home/meng/mDetectRobot/turtlebot3_ws/install/cspc_lidar/share/cspc_lidar/environment/path.sh
[11.644s] -- Installing: /home/meng/mDetectRobot/turtlebot3_ws/install/cspc_lidar/share/cspc_lidar/environment/path.dsv
[11.644s] -- Installing: /home/meng/mDetectRobot/turtlebot3_ws/install/cspc_lidar/share/cspc_lidar/local_setup.bash
[11.645s] -- Installing: /home/meng/mDetectRobot/turtlebot3_ws/install/cspc_lidar/share/cspc_lidar/local_setup.sh
[11.645s] -- Installing: /home/meng/mDetectRobot/turtlebot3_ws/install/cspc_lidar/share/cspc_lidar/local_setup.zsh
[11.645s] -- Installing: /home/meng/mDetectRobot/turtlebot3_ws/install/cspc_lidar/share/cspc_lidar/local_setup.dsv
[11.645s] -- Installing: /home/meng/mDetectRobot/turtlebot3_ws/install/cspc_lidar/share/cspc_lidar/package.dsv
[11.645s] -- Installing: /home/meng/mDetectRobot/turtlebot3_ws/install/cspc_lidar/share/ament_index/resource_index/packages/cspc_lidar
[11.646s] -- Installing: /home/meng/mDetectRobot/turtlebot3_ws/install/cspc_lidar/share/cspc_lidar/cmake/cspc_lidarConfig.cmake
[11.646s] -- Installing: /home/meng/mDetectRobot/turtlebot3_ws/install/cspc_lidar/share/cspc_lidar/cmake/cspc_lidarConfig-version.cmake
[11.646s] -- Installing: /home/meng/mDetectRobot/turtlebot3_ws/install/cspc_lidar/share/cspc_lidar/package.xml
[11.647s] Invoked command in '/home/meng/mDetectRobot/turtlebot3_ws/build/cspc_lidar' returned '0': CMAKE_PREFIX_PATH=${CMAKE_PREFIX_PATH}:/home/meng/mdetect_ws/install/mdetect_navigation:/opt/ros/humble /usr/bin/cmake --install /home/meng/mDetectRobot/turtlebot3_ws/build/cspc_lidar
