[0.007s] Invoking command in '/home/meng/mDetectRobot/mDetectRobot/turtlebot3_ws/build/turtlebot3_description': CMAKE_PREFIX_PATH=${CMAKE_PREFIX_PATH}:/home/meng/mdetect_ws/install/mdetect_navigation:/opt/ros/humble /usr/bin/cmake /home/meng/mDetectRobot/mDetectRobot/turtlebot3_ws/src/turtlebot3/turtlebot3_description -DAMENT_CMAKE_SYMLINK_INSTALL=1 -DCMAKE_INSTALL_PREFIX=/home/meng/mDetectRobot/mDetectRobot/turtlebot3_ws/install/turtlebot3_description
[0.098s] -- The C compiler identification is GNU 11.4.0
[0.179s] -- The CXX compiler identification is GNU 11.4.0
[0.189s] -- Detecting C compiler ABI info
[0.257s] -- Detecting C compiler ABI info - done
[0.264s] -- Check for working C compiler: /usr/bin/cc - skipped
[0.264s] -- Detecting C compile features
[0.264s] -- Detecting C compile features - done
[0.267s] -- Detecting CXX compiler ABI info
[0.335s] -- Detecting CXX compiler ABI info - done
[0.340s] -- Check for working CXX compiler: /usr/bin/c++ - skipped
[0.341s] -- Detecting CXX compile features
[0.341s] -- Detecting CXX compile features - done
[0.348s] -- Found ament_cmake: 1.3.14 (/opt/ros/humble/share/ament_cmake/cmake)
[0.471s] -- Found Python3: /usr/bin/python3 (found version "3.10.12") found components: Interpreter 
[0.521s] -- Override CMake install command with custom implementation using symlinks instead of copying resources
[0.547s] -- Found urdf: 2.6.1 (/opt/ros/humble/share/urdf/cmake)
[0.657s] -- Configuring done
[0.660s] -- Generating done
[0.662s] -- Build files have been written to: /home/meng/mDetectRobot/mDetectRobot/turtlebot3_ws/build/turtlebot3_description
[0.668s] Invoked command in '/home/meng/mDetectRobot/mDetectRobot/turtlebot3_ws/build/turtlebot3_description' returned '0': CMAKE_PREFIX_PATH=${CMAKE_PREFIX_PATH}:/home/meng/mdetect_ws/install/mdetect_navigation:/opt/ros/humble /usr/bin/cmake /home/meng/mDetectRobot/mDetectRobot/turtlebot3_ws/src/turtlebot3/turtlebot3_description -DAMENT_CMAKE_SYMLINK_INSTALL=1 -DCMAKE_INSTALL_PREFIX=/home/meng/mDetectRobot/mDetectRobot/turtlebot3_ws/install/turtlebot3_description
[0.669s] Invoking command in '/home/meng/mDetectRobot/mDetectRobot/turtlebot3_ws/build/turtlebot3_description': CMAKE_PREFIX_PATH=${CMAKE_PREFIX_PATH}:/home/meng/mdetect_ws/install/mdetect_navigation:/opt/ros/humble /usr/bin/cmake --build /home/meng/mDetectRobot/mDetectRobot/turtlebot3_ws/build/turtlebot3_description -- -j20 -l20
[0.705s] Invoked command in '/home/meng/mDetectRobot/mDetectRobot/turtlebot3_ws/build/turtlebot3_description' returned '0': CMAKE_PREFIX_PATH=${CMAKE_PREFIX_PATH}:/home/meng/mdetect_ws/install/mdetect_navigation:/opt/ros/humble /usr/bin/cmake --build /home/meng/mDetectRobot/mDetectRobot/turtlebot3_ws/build/turtlebot3_description -- -j20 -l20
[0.713s] Invoking command in '/home/meng/mDetectRobot/mDetectRobot/turtlebot3_ws/build/turtlebot3_description': CMAKE_PREFIX_PATH=${CMAKE_PREFIX_PATH}:/home/meng/mdetect_ws/install/mdetect_navigation:/opt/ros/humble /usr/bin/cmake --install /home/meng/mDetectRobot/mDetectRobot/turtlebot3_ws/build/turtlebot3_description
[0.720s] -- Install configuration: ""
[0.720s] -- Execute custom install script
[0.721s] -- Symlinking: /home/meng/mDetectRobot/mDetectRobot/turtlebot3_ws/install/turtlebot3_description/share/turtlebot3_description/meshes/bases/burger_base.stl
[0.727s] -- Symlinking: /home/meng/mDetectRobot/mDetectRobot/turtlebot3_ws/install/turtlebot3_description/share/turtlebot3_description/meshes/bases/waffle_base.stl
[0.734s] -- Symlinking: /home/meng/mDetectRobot/mDetectRobot/turtlebot3_ws/install/turtlebot3_description/share/turtlebot3_description/meshes/bases/waffle_pi_base.stl
[0.742s] -- Symlinking: /home/meng/mDetectRobot/mDetectRobot/turtlebot3_ws/install/turtlebot3_description/share/turtlebot3_description/meshes/sensors/astra.dae
[0.750s] -- Symlinking: /home/meng/mDetectRobot/mDetectRobot/turtlebot3_ws/install/turtlebot3_description/share/turtlebot3_description/meshes/sensors/astra.jpg
[0.759s] -- Symlinking: /home/meng/mDetectRobot/mDetectRobot/turtlebot3_ws/install/turtlebot3_description/share/turtlebot3_description/meshes/sensors/lds.stl
[0.765s] -- Symlinking: /home/meng/mDetectRobot/mDetectRobot/turtlebot3_ws/install/turtlebot3_description/share/turtlebot3_description/meshes/sensors/r200.dae
[0.773s] -- Symlinking: /home/meng/mDetectRobot/mDetectRobot/turtlebot3_ws/install/turtlebot3_description/share/turtlebot3_description/meshes/sensors/r200.jpg
[0.781s] -- Symlinking: /home/meng/mDetectRobot/mDetectRobot/turtlebot3_ws/install/turtlebot3_description/share/turtlebot3_description/meshes/wheels/left_tire.stl
[0.790s] -- Symlinking: /home/meng/mDetectRobot/mDetectRobot/turtlebot3_ws/install/turtlebot3_description/share/turtlebot3_description/meshes/wheels/right_tire.stl
[0.801s] -- Symlinking: /home/meng/mDetectRobot/mDetectRobot/turtlebot3_ws/install/turtlebot3_description/share/turtlebot3_description/rviz/model.rviz
[0.810s] -- Symlinking: /home/meng/mDetectRobot/mDetectRobot/turtlebot3_ws/install/turtlebot3_description/share/turtlebot3_description/urdf/common_properties.urdf
[0.815s] -- Symlinking: /home/meng/mDetectRobot/mDetectRobot/turtlebot3_ws/install/turtlebot3_description/share/turtlebot3_description/urdf/turtlebot3_burger.urdf
[0.822s] -- Symlinking: /home/meng/mDetectRobot/mDetectRobot/turtlebot3_ws/install/turtlebot3_description/share/turtlebot3_description/urdf/turtlebot3_waffle.urdf
[0.831s] -- Symlinking: /home/meng/mDetectRobot/mDetectRobot/turtlebot3_ws/install/turtlebot3_description/share/turtlebot3_description/urdf/turtlebot3_waffle_pi.urdf
[0.836s] -- Symlinking: /home/meng/mDetectRobot/mDetectRobot/turtlebot3_ws/install/turtlebot3_description/share/ament_index/resource_index/package_run_dependencies/turtlebot3_description
[0.843s] -- Symlinking: /home/meng/mDetectRobot/mDetectRobot/turtlebot3_ws/install/turtlebot3_description/share/ament_index/resource_index/parent_prefix_path/turtlebot3_description
[0.851s] -- Symlinking: /home/meng/mDetectRobot/mDetectRobot/turtlebot3_ws/install/turtlebot3_description/share/turtlebot3_description/environment/ament_prefix_path.sh
[0.857s] -- Symlinking: /home/meng/mDetectRobot/mDetectRobot/turtlebot3_ws/install/turtlebot3_description/share/turtlebot3_description/environment/ament_prefix_path.dsv
[0.864s] -- Symlinking: /home/meng/mDetectRobot/mDetectRobot/turtlebot3_ws/install/turtlebot3_description/share/turtlebot3_description/environment/path.sh
[0.872s] -- Symlinking: /home/meng/mDetectRobot/mDetectRobot/turtlebot3_ws/install/turtlebot3_description/share/turtlebot3_description/environment/path.dsv
[0.878s] -- Symlinking: /home/meng/mDetectRobot/mDetectRobot/turtlebot3_ws/install/turtlebot3_description/share/turtlebot3_description/local_setup.bash
[0.884s] -- Symlinking: /home/meng/mDetectRobot/mDetectRobot/turtlebot3_ws/install/turtlebot3_description/share/turtlebot3_description/local_setup.sh
[0.892s] -- Symlinking: /home/meng/mDetectRobot/mDetectRobot/turtlebot3_ws/install/turtlebot3_description/share/turtlebot3_description/local_setup.zsh
[0.898s] -- Symlinking: /home/meng/mDetectRobot/mDetectRobot/turtlebot3_ws/install/turtlebot3_description/share/turtlebot3_description/local_setup.dsv
[0.905s] -- Symlinking: /home/meng/mDetectRobot/mDetectRobot/turtlebot3_ws/install/turtlebot3_description/share/turtlebot3_description/package.dsv
[0.912s] -- Symlinking: /home/meng/mDetectRobot/mDetectRobot/turtlebot3_ws/install/turtlebot3_description/share/ament_index/resource_index/packages/turtlebot3_description
[0.918s] -- Symlinking: /home/meng/mDetectRobot/mDetectRobot/turtlebot3_ws/install/turtlebot3_description/share/turtlebot3_description/cmake/turtlebot3_descriptionConfig.cmake
[0.925s] -- Symlinking: /home/meng/mDetectRobot/mDetectRobot/turtlebot3_ws/install/turtlebot3_description/share/turtlebot3_description/cmake/turtlebot3_descriptionConfig-version.cmake
[0.933s] -- Symlinking: /home/meng/mDetectRobot/mDetectRobot/turtlebot3_ws/install/turtlebot3_description/share/turtlebot3_description/package.xml
[0.943s] Invoked command in '/home/meng/mDetectRobot/mDetectRobot/turtlebot3_ws/build/turtlebot3_description' returned '0': CMAKE_PREFIX_PATH=${CMAKE_PREFIX_PATH}:/home/meng/mdetect_ws/install/mdetect_navigation:/opt/ros/humble /usr/bin/cmake --install /home/meng/mDetectRobot/mDetectRobot/turtlebot3_ws/build/turtlebot3_description
