-- Found ament_cmake: 1.3.14 (/opt/ros/humble/share/ament_cmake/cmake)
-- Found rclcpp: 16.0.19 (/opt/ros/humble/share/rclcpp/cmake)
-- Found rosidl_generator_c: 3.1.8 (/opt/ros/humble/share/rosidl_generator_c/cmake)
-- Found rosidl_adapter: 3.1.8 (/opt/ros/humble/share/rosidl_adapter/cmake)
-- Found rosidl_generator_cpp: 3.1.8 (/opt/ros/humble/share/rosidl_generator_cpp/cmake)
-- Using all available rosidl_typesupport_c: rosidl_typesupport_fastrtps_c;rosidl_typesupport_introspection_c
-- Using all available rosidl_typesupport_cpp: rosidl_typesupport_fastrtps_cpp;rosidl_typesupport_introspection_cpp
-- Found rmw_implementation_cmake: 6.1.2 (/opt/ros/humble/share/rmw_implementation_cmake/cmake)
-- Found rmw_fastrtps_cpp: 6.2.10 (/opt/ros/humble/share/rmw_fastrtps_cpp/cmake)
-- Using RMW implementation 'rmw_fastrtps_cpp' as default
-- Found sensor_msgs: 4.9.1 (/opt/ros/humble/share/sensor_msgs/cmake)
-- Found visualization_msgs: 4.9.1 (/opt/ros/humble/share/visualization_msgs/cmake)
-- Found ament_lint_auto: 0.12.15 (/opt/ros/humble/share/ament_lint_auto/cmake)
-- Eigen found (include: /usr/include/eigen3, version: 3.4.0)
-- FLANN found (include: /usr/include, lib: /usr/lib/x86_64-linux-gnu/libflann_cpp.so)
-- OpenNI found (version: 1.5.4.0, include: /usr/include/ni, lib: /usr/lib/libOpenNI.so;libusb::libusb)
-- OpenNI2 found (version: 2.2.0.33, include: /usr/include/openni2, lib: /usr/lib/x86_64-linux-gnu/libOpenNI2.so;libusb::libusb)
-- Eigen found (include: /usr/include/eigen3, version: 3.4.0)
-- OpenNI found (version: 1.5.4.0, include: /usr/include/ni, lib: /usr/lib/libOpenNI.so;libusb::libusb)
-- OpenNI2 found (version: 2.2.0.33, include: /usr/include/openni2, lib: /usr/lib/x86_64-linux-gnu/libOpenNI2.so;libusb::libusb)
-- Found Qhull version 8.0.2
-- OpenNI found (version: 1.5.4.0, include: /usr/include/ni, lib: /usr/lib/libOpenNI.so;libusb::libusb)
-- Found eigen3_cmake_module: 0.1.1 (/opt/ros/humble/share/eigen3_cmake_module/cmake)
-- Ensuring Eigen3 include directory is part of orocos-kdl CMake target
-- Added test 'copyright' to check source files copyright and LICENSE
-- Added test 'cppcheck' to perform static code analysis on C / C++ code
-- Configured cppcheck include dirs: /home/meng/mDetectRobot/turtlebot3_ws/src/cspc_lidar/include/cspc_lidar;/home/meng/mDetectRobot/turtlebot3_ws/src/cspc_lidar/sdk
-- Configured cppcheck exclude dirs and/or files: 
-- Added test 'cpplint' to check C / C++ code against the Google style
-- Configured cpplint exclude dirs and/or files: 
-- Added test 'flake8' to check Python code syntax and style conventions
-- Added test 'lint_cmake' to check CMake code style
-- Added test 'pep257' to check Python code against some of the docstring style conventions in PEP 257
-- Added test 'uncrustify' to check C / C++ code style
-- Configured uncrustify additional arguments: 
-- Added test 'xmllint' to check XML markup files
-- Configuring done
-- Generating done
-- Build files have been written to: /home/meng/mDetectRobot/turtlebot3_ws/build/cspc_lidar
Consolidate compiler generated dependencies of target cspc_lidar
[ 11%] Building CXX object CMakeFiles/cspc_lidar.dir/sdk/lidar_data_processing.cpp.o
[ 22%] Building CXX object CMakeFiles/cspc_lidar.dir/sdk/point_cloud_optimize.cpp.o
[ 33%] Building CXX object CMakeFiles/cspc_lidar.dir/sdk/calibration.cpp.o
[ 44%] Building CXX object CMakeFiles/cspc_lidar.dir/sdk/mtime.cpp.o
[ 55%] Building CXX object CMakeFiles/cspc_lidar.dir/sdk/node_lidar.cpp.o
[ 66%] Building CXX object CMakeFiles/cspc_lidar.dir/sdk/serial_port.cpp.o
[ 77%] Building CXX object CMakeFiles/cspc_lidar.dir/sdk/timer.cpp.o
[ 88%] Building CXX object CMakeFiles/cspc_lidar.dir/src/node_lidar_ros.cpp.o
In file included from /home/meng/mDetectRobot/turtlebot3_ws/src/cspc_lidar/sdk/serial_port.cpp:12:
/home/meng/mDetectRobot/turtlebot3_ws/src/cspc_lidar/sdk/serial_port.h: In constructor ‘Serial_Port::Serial_Port(const string&, uint32_t, Timeout, bytesize_t, parity_t, stopbits_t, flowcontrol_t)’:
/home/meng/mDetectRobot/turtlebot3_ws/src/cspc_lidar/sdk/serial_port.h:102:14: warning: ‘Serial_Port::bytesize_’ will be initialized after [-Wreorder]
  102 |   bytesize_t bytesize_;       // Size of the bytes
      |              ^~~~~~~~~
/home/meng/mDetectRobot/turtlebot3_ws/src/cspc_lidar/sdk/serial_port.h:101:12: warning:   ‘parity_t Serial_Port::parity_’ [-Wreorder]
  101 |   parity_t parity_;           // Parity
      |            ^~~~~~~
/home/meng/mDetectRobot/turtlebot3_ws/src/cspc_lidar/sdk/serial_port.cpp:31:1: warning:   when initialized here [-Wreorder]
   31 | Serial_Port::Serial_Port(const string &port, uint32_t baudrate, Timeout timeout,
      | ^~~~~~~~~~~
/home/meng/mDetectRobot/turtlebot3_ws/src/cspc_lidar/sdk/serial_port.cpp: In member function ‘bool Serial_Port::setBaudrate(long unsigned int)’:
/home/meng/mDetectRobot/turtlebot3_ws/src/cspc_lidar/sdk/serial_port.cpp:578:11: warning: unused variable ‘new_baud’ [-Wunused-variable]
  578 |   speed_t new_baud = static_cast<speed_t>(baudrate);
      |           ^~~~~~~~
/home/meng/mDetectRobot/turtlebot3_ws/src/cspc_lidar/sdk/calibration.cpp: In function ‘void pcloud_build_by_scan(LaserScan&, pcloud_t&)’:
/home/meng/mDetectRobot/turtlebot3_ws/src/cspc_lidar/sdk/calibration.cpp:44:21: warning: comparison of integer expressions of different signedness: ‘int’ and ‘std::vector<LaserPoint>::size_type’ {aka ‘long unsigned int’} [-Wsign-compare]
   44 |   for (int i = 0; i < outscan.points.size(); i++)
      |                   ~~^~~~~~~~~~~~~~~~~~~~~~~
/home/meng/mDetectRobot/turtlebot3_ws/src/cspc_lidar/sdk/calibration.cpp:46:11: warning: ‘void* memset(void*, int, size_t)’ clearing an object of non-trivial type ‘point_t’ {aka ‘struct _point_’}; use assignment or value-initialization instead [-Wclass-memaccess]
   46 |     memset(&point, 0, sizeof(point_t));
      |     ~~~~~~^~~~~~~~~~~~~~~~~~~~~~~~~~~~
In file included from /home/meng/mDetectRobot/turtlebot3_ws/src/cspc_lidar/sdk/calibration.cpp:8:
/home/meng/mDetectRobot/turtlebot3_ws/src/cspc_lidar/sdk/calibration.h:52:16: note: ‘point_t’ {aka ‘struct _point_’} declared here
   52 | typedef struct _point_
      |                ^~~~~~~
/home/meng/mDetectRobot/turtlebot3_ws/src/cspc_lidar/sdk/calibration.cpp: In function ‘int find_index(point_t, pcloud_t&)’:
/home/meng/mDetectRobot/turtlebot3_ws/src/cspc_lidar/sdk/calibration.cpp:105:9: warning: ‘void* memset(void*, int, size_t)’ clearing an object of non-trivial type ‘point_t’ {aka ‘struct _point_’}; use assignment or value-initialization instead [-Wclass-memaccess]
  105 |   memset(&point_min, 0, sizeof(point_t));
      |   ~~~~~~^~~~~~~~~~~~~~~~~~~~~~~~~~~~~~~~
In file included from /home/meng/mDetectRobot/turtlebot3_ws/src/cspc_lidar/sdk/calibration.cpp:8:
/home/meng/mDetectRobot/turtlebot3_ws/src/cspc_lidar/sdk/calibration.h:52:16: note: ‘point_t’ {aka ‘struct _point_’} declared here
   52 | typedef struct _point_
      |                ^~~~~~~
/home/meng/mDetectRobot/turtlebot3_ws/src/cspc_lidar/sdk/calibration.cpp:124:23: warning: comparison of integer expressions of different signedness: ‘int’ and ‘std::vector<_point_>::size_type’ {aka ‘long unsigned int’} [-Wsign-compare]
  124 |   if (point_min.index > pcloud.data.size())
      |       ~~~~~~~~~~~~~~~~^~~~~~~~~~~~~~~~~~~~
/home/meng/mDetectRobot/turtlebot3_ws/src/cspc_lidar/sdk/calibration.cpp: In function ‘bool intersect(LineSegment, LineSegment, Vector2D&)’:
/home/meng/mDetectRobot/turtlebot3_ws/src/cspc_lidar/sdk/calibration.cpp:167:10: warning: unused variable ‘cross1’ [-Wunused-variable]
  167 |   double cross1 = position1.x * direction1.y - position1.y * direction1.x;
      |          ^~~~~~
/home/meng/mDetectRobot/turtlebot3_ws/src/cspc_lidar/sdk/calibration.cpp: In function ‘double pointToLineDist(point_t, double, double)’:
/home/meng/mDetectRobot/turtlebot3_ws/src/cspc_lidar/sdk/calibration.cpp:439:10: warning: unused variable ‘y0’ [-Wunused-variable]
  439 |   double y0 = k * x0 + b;
      |          ^~
/home/meng/mDetectRobot/turtlebot3_ws/src/cspc_lidar/sdk/calibration.cpp: In function ‘bool line_judgment(std::vector<_point_>, point_t)’:
/home/meng/mDetectRobot/turtlebot3_ws/src/cspc_lidar/sdk/calibration.cpp:462:19: warning: comparison of integer expressions of different signedness: ‘std::vector<_point_>::size_type’ {aka ‘long unsigned int’} and ‘int’ [-Wsign-compare]
  462 |   if (line.size() <= reference)
      |       ~~~~~~~~~~~~^~~~~~~~~~~~
/home/meng/mDetectRobot/turtlebot3_ws/src/cspc_lidar/sdk/calibration.cpp:467:19: warning: comparison of integer expressions of different signedness: ‘std::vector<_point_>::size_type’ {aka ‘long unsigned int’} and ‘int’ [-Wsign-compare]
  467 |   if (line.size() <= reference)
      |       ~~~~~~~~~~~~^~~~~~~~~~~~
/home/meng/mDetectRobot/turtlebot3_ws/src/cspc_lidar/sdk/calibration.cpp:471:23: warning: comparison of integer expressions of different signedness: ‘int’ and ‘std::vector<_point_>::size_type’ {aka ‘long unsigned int’} [-Wsign-compare]
  471 |     for (int i = 1; i < line.size() - 1; i++)
      |                     ~~^~~~~~~~~~~~~~~~~
/home/meng/mDetectRobot/turtlebot3_ws/src/cspc_lidar/sdk/calibration.cpp: In function ‘void fitting_line(pcloud_t&)’:
/home/meng/mDetectRobot/turtlebot3_ws/src/cspc_lidar/sdk/calibration.cpp:542:25: warning: comparison of integer expressions of different signedness: ‘std::vector<_point_>::size_type’ {aka ‘long unsigned int’} and ‘int’ [-Wsign-compare]
  542 |         if (line.size() >= calibration_params.line_judgment_point_num)
      |             ~~~~~~~~~~~~^~~~~~~~~~~~~~~~~~~~~~~~~~~~~~~~~~~~~~~~~~~~~
/home/meng/mDetectRobot/turtlebot3_ws/src/cspc_lidar/sdk/calibration.cpp:560:63: warning: comparison of integer expressions of different signedness: ‘std::vector<_point_>::size_type’ {aka ‘long unsigned int’} and ‘int’ [-Wsign-compare]
  560 |         if(point.index == point_last_one.index && line.size() >= calibration_params.line_judgment_point_num)
      |                                                   ~~~~~~~~~~~~^~~~~~~~~~~~~~~~~~~~~~~~~~~~~~~~~~~~~~~~~~~~~
/home/meng/mDetectRobot/turtlebot3_ws/src/cspc_lidar/sdk/calibration.cpp:571:26: warning: comparison of integer expressions of different signedness: ‘int’ and ‘std::vector<_point_>::size_type’ {aka ‘long unsigned int’} [-Wsign-compare]
  571 |   if(point_record2.index < pcloud.data.size()
      |      ~~~~~~~~~~~~~~~~~~~~^~~~~~~~~~~~~~~~~~~~
/home/meng/mDetectRobot/turtlebot3_ws/src/cspc_lidar/sdk/calibration.cpp:572:28: warning: comparison of integer expressions of different signedness: ‘int’ and ‘std::vector<_point_>::size_type’ {aka ‘long unsigned int’} [-Wsign-compare]
  572 |   &&  point_last_one.index < pcloud.data.size()
      |       ~~~~~~~~~~~~~~~~~~~~~^~~~~~~~~~~~~~~~~~~~
/home/meng/mDetectRobot/turtlebot3_ws/src/cspc_lidar/sdk/calibration.cpp:573:27: warning: comparison of integer expressions of different signedness: ‘int’ and ‘std::vector<_point_>::size_type’ {aka ‘long unsigned int’} [-Wsign-compare]
  573 |   &&  point_record1.index < pcloud.data.size())
      |       ~~~~~~~~~~~~~~~~~~~~^~~~~~~~~~~~~~~~~~~~
/home/meng/mDetectRobot/turtlebot3_ws/src/cspc_lidar/sdk/calibration.cpp:597:28: warning: comparison of integer expressions of different signedness: ‘std::vector<_point_>::size_type’ {aka ‘long unsigned int’} and ‘int’ [-Wsign-compare]
  597 |     if (line_append.size() >= calibration_params.line_judgment_point_num)
      |         ~~~~~~~~~~~~~~~~~~~^~~~~~~~~~~~~~~~~~~~~~~~~~~~~~~~~~~~~~~~~~~~~
/home/meng/mDetectRobot/turtlebot3_ws/src/cspc_lidar/sdk/calibration.cpp:606:29: warning: comparison of integer expressions of different signedness: ‘std::vector<_point_>::size_type’ {aka ‘long unsigned int’} and ‘int’ [-Wsign-compare]
  606 |             if (line.size() >= calibration_params.line_judgment_point_num)
      |                 ~~~~~~~~~~~~^~~~~~~~~~~~~~~~~~~~~~~~~~~~~~~~~~~~~~~~~~~~~
/home/meng/mDetectRobot/turtlebot3_ws/src/cspc_lidar/sdk/calibration.cpp:617:68: warning: comparison of integer expressions of different signedness: ‘std::vector<_point_>::size_type’ {aka ‘long unsigned int’} and ‘int’ [-Wsign-compare]
  617 |           if(point.index == point_append_last.index && line.size() >= calibration_params.line_judgment_point_num)
      |                                                        ~~~~~~~~~~~~^~~~~~~~~~~~~~~~~~~~~~~~~~~~~~~~~~~~~~~~~~~~~
/home/meng/mDetectRobot/turtlebot3_ws/src/cspc_lidar/sdk/calibration.cpp:632:23: warning: comparison of integer expressions of different signedness: ‘int’ and ‘std::vector<std::vector<_point_> >::size_type’ {aka ‘long unsigned int’} [-Wsign-compare]
  632 |     for (int i = 0; i < lines.size() - 1; i++)
      |                     ~~^~~~~~~~~~~~~~~~~~
/home/meng/mDetectRobot/turtlebot3_ws/src/cspc_lidar/sdk/calibration.cpp: In function ‘void lidar_calibration(LaserScan&)’:
/home/meng/mDetectRobot/turtlebot3_ws/src/cspc_lidar/sdk/calibration.cpp:662:11: warning: ‘void* memset(void*, int, size_t)’ clearing an object of type ‘struct LaserPoint’ with no trivial copy-assignment; use assignment or value-initialization instead [-Wclass-memaccess]
  662 |     memset(&outscan_point, 0, sizeof(LaserPoint));
      |     ~~~~~~^~~~~~~~~~~~~~~~~~~~~~~~~~~~~~~~~~~~~~~
In file included from /home/meng/mDetectRobot/turtlebot3_ws/src/cspc_lidar/sdk/calibration.h:4,
                 from /home/meng/mDetectRobot/turtlebot3_ws/src/cspc_lidar/sdk/calibration.cpp:8:
/home/meng/mDetectRobot/turtlebot3_ws/src/cspc_lidar/sdk/lidar_information.h:210:8: note: ‘struct LaserPoint’ declared here
  210 | struct LaserPoint
      |        ^~~~~~~~~~
/home/meng/mDetectRobot/turtlebot3_ws/src/cspc_lidar/sdk/node_lidar.cpp: In function ‘void flushSerial()’:
/home/meng/mDetectRobot/turtlebot3_ws/src/cspc_lidar/sdk/node_lidar.cpp:53:24: warning: unused variable ‘bytes_read’ [-Wunused-variable]
   53 |                 size_t bytes_read = node_lidar.serial_port->read_data(buffer, len);
      |                        ^~~~~~~~~~
/home/meng/mDetectRobot/turtlebot3_ws/src/cspc_lidar/sdk/node_lidar.cpp: In function ‘bool lidar_state_judgment()’:
/home/meng/mDetectRobot/turtlebot3_ws/src/cspc_lidar/sdk/node_lidar.cpp:86:52: warning: format ‘%lld’ expects argument of type ‘long long int’, but argument 2 has type ‘uint64_t’ {aka ‘long unsigned int’} [-Wformat=]
   86 |                 printf("Status abnormal restart %lld\n",lidar_status_time);
      |                                                 ~~~^    ~~~~~~~~~~~~~~~~~
      |                                                    |    |
      |                                                    |    uint64_t {aka long unsigned int}
      |                                                    long long int
      |                                                 %ld
/home/meng/mDetectRobot/turtlebot3_ws/src/cspc_lidar/sdk/node_lidar.cpp:62:21: warning: unused variable ‘status_judge’ [-Wunused-variable]
   62 |         static bool status_judge = false;     //Overall status judgment
      |                     ^~~~~~~~~~~~
/home/meng/mDetectRobot/turtlebot3_ws/src/cspc_lidar/sdk/node_lidar.cpp:65:21: warning: variable ‘lidar_start_flag’ set but not used [-Wunused-but-set-variable]
   65 |         static bool lidar_start_flag = false; //Lidar feedback flag after issuing the lidar startup command
      |                     ^~~~~~~~~~~~~~~~
/home/meng/mDetectRobot/turtlebot3_ws/src/cspc_lidar/sdk/node_lidar.cpp: In function ‘int read_forever()’:
/home/meng/mDetectRobot/turtlebot3_ws/src/cspc_lidar/sdk/node_lidar.cpp:205:82: warning: format ‘%d’ expects argument of type ‘int’, but argument 2 has type ‘size_t’ {aka ‘long unsigned int’} [-Wformat=]
  205 |                                                         printf("full----- count=%d,time=%lld,frequence=%d\n",scan_count,current_times(),local_scan[0].scan_frequence);
      |                                                                                 ~^                           ~~~~~~~~~~
      |                                                                                  |                           |
      |                                                                                  int                         size_t {aka long unsigned int}
      |                                                                                 %ld
/home/meng/mDetectRobot/turtlebot3_ws/src/cspc_lidar/sdk/node_lidar.cpp:205:92: warning: format ‘%lld’ expects argument of type ‘long long int’, but argument 3 has type ‘int64_t’ {aka ‘long int’} [-Wformat=]
  205 |                                                         printf("full----- count=%d,time=%lld,frequence=%d\n",scan_count,current_times(),local_scan[0].scan_frequence);
      |                                                                                         ~~~^                            ~~~~~~~~~~~~~~~
      |                                                                                            |                                         |
      |                                                                                            long long int                             int64_t {aka long int}
      |                                                                                         %ld
/home/meng/mDetectRobot/turtlebot3_ws/src/cspc_lidar/sdk/node_lidar.cpp: In function ‘void send_lidar_data(LaserScan&)’:
/home/meng/mDetectRobot/turtlebot3_ws/src/cspc_lidar/sdk/node_lidar.cpp:311:43: warning: comparison of integer expressions of different signedness: ‘int’ and ‘size_t’ {aka ‘long unsigned int’} [-Wsign-compare]
  311 |                         for (int i = 0; i < count; i++)
      |                                         ~~^~~~~~~
/home/meng/mDetectRobot/turtlebot3_ws/src/cspc_lidar/sdk/serial_port.cpp: In member function ‘bool Serial_Port::setCustomBaudRate(long unsigned int)’:
/home/meng/mDetectRobot/turtlebot3_ws/src/cspc_lidar/sdk/serial_port.cpp:571:1: warning: control reaches end of non-void function [-Wreturn-type]
  571 | }
      | ^
/home/meng/mDetectRobot/turtlebot3_ws/src/cspc_lidar/sdk/point_cloud_optimize.cpp: In member function ‘void Point_cloud_optimize::PointCloudFilter(LaserScan*)’:
/home/meng/mDetectRobot/turtlebot3_ws/src/cspc_lidar/sdk/point_cloud_optimize.cpp:25:25: warning: comparison of integer expressions of different signedness: ‘int’ and ‘std::vector<LaserPoint>::size_type’ {aka ‘long unsigned int’} [-Wsign-compare]
   25 |         for (i0 = 0; i0 < Scan->points.size(); i0++)
      |                      ~~~^~~~~~~~~~~~~~~~~~~~~
/home/meng/mDetectRobot/turtlebot3_ws/src/cspc_lidar/sdk/point_cloud_optimize.cpp:28:25: warning: comparison of integer expressions of different signedness: ‘int’ and ‘std::vector<LaserPoint>::size_type’ {aka ‘long unsigned int’} [-Wsign-compare]
   28 |                 i1 = i1 < Scan->points.size() ? i1 : i1 - Scan->points.size();
      |                      ~~~^~~~~~~~~~~~~~~~~~~~~
/home/meng/mDetectRobot/turtlebot3_ws/src/cspc_lidar/sdk/point_cloud_optimize.cpp:30:25: warning: comparison of integer expressions of different signedness: ‘int’ and ‘std::vector<LaserPoint>::size_type’ {aka ‘long unsigned int’} [-Wsign-compare]
   30 |                 i2 = i2 < Scan->points.size() ? i2 : i2 - Scan->points.size();
      |                      ~~~^~~~~~~~~~~~~~~~~~~~~
/home/meng/mDetectRobot/turtlebot3_ws/src/cspc_lidar/sdk/point_cloud_optimize.cpp:32:25: warning: comparison of integer expressions of different signedness: ‘int’ and ‘std::vector<LaserPoint>::size_type’ {aka ‘long unsigned int’} [-Wsign-compare]
   32 |                 i3 = i3 < Scan->points.size() ? i3 : i3 - Scan->points.size();
      |                      ~~~^~~~~~~~~~~~~~~~~~~~~
/home/meng/mDetectRobot/turtlebot3_ws/src/cspc_lidar/sdk/point_cloud_optimize.cpp:155:25: warning: comparison of integer expressions of different signedness: ‘int’ and ‘std::vector<LaserPoint>::size_type’ {aka ‘long unsigned int’} [-Wsign-compare]
  155 |         for (i0 = 0; i0 < Scan->points.size(); i0++)
      |                      ~~~^~~~~~~~~~~~~~~~~~~~~
/home/meng/mDetectRobot/turtlebot3_ws/src/cspc_lidar/sdk/point_cloud_optimize.cpp:158:25: warning: comparison of integer expressions of different signedness: ‘int’ and ‘std::vector<LaserPoint>::size_type’ {aka ‘long unsigned int’} [-Wsign-compare]
  158 |                 i1 = i1 < Scan->points.size() ? i1 : i1 - Scan->points.size();
      |                      ~~~^~~~~~~~~~~~~~~~~~~~~
/home/meng/mDetectRobot/turtlebot3_ws/src/cspc_lidar/sdk/point_cloud_optimize.cpp:160:25: warning: comparison of integer expressions of different signedness: ‘int’ and ‘std::vector<LaserPoint>::size_type’ {aka ‘long unsigned int’} [-Wsign-compare]
  160 |                 i2 = i2 < Scan->points.size() ? i2 : i2 - Scan->points.size();
      |                      ~~~^~~~~~~~~~~~~~~~~~~~~
/home/meng/mDetectRobot/turtlebot3_ws/src/cspc_lidar/sdk/point_cloud_optimize.cpp:162:25: warning: comparison of integer expressions of different signedness: ‘int’ and ‘std::vector<LaserPoint>::size_type’ {aka ‘long unsigned int’} [-Wsign-compare]
  162 |                 i3 = i3 < Scan->points.size() ? i3 : i3 - Scan->points.size();
      |                      ~~~^~~~~~~~~~~~~~~~~~~~~
/home/meng/mDetectRobot/turtlebot3_ws/src/cspc_lidar/sdk/point_cloud_optimize.cpp:164:25: warning: comparison of integer expressions of different signedness: ‘int’ and ‘std::vector<LaserPoint>::size_type’ {aka ‘long unsigned int’} [-Wsign-compare]
  164 |                 i4 = i4 < Scan->points.size() ? i4 : i4 - Scan->points.size();
      |                      ~~~^~~~~~~~~~~~~~~~~~~~~
/home/meng/mDetectRobot/turtlebot3_ws/src/cspc_lidar/sdk/point_cloud_optimize.cpp: In member function ‘int Point_cloud_optimize::UltrasonicSimRanging(LaserPoint&)’:
/home/meng/mDetectRobot/turtlebot3_ws/src/cspc_lidar/sdk/point_cloud_optimize.cpp:228:13: warning: unused variable ‘i’ [-Wunused-variable]
  228 |         int i, index;
      |             ^
/home/meng/mDetectRobot/turtlebot3_ws/src/cspc_lidar/sdk/point_cloud_optimize.cpp:229:15: warning: unused variable ‘tempdep’ [-Wunused-variable]
  229 |         short tempdep;
      |               ^~~~~~~
/home/meng/mDetectRobot/turtlebot3_ws/src/cspc_lidar/sdk/point_cloud_optimize.cpp:253:1: warning: no return statement in function returning non-void [-Wreturn-type]
  253 | }
      | ^
/home/meng/mDetectRobot/turtlebot3_ws/src/cspc_lidar/sdk/point_cloud_optimize.cpp: In member function ‘void Point_cloud_optimize::lidar_blocked_init()’:
/home/meng/mDetectRobot/turtlebot3_ws/src/cspc_lidar/sdk/point_cloud_optimize.cpp:404:69: warning: suggest parentheses around ‘&&’ within ‘||’ [-Wparentheses]
  404 |                         if((angle >= 0 && angle < 90)|| angle > 270 && angle <=360){
      |                                                         ~~~~~~~~~~~~^~~~~~~~~~~~~~
/home/meng/mDetectRobot/turtlebot3_ws/src/cspc_lidar/sdk/point_cloud_optimize.cpp:375:21: warning: unused variable ‘temp’ [-Wunused-variable]
  375 |         float r, d, temp;
      |                     ^~~~
/home/meng/mDetectRobot/turtlebot3_ws/src/cspc_lidar/sdk/lidar_data_processing.cpp: In member function ‘bool Lidar_Data_Processing::wait_start_reply(uint64_t)’:
/home/meng/mDetectRobot/turtlebot3_ws/src/cspc_lidar/sdk/lidar_data_processing.cpp:107:49: warning: comparison of integer expressions of different signedness: ‘int64_t’ {aka ‘long int’} and ‘uint64_t’ {aka ‘long unsigned int’} [-Wsign-compare]
  107 |   while ((waitTime = current_times() - startTs) <= timeout){
      |          ~~~~~~~~~~~~~~~~~~~~~~~~~~~~~~~~~~~~~~~^~~~~~~~~~
/home/meng/mDetectRobot/turtlebot3_ws/src/cspc_lidar/sdk/lidar_data_processing.cpp: In member function ‘result_t Lidar_Data_Processing::waitSpeedRight(uint8_t, uint64_t)’:
/home/meng/mDetectRobot/turtlebot3_ws/src/cspc_lidar/sdk/lidar_data_processing.cpp:209:56: warning: unused parameter ‘cmd’ [-Wunused-parameter]
  209 | result_t Lidar_Data_Processing::waitSpeedRight(uint8_t cmd,uint64_t timeout)
      |                                                ~~~~~~~~^~~
/home/meng/mDetectRobot/turtlebot3_ws/src/cspc_lidar/sdk/lidar_data_processing.cpp: In member function ‘result_t Lidar_Data_Processing::waitResponseHeader(uint8_t, uint64_t)’:
/home/meng/mDetectRobot/turtlebot3_ws/src/cspc_lidar/sdk/lidar_data_processing.cpp:481:28: warning: format ‘%d’ expects argument of type ‘int’, but argument 4 has type ‘size_t’ {aka ‘long unsigned int’} [-Wformat=]
  481 |       printf("data**%d,%d,%d\n",check_sum_cal,recvBuffer[remainSize-1],remainSize);
      |                           ~^                                           ~~~~~~~~~~
      |                            |                                           |
      |                            int                                         size_t {aka long unsigned int}
      |                           %ld
/home/meng/mDetectRobot/turtlebot3_ws/src/cspc_lidar/sdk/lidar_data_processing.cpp: In member function ‘result_t Lidar_Data_Processing::waitPackage_coin(node_info*, uint32_t)’:
/home/meng/mDetectRobot/turtlebot3_ws/src/cspc_lidar/sdk/lidar_data_processing.cpp:973:9: warning: unused variable ‘k’ [-Wunused-variable]
  973 |     int k;
      |         ^
/home/meng/mDetectRobot/turtlebot3_ws/src/cspc_lidar/sdk/lidar_data_processing.cpp:873:11: warning: variable ‘AngleCorrectForDistance’ set but not used [-Wunused-but-set-variable]
  873 |   int32_t AngleCorrectForDistance = 0;
      |           ^~~~~~~~~~~~~~~~~~~~~~~
/home/meng/mDetectRobot/turtlebot3_ws/src/cspc_lidar/sdk/lidar_data_processing.cpp:875:11: warning: unused variable ‘package_type’ [-Wunused-variable]
  875 |   uint8_t package_type = 0;
      |           ^~~~~~~~~~~~
/home/meng/mDetectRobot/turtlebot3_ws/src/cspc_lidar/sdk/lidar_data_processing.cpp:877:12: warning: unused variable ‘start’ [-Wunused-variable]
  877 |   uint16_t start;
      |            ^~~~~
/home/meng/mDetectRobot/turtlebot3_ws/src/cspc_lidar/sdk/lidar_data_processing.cpp:878:12: warning: unused variable ‘stop’ [-Wunused-variable]
  878 |   uint16_t stop;
      |            ^~~~
/home/meng/mDetectRobot/turtlebot3_ws/src/cspc_lidar/sdk/node_lidar.cpp: At global scope:
/home/meng/mDetectRobot/turtlebot3_ws/src/cspc_lidar/sdk/node_lidar.cpp:62:21: warning: ‘status_judge’ defined but not used [-Wunused-variable]
   62 |         static bool status_judge = false;     //Overall status judgment
      |                     ^~~~~~~~~~~~
/home/meng/mDetectRobot/turtlebot3_ws/src/cspc_lidar/sdk/calibration.cpp: In function ‘void straightening_process(point_lines, point_t, point_t, pcloud_t&)’:
/home/meng/mDetectRobot/turtlebot3_ws/src/cspc_lidar/sdk/calibration.cpp:194:12: warning: ‘intersection.Vector2D::x’ is used uninitialized [-Wuninitialized]
  194 |   Vector2D intersection;
      |            ^~~~~~~~~~~~
/home/meng/mDetectRobot/turtlebot3_ws/src/cspc_lidar/sdk/calibration.cpp:194:12: warning: ‘intersection.Vector2D::y’ is used uninitialized [-Wuninitialized]
/home/meng/mDetectRobot/turtlebot3_ws/src/cspc_lidar/sdk/point_cloud_optimize.cpp: In member function ‘void Point_cloud_optimize::getLidarCoverAngle(char*)’:
/home/meng/mDetectRobot/turtlebot3_ws/src/cspc_lidar/sdk/point_cloud_optimize.cpp:293:38: warning: ‘index’ may be used uninitialized in this function [-Wmaybe-uninitialized]
  293 |                         tempstr[index++] = charbuf[i];
      |                                 ~~~~~^~
/home/meng/mDetectRobot/turtlebot3_ws/src/cspc_lidar/sdk/lidar_data_processing.cpp: In member function ‘result_t Lidar_Data_Processing::waitPackage(node_info*, uint32_t)’:
/home/meng/mDetectRobot/turtlebot3_ws/src/cspc_lidar/sdk/lidar_data_processing.cpp:651:34: warning: writing 1 byte into a region of size 0 [-Wstringop-overflow=]
  651 |         packageBuffer[recvPos++] = currentByte;
      |         ~~~~~~~~~~~~~~~~~~~~~~~~~^~~~~~~~~~~~~
In file included from /home/meng/mDetectRobot/turtlebot3_ws/src/cspc_lidar/sdk/serial_port.h:4,
                 from /home/meng/mDetectRobot/turtlebot3_ws/src/cspc_lidar/sdk/lidar_data_processing.cpp:7:
/home/meng/mDetectRobot/turtlebot3_ws/src/cspc_lidar/sdk/lidar_information.h:144:12: note: at offset 2 into destination object ‘node_packages::package_Head’ of size 2
  144 |   uint16_t package_Head;
      |            ^~~~~~~~~~~~
/home/meng/mDetectRobot/turtlebot3_ws/src/cspc_lidar/sdk/lidar_information.h:132:12: note: at offset 2 into destination object ‘node_package::package_Head’ of size 2
  132 |   uint16_t package_Head;
      |            ^~~~~~~~~~~~
/home/meng/mDetectRobot/turtlebot3_ws/src/cspc_lidar/sdk/lidar_data_processing.cpp:651:34: warning: writing 1 byte into a region of size 0 [-Wstringop-overflow=]
  651 |         packageBuffer[recvPos++] = currentByte;
      |         ~~~~~~~~~~~~~~~~~~~~~~~~~^~~~~~~~~~~~~
In file included from /home/meng/mDetectRobot/turtlebot3_ws/src/cspc_lidar/sdk/serial_port.h:4,
                 from /home/meng/mDetectRobot/turtlebot3_ws/src/cspc_lidar/sdk/lidar_data_processing.cpp:7:
/home/meng/mDetectRobot/turtlebot3_ws/src/cspc_lidar/sdk/lidar_information.h:144:12: note: at offset 2 into destination object ‘node_packages::package_Head’ of size 2
  144 |   uint16_t package_Head;
      |            ^~~~~~~~~~~~
/home/meng/mDetectRobot/turtlebot3_ws/src/cspc_lidar/sdk/lidar_information.h:132:12: note: at offset 2 into destination object ‘node_package::package_Head’ of size 2
  132 |   uint16_t package_Head;
      |            ^~~~~~~~~~~~
/home/meng/mDetectRobot/turtlebot3_ws/src/cspc_lidar/sdk/lidar_data_processing.cpp:651:34: warning: writing 1 byte into a region of size 0 [-Wstringop-overflow=]
  651 |         packageBuffer[recvPos++] = currentByte;
      |         ~~~~~~~~~~~~~~~~~~~~~~~~~^~~~~~~~~~~~~
In file included from /home/meng/mDetectRobot/turtlebot3_ws/src/cspc_lidar/sdk/serial_port.h:4,
                 from /home/meng/mDetectRobot/turtlebot3_ws/src/cspc_lidar/sdk/lidar_data_processing.cpp:7:
/home/meng/mDetectRobot/turtlebot3_ws/src/cspc_lidar/sdk/lidar_information.h:144:12: note: at offset 3 into destination object ‘node_packages::package_Head’ of size 2
  144 |   uint16_t package_Head;
      |            ^~~~~~~~~~~~
/home/meng/mDetectRobot/turtlebot3_ws/src/cspc_lidar/sdk/lidar_information.h:132:12: note: at offset 3 into destination object ‘node_package::package_Head’ of size 2
  132 |   uint16_t package_Head;
      |            ^~~~~~~~~~~~
/home/meng/mDetectRobot/turtlebot3_ws/src/cspc_lidar/sdk/lidar_data_processing.cpp:651:34: warning: writing 1 byte into a region of size 0 [-Wstringop-overflow=]
  651 |         packageBuffer[recvPos++] = currentByte;
      |         ~~~~~~~~~~~~~~~~~~~~~~~~~^~~~~~~~~~~~~
In file included from /home/meng/mDetectRobot/turtlebot3_ws/src/cspc_lidar/sdk/serial_port.h:4,
                 from /home/meng/mDetectRobot/turtlebot3_ws/src/cspc_lidar/sdk/lidar_data_processing.cpp:7:
/home/meng/mDetectRobot/turtlebot3_ws/src/cspc_lidar/sdk/lidar_information.h:144:12: note: at offset 4 into destination object ‘node_packages::package_Head’ of size 2
  144 |   uint16_t package_Head;
      |            ^~~~~~~~~~~~
/home/meng/mDetectRobot/turtlebot3_ws/src/cspc_lidar/sdk/lidar_information.h:132:12: note: at offset 4 into destination object ‘node_package::package_Head’ of size 2
  132 |   uint16_t package_Head;
      |            ^~~~~~~~~~~~
/home/meng/mDetectRobot/turtlebot3_ws/src/cspc_lidar/sdk/lidar_data_processing.cpp:651:34: warning: writing 1 byte into a region of size 0 [-Wstringop-overflow=]
  651 |         packageBuffer[recvPos++] = currentByte;
      |         ~~~~~~~~~~~~~~~~~~~~~~~~~^~~~~~~~~~~~~
In file included from /home/meng/mDetectRobot/turtlebot3_ws/src/cspc_lidar/sdk/serial_port.h:4,
                 from /home/meng/mDetectRobot/turtlebot3_ws/src/cspc_lidar/sdk/lidar_data_processing.cpp:7:
/home/meng/mDetectRobot/turtlebot3_ws/src/cspc_lidar/sdk/lidar_information.h:144:12: note: at offset 5 into destination object ‘node_packages::package_Head’ of size 2
  144 |   uint16_t package_Head;
      |            ^~~~~~~~~~~~
/home/meng/mDetectRobot/turtlebot3_ws/src/cspc_lidar/sdk/lidar_information.h:132:12: note: at offset 5 into destination object ‘node_package::package_Head’ of size 2
  132 |   uint16_t package_Head;
      |            ^~~~~~~~~~~~
/home/meng/mDetectRobot/turtlebot3_ws/src/cspc_lidar/sdk/lidar_data_processing.cpp:651:34: warning: writing 1 byte into a region of size 0 [-Wstringop-overflow=]
  651 |         packageBuffer[recvPos++] = currentByte;
      |         ~~~~~~~~~~~~~~~~~~~~~~~~~^~~~~~~~~~~~~
In file included from /home/meng/mDetectRobot/turtlebot3_ws/src/cspc_lidar/sdk/serial_port.h:4,
                 from /home/meng/mDetectRobot/turtlebot3_ws/src/cspc_lidar/sdk/lidar_data_processing.cpp:7:
/home/meng/mDetectRobot/turtlebot3_ws/src/cspc_lidar/sdk/lidar_information.h:144:12: note: at offset 6 into destination object ‘node_packages::package_Head’ of size 2
  144 |   uint16_t package_Head;
      |            ^~~~~~~~~~~~
/home/meng/mDetectRobot/turtlebot3_ws/src/cspc_lidar/sdk/lidar_information.h:132:12: note: at offset 6 into destination object ‘node_package::package_Head’ of size 2
  132 |   uint16_t package_Head;
      |            ^~~~~~~~~~~~
/home/meng/mDetectRobot/turtlebot3_ws/src/cspc_lidar/sdk/lidar_data_processing.cpp:651:34: warning: writing 1 byte into a region of size 0 [-Wstringop-overflow=]
  651 |         packageBuffer[recvPos++] = currentByte;
      |         ~~~~~~~~~~~~~~~~~~~~~~~~~^~~~~~~~~~~~~
In file included from /home/meng/mDetectRobot/turtlebot3_ws/src/cspc_lidar/sdk/serial_port.h:4,
                 from /home/meng/mDetectRobot/turtlebot3_ws/src/cspc_lidar/sdk/lidar_data_processing.cpp:7:
/home/meng/mDetectRobot/turtlebot3_ws/src/cspc_lidar/sdk/lidar_information.h:144:12: note: at offset 7 into destination object ‘node_packages::package_Head’ of size 2
  144 |   uint16_t package_Head;
      |            ^~~~~~~~~~~~
/home/meng/mDetectRobot/turtlebot3_ws/src/cspc_lidar/sdk/lidar_information.h:132:12: note: at offset 7 into destination object ‘node_package::package_Head’ of size 2
  132 |   uint16_t package_Head;
      |            ^~~~~~~~~~~~
/home/meng/mDetectRobot/turtlebot3_ws/src/cspc_lidar/sdk/lidar_data_processing.cpp:651:34: warning: writing 1 byte into a region of size 0 [-Wstringop-overflow=]
  651 |         packageBuffer[recvPos++] = currentByte;
      |         ~~~~~~~~~~~~~~~~~~~~~~~~~^~~~~~~~~~~~~
In file included from /home/meng/mDetectRobot/turtlebot3_ws/src/cspc_lidar/sdk/serial_port.h:4,
                 from /home/meng/mDetectRobot/turtlebot3_ws/src/cspc_lidar/sdk/lidar_data_processing.cpp:7:
/home/meng/mDetectRobot/turtlebot3_ws/src/cspc_lidar/sdk/lidar_information.h:144:12: note: at offset 7 into destination object ‘node_packages::package_Head’ of size 2
  144 |   uint16_t package_Head;
      |            ^~~~~~~~~~~~
/home/meng/mDetectRobot/turtlebot3_ws/src/cspc_lidar/sdk/lidar_information.h:132:12: note: at offset 7 into destination object ‘node_package::package_Head’ of size 2
  132 |   uint16_t package_Head;
      |            ^~~~~~~~~~~~
/home/meng/mDetectRobot/turtlebot3_ws/src/cspc_lidar/sdk/lidar_data_processing.cpp:651:34: warning: writing 1 byte into a region of size 0 [-Wstringop-overflow=]
  651 |         packageBuffer[recvPos++] = currentByte;
      |         ~~~~~~~~~~~~~~~~~~~~~~~~~^~~~~~~~~~~~~
In file included from /home/meng/mDetectRobot/turtlebot3_ws/src/cspc_lidar/sdk/serial_port.h:4,
                 from /home/meng/mDetectRobot/turtlebot3_ws/src/cspc_lidar/sdk/lidar_data_processing.cpp:7:
/home/meng/mDetectRobot/turtlebot3_ws/src/cspc_lidar/sdk/lidar_information.h:144:12: note: at offset 7 into destination object ‘node_packages::package_Head’ of size 2
  144 |   uint16_t package_Head;
      |            ^~~~~~~~~~~~
/home/meng/mDetectRobot/turtlebot3_ws/src/cspc_lidar/sdk/lidar_information.h:132:12: note: at offset 7 into destination object ‘node_package::package_Head’ of size 2
  132 |   uint16_t package_Head;
      |            ^~~~~~~~~~~~
/home/meng/mDetectRobot/turtlebot3_ws/src/cspc_lidar/sdk/lidar_data_processing.cpp:651:34: warning: writing 1 byte into a region of size 0 [-Wstringop-overflow=]
  651 |         packageBuffer[recvPos++] = currentByte;
      |         ~~~~~~~~~~~~~~~~~~~~~~~~~^~~~~~~~~~~~~
In file included from /home/meng/mDetectRobot/turtlebot3_ws/src/cspc_lidar/sdk/serial_port.h:4,
                 from /home/meng/mDetectRobot/turtlebot3_ws/src/cspc_lidar/sdk/lidar_data_processing.cpp:7:
/home/meng/mDetectRobot/turtlebot3_ws/src/cspc_lidar/sdk/lidar_information.h:144:12: note: at offset 7 into destination object ‘node_packages::package_Head’ of size 2
  144 |   uint16_t package_Head;
      |            ^~~~~~~~~~~~
/home/meng/mDetectRobot/turtlebot3_ws/src/cspc_lidar/sdk/lidar_information.h:132:12: note: at offset 7 into destination object ‘node_package::package_Head’ of size 2
  132 |   uint16_t package_Head;
      |            ^~~~~~~~~~~~
/home/meng/mDetectRobot/turtlebot3_ws/src/cspc_lidar/sdk/lidar_data_processing.cpp:651:34: warning: writing 1 byte into a region of size 0 [-Wstringop-overflow=]
  651 |         packageBuffer[recvPos++] = currentByte;
      |         ~~~~~~~~~~~~~~~~~~~~~~~~~^~~~~~~~~~~~~
In file included from /home/meng/mDetectRobot/turtlebot3_ws/src/cspc_lidar/sdk/serial_port.h:4,
                 from /home/meng/mDetectRobot/turtlebot3_ws/src/cspc_lidar/sdk/lidar_data_processing.cpp:7:
/home/meng/mDetectRobot/turtlebot3_ws/src/cspc_lidar/sdk/lidar_information.h:144:12: note: at offset 8 into destination object ‘node_packages::package_Head’ of size 2
  144 |   uint16_t package_Head;
      |            ^~~~~~~~~~~~
/home/meng/mDetectRobot/turtlebot3_ws/src/cspc_lidar/sdk/lidar_information.h:132:12: note: at offset 8 into destination object ‘node_package::package_Head’ of size 2
  132 |   uint16_t package_Head;
      |            ^~~~~~~~~~~~
/home/meng/mDetectRobot/turtlebot3_ws/src/cspc_lidar/sdk/lidar_data_processing.cpp:651:34: warning: writing 1 byte into a region of size 0 [-Wstringop-overflow=]
  651 |         packageBuffer[recvPos++] = currentByte;
      |         ~~~~~~~~~~~~~~~~~~~~~~~~~^~~~~~~~~~~~~
In file included from /home/meng/mDetectRobot/turtlebot3_ws/src/cspc_lidar/sdk/serial_port.h:4,
                 from /home/meng/mDetectRobot/turtlebot3_ws/src/cspc_lidar/sdk/lidar_data_processing.cpp:7:
/home/meng/mDetectRobot/turtlebot3_ws/src/cspc_lidar/sdk/lidar_information.h:144:12: note: at offset 9 into destination object ‘node_packages::package_Head’ of size 2
  144 |   uint16_t package_Head;
      |            ^~~~~~~~~~~~
/home/meng/mDetectRobot/turtlebot3_ws/src/cspc_lidar/sdk/lidar_information.h:132:12: note: at offset 9 into destination object ‘node_package::package_Head’ of size 2
  132 |   uint16_t package_Head;
      |            ^~~~~~~~~~~~
/home/meng/mDetectRobot/turtlebot3_ws/src/cspc_lidar/sdk/calibration.cpp: In function ‘void fitting_line(pcloud_t&)’:
/home/meng/mDetectRobot/turtlebot3_ws/src/cspc_lidar/sdk/calibration.cpp:530:11: warning: ‘point_record2._point_::index’ may be used uninitialized in this function [-Wmaybe-uninitialized]
  530 |   point_t point_record2;
      |           ^~~~~~~~~~~~~
/home/meng/mDetectRobot/turtlebot3_ws/src/cspc_lidar/sdk/calibration.cpp:529:11: warning: ‘point_record1._point_::index’ may be used uninitialized in this function [-Wmaybe-uninitialized]
  529 |   point_t point_record1;
      |           ^~~~~~~~~~~~~
[100%] Linking CXX executable cspc_lidar
[100%] Built target cspc_lidar
-- Install configuration: "Release"
-- Installing: /home/meng/mDetectRobot/turtlebot3_ws/install/cspc_lidar/lib/cspc_lidar/cspc_lidar
-- Set runtime path of "/home/meng/mDetectRobot/turtlebot3_ws/install/cspc_lidar/lib/cspc_lidar/cspc_lidar" to ""
-- Up-to-date: /home/meng/mDetectRobot/turtlebot3_ws/install/cspc_lidar/share/cspc_lidar/launch
-- Up-to-date: /home/meng/mDetectRobot/turtlebot3_ws/install/cspc_lidar/share/cspc_lidar/launch/cspc_lidar.launch.py
-- Up-to-date: /home/meng/mDetectRobot/turtlebot3_ws/install/cspc_lidar/share/cspc_lidar/params
-- Up-to-date: /home/meng/mDetectRobot/turtlebot3_ws/install/cspc_lidar/share/cspc_lidar/params/cspc_lidar.yaml
-- Up-to-date: /home/meng/mDetectRobot/turtlebot3_ws/install/cspc_lidar/share/ament_index/resource_index/package_run_dependencies/cspc_lidar
-- Up-to-date: /home/meng/mDetectRobot/turtlebot3_ws/install/cspc_lidar/share/ament_index/resource_index/parent_prefix_path/cspc_lidar
-- Up-to-date: /home/meng/mDetectRobot/turtlebot3_ws/install/cspc_lidar/share/cspc_lidar/environment/ament_prefix_path.sh
-- Installing: /home/meng/mDetectRobot/turtlebot3_ws/install/cspc_lidar/share/cspc_lidar/environment/ament_prefix_path.dsv
-- Up-to-date: /home/meng/mDetectRobot/turtlebot3_ws/install/cspc_lidar/share/cspc_lidar/environment/path.sh
-- Installing: /home/meng/mDetectRobot/turtlebot3_ws/install/cspc_lidar/share/cspc_lidar/environment/path.dsv
-- Up-to-date: /home/meng/mDetectRobot/turtlebot3_ws/install/cspc_lidar/share/cspc_lidar/local_setup.bash
-- Up-to-date: /home/meng/mDetectRobot/turtlebot3_ws/install/cspc_lidar/share/cspc_lidar/local_setup.sh
-- Up-to-date: /home/meng/mDetectRobot/turtlebot3_ws/install/cspc_lidar/share/cspc_lidar/local_setup.zsh
-- Installing: /home/meng/mDetectRobot/turtlebot3_ws/install/cspc_lidar/share/cspc_lidar/local_setup.dsv
-- Installing: /home/meng/mDetectRobot/turtlebot3_ws/install/cspc_lidar/share/cspc_lidar/package.dsv
-- Up-to-date: /home/meng/mDetectRobot/turtlebot3_ws/install/cspc_lidar/share/ament_index/resource_index/packages/cspc_lidar
-- Up-to-date: /home/meng/mDetectRobot/turtlebot3_ws/install/cspc_lidar/share/cspc_lidar/cmake/cspc_lidarConfig.cmake
-- Up-to-date: /home/meng/mDetectRobot/turtlebot3_ws/install/cspc_lidar/share/cspc_lidar/cmake/cspc_lidarConfig-version.cmake
-- Up-to-date: /home/meng/mDetectRobot/turtlebot3_ws/install/cspc_lidar/share/cspc_lidar/package.xml
