[0.173s] Invoking command in '/home/meng/mDetectRobot/turtlebot3_ws/build/cspc_lidar': CMAKE_PREFIX_PATH=${CMAKE_PREFIX_PATH}:/home/meng/mdetect_ws/install/mdetect_navigation:/opt/ros/humble /usr/bin/cmake --build /home/meng/mDetectRobot/turtlebot3_ws/build/cspc_lidar -- -j20 -l20
[0.222s] Consolidate compiler generated dependencies of target cspc_lidar
[0.234s] [ 11%] Building CXX object CMakeFiles/cspc_lidar.dir/src/node_lidar_ros.cpp.o
[5.822s] [ 22%] Linking CXX executable cspc_lidar
[6.108s] [100%] Built target cspc_lidar
[6.116s] Invoked command in '/home/meng/mDetectRobot/turtlebot3_ws/build/cspc_lidar' returned '0': CMAKE_PREFIX_PATH=${CMAKE_PREFIX_PATH}:/home/meng/mdetect_ws/install/mdetect_navigation:/opt/ros/humble /usr/bin/cmake --build /home/meng/mDetectRobot/turtlebot3_ws/build/cspc_lidar -- -j20 -l20
[6.126s] Invoking command in '/home/meng/mDetectRobot/turtlebot3_ws/build/cspc_lidar': CMAKE_PREFIX_PATH=${CMAKE_PREFIX_PATH}:/home/meng/mdetect_ws/install/mdetect_navigation:/opt/ros/humble /usr/bin/cmake --install /home/meng/mDetectRobot/turtlebot3_ws/build/cspc_lidar
[6.133s] -- Install configuration: ""
[6.133s] -- Installing: /home/meng/mDetectRobot/turtlebot3_ws/install/cspc_lidar/lib/cspc_lidar/cspc_lidar
[6.138s] -- Set runtime path of "/home/meng/mDetectRobot/turtlebot3_ws/install/cspc_lidar/lib/cspc_lidar/cspc_lidar" to ""
[6.139s] -- Up-to-date: /home/meng/mDetectRobot/turtlebot3_ws/install/cspc_lidar/share/cspc_lidar/launch
[6.139s] -- Up-to-date: /home/meng/mDetectRobot/turtlebot3_ws/install/cspc_lidar/share/cspc_lidar/launch/cspc_lidar.launch.py
[6.139s] -- Up-to-date: /home/meng/mDetectRobot/turtlebot3_ws/install/cspc_lidar/share/cspc_lidar/params
[6.139s] -- Up-to-date: /home/meng/mDetectRobot/turtlebot3_ws/install/cspc_lidar/share/cspc_lidar/params/cspc_lidar.yaml
[6.139s] -- Up-to-date: /home/meng/mDetectRobot/turtlebot3_ws/install/cspc_lidar/share/ament_index/resource_index/package_run_dependencies/cspc_lidar
[6.139s] -- Up-to-date: /home/meng/mDetectRobot/turtlebot3_ws/install/cspc_lidar/share/ament_index/resource_index/parent_prefix_path/cspc_lidar
[6.139s] -- Up-to-date: /home/meng/mDetectRobot/turtlebot3_ws/install/cspc_lidar/share/cspc_lidar/environment/ament_prefix_path.sh
[6.139s] -- Up-to-date: /home/meng/mDetectRobot/turtlebot3_ws/install/cspc_lidar/share/cspc_lidar/environment/ament_prefix_path.dsv
[6.139s] -- Up-to-date: /home/meng/mDetectRobot/turtlebot3_ws/install/cspc_lidar/share/cspc_lidar/environment/path.sh
[6.139s] -- Up-to-date: /home/meng/mDetectRobot/turtlebot3_ws/install/cspc_lidar/share/cspc_lidar/environment/path.dsv
[6.139s] -- Up-to-date: /home/meng/mDetectRobot/turtlebot3_ws/install/cspc_lidar/share/cspc_lidar/local_setup.bash
[6.139s] -- Up-to-date: /home/meng/mDetectRobot/turtlebot3_ws/install/cspc_lidar/share/cspc_lidar/local_setup.sh
[6.139s] -- Up-to-date: /home/meng/mDetectRobot/turtlebot3_ws/install/cspc_lidar/share/cspc_lidar/local_setup.zsh
[6.139s] -- Up-to-date: /home/meng/mDetectRobot/turtlebot3_ws/install/cspc_lidar/share/cspc_lidar/local_setup.dsv
[6.139s] -- Installing: /home/meng/mDetectRobot/turtlebot3_ws/install/cspc_lidar/share/cspc_lidar/package.dsv
[6.139s] -- Up-to-date: /home/meng/mDetectRobot/turtlebot3_ws/install/cspc_lidar/share/ament_index/resource_index/packages/cspc_lidar
[6.140s] -- Up-to-date: /home/meng/mDetectRobot/turtlebot3_ws/install/cspc_lidar/share/cspc_lidar/cmake/cspc_lidarConfig.cmake
[6.140s] -- Up-to-date: /home/meng/mDetectRobot/turtlebot3_ws/install/cspc_lidar/share/cspc_lidar/cmake/cspc_lidarConfig-version.cmake
[6.140s] -- Up-to-date: /home/meng/mDetectRobot/turtlebot3_ws/install/cspc_lidar/share/cspc_lidar/package.xml
[6.141s] Invoked command in '/home/meng/mDetectRobot/turtlebot3_ws/build/cspc_lidar' returned '0': CMAKE_PREFIX_PATH=${CMAKE_PREFIX_PATH}:/home/meng/mdetect_ws/install/mdetect_navigation:/opt/ros/humble /usr/bin/cmake --install /home/meng/mDetectRobot/turtlebot3_ws/build/cspc_lidar
