/home/meng/mDetectRobot/install/arduino_bridge/lib/python3.10/site-packages/arduino_bridge/__init__.py
/home/meng/mDetectRobot/install/arduino_bridge/lib/python3.10/site-packages/arduino_bridge/arduino_bridge_node.py
/home/meng/mDetectRobot/install/arduino_bridge/lib/python3.10/site-packages/arduino_bridge/__pycache__/__init__.cpython-310.pyc
/home/meng/mDetectRobot/install/arduino_bridge/lib/python3.10/site-packages/arduino_bridge/__pycache__/arduino_bridge_node.cpython-310.pyc
/home/meng/mDetectRobot/install/arduino_bridge/share/ament_index/resource_index/packages/arduino_bridge
/home/meng/mDetectRobot/install/arduino_bridge/share/arduino_bridge/package.xml
/home/meng/mDetectRobot/install/arduino_bridge/share/arduino_bridge/launch/robot.launch.py
/home/meng/mDetectRobot/install/arduino_bridge/share/arduino_bridge/launch/arduino_bridge.launch.py
/home/meng/mDetectRobot/install/arduino_bridge/share/arduino_bridge/launch/workstation.launch.py
/home/meng/mDetectRobot/install/arduino_bridge/share/arduino_bridge/param/slam_params.yaml
/home/meng/mDetectRobot/install/arduino_bridge/share/arduino_bridge/param/arduino_bridge.yaml
/home/meng/mDetectRobot/install/arduino_bridge/share/arduino_bridge/param/nav2_params.yaml
/home/meng/mDetectRobot/install/arduino_bridge/lib/arduino_bridge/arduino_bridge_node
/home/meng/mDetectRobot/install/arduino_bridge/lib/python3.10/site-packages/arduino_bridge-0.1.0-py3.10.egg-info/entry_points.txt
/home/meng/mDetectRobot/install/arduino_bridge/lib/python3.10/site-packages/arduino_bridge-0.1.0-py3.10.egg-info/zip-safe
/home/meng/mDetectRobot/install/arduino_bridge/lib/python3.10/site-packages/arduino_bridge-0.1.0-py3.10.egg-info/dependency_links.txt
/home/meng/mDetectRobot/install/arduino_bridge/lib/python3.10/site-packages/arduino_bridge-0.1.0-py3.10.egg-info/top_level.txt
/home/meng/mDetectRobot/install/arduino_bridge/lib/python3.10/site-packages/arduino_bridge-0.1.0-py3.10.egg-info/requires.txt
/home/meng/mDetectRobot/install/arduino_bridge/lib/python3.10/site-packages/arduino_bridge-0.1.0-py3.10.egg-info/PKG-INFO
/home/meng/mDetectRobot/install/arduino_bridge/lib/python3.10/site-packages/arduino_bridge-0.1.0-py3.10.egg-info/SOURCES.txt
/home/meng/mDetectRobot/install/arduino_bridge/bin/arduino_bridge_node
